interactions:
- request:
    body: null
    headers:
      Accept:
      - application/json
      Accept-Encoding:
      - gzip, deflate
      Connection:
      - keep-alive
    method: GET
    uri: /hub/api/
  response:
    body:
      string: '{"version": "5.2.1"}'
    headers:
      Connection:
      - keep-alive
      Content-Type:
      - application/json
      access-control-allow-headers:
      - accept, content-type, authorization
      x-jupyterhub-version:
      - 5.2.1
    status:
      code: 200
      message: OK
- request:
    body: null
    headers:
      Accept:
      - application/json
      Accept-Encoding:
      - gzip, deflate
      Connection:
      - keep-alive
    method: GET
    uri: /hub/api/
  response:
    body:
      string: '{"version": "5.2.1"}'
    headers:
      Connection:
      - keep-alive
      Content-Type:
      - application/json
      access-control-allow-headers:
      - accept, content-type, authorization
      x-jupyterhub-version:
      - 5.2.1
    status:
      code: 200
      message: OK
- request:
    body: null
    headers:
      Accept:
      - application/json
      Accept-Encoding:
      - gzip, deflate
      Connection:
      - keep-alive
    method: GET
    uri: /hub/api/user
  response:
    body:
      string: '{"name": "test-user-uniqid", "server": "/user/test-user-uniqid/"}'
    headers:
      Connection:
      - keep-alive
      Content-Type:
      - application/json
      access-control-allow-headers:
      - accept, content-type, authorization
      x-jupyterhub-version:
      - 5.2.1
    status:
      code: 200
      message: OK
- request:
    body: null
    headers:
      Accept:
      - application/json
      Accept-Encoding:
      - gzip, deflate
      Connection:
      - keep-alive
    method: GET
    uri: /user/test-user-uniqid/impact/api/users/me
  response:
    body:
      string: '{"data": {"id": "test-user-uniqid", "username": "test-user", "firstName":
        null, "lastName": null, "email": "test-user@modelon.com", "license": "impact-pro",
        "roles": ["impact-editor", "offline_access", "impact-viewer", "uma_authorization",
        "default-roles-modelon", "impact-pro", "impact-executor", "impact-workspace-publisher"],
        "tenant": {"id": "org1", "groupName": "impact-tenant-org1"}}}'
    headers:
      Connection:
      - keep-alive
      Content-Type:
      - application/json
    status:
      code: 200
      message: OK
- request:
    body: null
    headers:
      Accept:
      - application/json
      Accept-Encoding:
      - gzip, deflate
      Connection:
      - keep-alive
    method: GET
    uri: /user/test-user-uniqid/impact/api/
  response:
    body:
      string: '{"version": "4.24.0"}'
    headers:
      Connection:
      - keep-alive
      Content-Type:
      - application/json; charset=utf-8
      Vary:
      - Accept-Encoding
    status:
      code: 200
      message: OK
- request:
    body: null
    headers:
      Accept:
      - application/json
      Accept-Encoding:
      - gzip, deflate
      Connection:
      - keep-alive
    method: GET
    uri: /user/test-user-uniqid/impact/api/users/me
  response:
    body:
      string: '{"data": {"id": "test-user-uniqid", "username": "test-user", "firstName":
        null, "lastName": null, "email": "test-user@modelon.com", "license": "impact-pro",
        "roles": ["impact-editor", "offline_access", "impact-viewer", "uma_authorization",
        "default-roles-modelon", "impact-pro", "impact-executor", "impact-workspace-publisher"],
        "tenant": {"id": "org1", "groupName": "impact-tenant-org1"}}}'
    headers:
      Connection:
      - keep-alive
      Content-Type:
      - application/json
    status:
      code: 200
      message: OK
- request:
    body: null
    headers:
      Accept:
      - application/json
      Accept-Encoding:
      - gzip, deflate
      Connection:
      - keep-alive
    method: GET
    uri: /user/test-user-uniqid/impact/api/workspaces
  response:
    body:
      string: '{"data": {"items": []}}'
    headers:
      Connection:
      - keep-alive
      Content-Type:
      - application/json; charset=utf-8
      Vary:
      - Accept-Encoding
    status:
      code: 200
      message: OK
- request:
    body: '{"new": {"name": "impact-python-client-workspace1"}}'
    headers:
      Accept:
      - application/json
      Accept-Encoding:
      - gzip, deflate
      Connection:
      - keep-alive
      Content-Length:
      - '52'
      Content-Type:
      - application/json
    method: POST
    uri: /user/test-user-uniqid/impact/api/workspaces
  response:
    body:
      string: '{"definition": {"name": "impact-python-client-workspace1", "description":
        "", "defaultProjectId": "9d0866f65c08529df9a63813201c5d8059188040", "projects":
        [{"reference": {"id": "9d0866f65c08529df9a63813201c5d8059188040"}, "disabled":
        false, "disabledContent": []}], "dependencies": [{"reference": {"id": "fec43f77925949bd7e7c0f10ac49ebc1189dc840",
        "name": "Modelica", "version": "3.2.3"}, "disabled": true, "disabledContent":
        []}, {"reference": {"id": "ac04a5da97bc2e11bffb7f41b2485da347846df6", "name":
        "Modelica", "version": "4.0.0"}, "disabled": false, "disabledContent": []}],
        "format": "1.0.0", "guid": "12894259caea42bc85b1f569b49c643d", "createdBy":
        "test-user-uniqid", "createdAt": 1740061211189}, "id": "impact-python-client-workspace1",
        "conversion": {"state": "UP_TO_DATE"}}'
    headers:
      Connection:
      - keep-alive
      Content-Type:
      - application/json; charset=utf-8
      Vary:
      - Accept-Encoding
    status:
      code: 200
      message: OK
- request:
    body: null
    headers:
      Accept:
      - application/json
      Accept-Encoding:
      - gzip, deflate
      Connection:
      - keep-alive
    method: GET
    uri: /user/test-user-uniqid/impact/api/workspaces/impact-python-client-workspace1/custom-functions/dynamic
  response:
    body:
      string: '{"name": "dynamic", "version": "0.0.1", "description": "Performs a
        dynamic simulation", "can_initialize_from": false, "kind": "EXECUTOR", "parameters":
        [{"name": "start_time", "type": "Number", "description": "The start time of
        the simulation", "optional": false, "defaultValue": 0}, {"name": "final_time",
        "type": "Number", "description": "The final time of the simulation", "optional":
        false, "defaultValue": 1}, {"name": "interval", "type": "Number", "description":
        "The time resolution for the result grid, default is based on solver settings",
        "optional": true, "defaultValue": 0}]}'
    headers:
      Connection:
      - keep-alive
      Content-Type:
      - application/json; charset=utf-8
      Vary:
      - Accept-Encoding
    status:
      code: 200
      message: OK
- request:
    body: null
    headers:
      Accept:
      - application/json
      Accept-Encoding:
      - gzip, deflate
      Connection:
      - keep-alive
    method: GET
    uri: /user/test-user-uniqid/impact/api/workspaces/impact-python-client-workspace1
  response:
    body:
      string: '{"definition": {"name": "impact-python-client-workspace1", "description":
        "", "defaultProjectId": "9d0866f65c08529df9a63813201c5d8059188040", "projects":
        [{"reference": {"id": "9d0866f65c08529df9a63813201c5d8059188040"}, "disabled":
        false, "disabledContent": []}], "dependencies": [{"reference": {"id": "fec43f77925949bd7e7c0f10ac49ebc1189dc840",
        "name": "Modelica", "version": "3.2.3"}, "disabled": true, "disabledContent":
        []}, {"reference": {"id": "ac04a5da97bc2e11bffb7f41b2485da347846df6", "name":
        "Modelica", "version": "4.0.0"}, "disabled": false, "disabledContent": []}],
        "format": "1.0.0", "guid": "12894259caea42bc85b1f569b49c643d", "createdBy":
        "test-user-uniqid", "createdAt": 1740061211189}, "id": "impact-python-client-workspace1",
        "conversion": {"state": "UP_TO_DATE"}}'
    headers:
      Connection:
      - keep-alive
      Content-Type:
      - application/json; charset=utf-8
      Vary:
      - Accept-Encoding
    status:
      code: 200
      message: OK
- request:
    body: null
    headers:
      Accept:
      - application/json
      Accept-Encoding:
      - gzip, deflate
      Connection:
      - keep-alive
    method: GET
    uri: /user/test-user-uniqid/impact/api/projects/9d0866f65c08529df9a63813201c5d8059188040
  response:
    body:
      string: '{"id": "9d0866f65c08529df9a63813201c5d8059188040", "definition": {"name":
        "Project", "format": "1.0.0", "dependencies": [{"name": "Modelica", "versionSpecifier":
        "4.0.0"}], "content": [{"relpath": "Resources/Views", "contentType": "VIEWS",
        "defaultDisabled": false, "id": "e437cc08a5fe4c71840bcdf871293e71"}, {"relpath":
        "Resources/Favorites", "contentType": "FAVORITES", "defaultDisabled": false,
        "id": "39028533e3fb446ca17da620f8f7ff63"}, {"relpath": "Resources/CustomFunctions",
        "contentType": "CUSTOM_FUNCTIONS", "defaultDisabled": false, "id": "bcb7622132014cf1bc5e3e39c1efa63e"},
        {"relpath": "Resources/Custom", "contentType": "GENERIC", "defaultDisabled":
        false, "id": "b6d6dfbb865f4badaf3fb473a5d68e30"}, {"relpath": "ReferenceResults",
        "contentType": "REFERENCE_RESULTS", "defaultDisabled": false, "id": "bc5493b857cb41b880fef1365d8f486c"},
        {"relpath": "Resources/ExperimentDefinitions", "contentType": "EXPERIMENT_DEFINITIONS",
        "defaultDisabled": false, "id": "982f0e2a3fea4c78867dd89d355f3977"}], "executionOptions":
        []}, "projectType": "LOCAL", "storageLocation": "USERSPACE"}'
    headers:
      Connection:
      - keep-alive
      Content-Type:
      - application/json; charset=utf-8
      Vary:
      - Accept-Encoding
    status:
      code: 200
      message: OK
- request:
    body: null
    headers:
      Accept:
      - application/json
      Accept-Encoding:
      - gzip, deflate
      Connection:
      - keep-alive
    method: GET
    uri: /user/test-user-uniqid/impact/api/workspaces/impact-python-client-workspace1/custom-functions/dynamic/options
  response:
    body:
      string: '{"compiler": {"c_compiler": "gcc", "generate_html_diagnostics": false,
        "include_protected_variables": false}, "runtime": {}, "simulation": {"ncp":
        500, "dynamic_diagnostics": false}, "solver": {}}'
    headers:
      Connection:
      - keep-alive
      Content-Type:
      - application/json; charset=utf-8
      Vary:
      - Accept-Encoding
    status:
      code: 200
      message: OK
- request:
    body: null
    headers:
      Accept:
      - application/json
      Accept-Encoding:
      - gzip, deflate
      Connection:
      - keep-alive
    method: GET
    uri: /user/test-user-uniqid/impact/api/workspaces/impact-python-client-workspace1/custom-functions/dynamic/options
  response:
    body:
      string: '{"compiler": {"c_compiler": "gcc", "generate_html_diagnostics": false,
        "include_protected_variables": false}, "runtime": {}, "simulation": {"ncp":
        500, "dynamic_diagnostics": false}, "solver": {}}'
    headers:
      Connection:
      - keep-alive
      Content-Type:
      - application/json; charset=utf-8
      Vary:
      - Accept-Encoding
    status:
      code: 200
      message: OK
- request:
    body: null
    headers:
      Accept:
      - application/json
      Accept-Encoding:
      - gzip, deflate
      Connection:
      - keep-alive
    method: GET
    uri: /user/test-user-uniqid/impact/api/workspaces/impact-python-client-workspace1/custom-functions/dynamic/options
  response:
    body:
      string: '{"compiler": {"c_compiler": "gcc", "generate_html_diagnostics": false,
        "include_protected_variables": false}, "runtime": {}, "simulation": {"ncp":
        500, "dynamic_diagnostics": false}, "solver": {}}'
    headers:
      Connection:
      - keep-alive
      Content-Type:
      - application/json; charset=utf-8
      Vary:
      - Accept-Encoding
    status:
      code: 200
      message: OK
- request:
    body: null
    headers:
      Accept:
      - application/json
      Accept-Encoding:
      - gzip, deflate
      Connection:
      - keep-alive
    method: GET
    uri: /user/test-user-uniqid/impact/api/workspaces/impact-python-client-workspace1/custom-functions/dynamic/options
  response:
    body:
      string: '{"compiler": {"c_compiler": "gcc", "generate_html_diagnostics": false,
        "include_protected_variables": false}, "runtime": {}, "simulation": {"ncp":
        500, "dynamic_diagnostics": false}, "solver": {}}'
    headers:
      Connection:
      - keep-alive
      Content-Type:
      - application/json; charset=utf-8
      Vary:
      - Accept-Encoding
    status:
      code: 200
      message: OK
- request:
    body: '{"experiment": {"version": 3, "base": {"model": {"modelica": {"className":
      "Modelica.Blocks.Examples.PID_Controller", "compilerOptions": {"c_compiler":
      "gcc", "generate_html_diagnostics": false, "include_protected_variables": false},
      "runtimeOptions": {}, "compilerLogLevel": "warning", "fmiTarget": "me", "fmiVersion":
      "2.0", "platform": "auto"}}, "modifiers": {"variables": []}, "analysis": {"type":
      "dynamic", "parameters": [{"name": "start_time", "value": 0.0}, {"name": "final_time",
      "value": 2.5}, {"name": "interval", "value": 0}], "simulationOptions": {"ncp":
      500, "dynamic_diagnostics": false}, "solverOptions": {}, "simulationLogLevel":
      "WARNING"}, "expansion": {"algorithm": "FULLFACTORIAL"}}, "extensions": []}}'
    headers:
      Accept:
      - application/json
      Accept-Encoding:
      - gzip, deflate
      Connection:
      - keep-alive
      Content-Length:
      - '723'
      Content-type:
      - application/vnd.impact.experiment.v3+json
    method: POST
    uri: /user/test-user-uniqid/impact/api/workspaces/impact-python-client-workspace1/experiments
  response:
    body:
      string: '{"experiment_id": "modelica_blocks_examples_pid_controller_20250220_142011_fbccf1f"}'
    headers:
      Connection:
      - keep-alive
      Content-Type:
      - application/json; charset=utf-8
      Vary:
      - Accept-Encoding
    status:
      code: 200
      message: OK
- request:
    body: null
    headers:
      Accept:
      - application/json
      Accept-Encoding:
      - gzip, deflate
      Connection:
      - keep-alive
      Content-Length:
      - '0'
    method: POST
    uri: /user/test-user-uniqid/impact/api/workspaces/impact-python-client-workspace1/experiments/modelica_blocks_examples_pid_controller_20250220_142011_fbccf1f/execution
  response:
    body:
      string: ''
    headers:
      Connection:
      - keep-alive
      Content-Type:
      - application/json; charset=utf-8
      Vary:
      - Accept-Encoding
    status:
      code: 200
      message: OK
- request:
    body: null
    headers:
      Accept:
      - application/json
      Accept-Encoding:
      - gzip, deflate
      Connection:
      - keep-alive
    method: GET
    uri: /user/test-user-uniqid/impact/api/workspaces/impact-python-client-workspace1/experiments/modelica_blocks_examples_pid_controller_20250220_142011_fbccf1f/execution
  response:
    body:
      string: '{"finished_executions": 0, "total_executions": 1, "status": "running",
        "progresses": [{"message": "Simulating", "percentage": 0.0, "done": false,
        "stage": "compilation"}]}'
    headers:
      Connection:
      - keep-alive
      Content-Type:
      - application/json; charset=utf-8
      Vary:
      - Accept-Encoding
    status:
      code: 200
      message: OK
- request:
    body: null
    headers:
      Accept:
      - application/json
      Accept-Encoding:
      - gzip, deflate
      Connection:
      - keep-alive
    method: GET
    uri: /user/test-user-uniqid/impact/api/workspaces/impact-python-client-workspace1/experiments/modelica_blocks_examples_pid_controller_20250220_142011_fbccf1f/execution
  response:
    body:
      string: '{"finished_executions": 0, "total_executions": 1, "status": "running",
        "progresses": [{"message": "Simulating", "percentage": 0.0, "done": false,
        "stage": "compilation"}]}'
    headers:
      Connection:
      - keep-alive
      Content-Type:
      - application/json; charset=utf-8
      Vary:
      - Accept-Encoding
    status:
      code: 200
      message: OK
- request:
    body: null
    headers:
      Accept:
      - application/json
      Accept-Encoding:
      - gzip, deflate
      Connection:
      - keep-alive
    method: GET
    uri: /user/test-user-uniqid/impact/api/workspaces/impact-python-client-workspace1/experiments/modelica_blocks_examples_pid_controller_20250220_142011_fbccf1f/execution
  response:
    body:
      string: '{"finished_executions": 0, "total_executions": 1, "status": "running",
        "progresses": [{"message": "Simulating", "percentage": 0.0, "done": false,
        "stage": "compilation"}]}'
    headers:
      Connection:
      - keep-alive
      Content-Type:
      - application/json; charset=utf-8
      Vary:
      - Accept-Encoding
    status:
      code: 200
      message: OK
- request:
    body: null
    headers:
      Accept:
      - application/json
      Accept-Encoding:
      - gzip, deflate
      Connection:
      - keep-alive
    method: GET
    uri: /user/test-user-uniqid/impact/api/workspaces/impact-python-client-workspace1/experiments/modelica_blocks_examples_pid_controller_20250220_142011_fbccf1f/execution
  response:
    body:
      string: '{"finished_executions": 0, "total_executions": 1, "status": "running",
        "progresses": [{"message": "Simulating", "percentage": 0.0, "done": false,
        "stage": "compilation"}]}'
    headers:
      Connection:
      - keep-alive
      Content-Type:
      - application/json; charset=utf-8
      Vary:
      - Accept-Encoding
    status:
      code: 200
      message: OK
- request:
    body: null
    headers:
      Accept:
      - application/json
      Accept-Encoding:
      - gzip, deflate
      Connection:
      - keep-alive
    method: GET
    uri: /user/test-user-uniqid/impact/api/workspaces/impact-python-client-workspace1/experiments/modelica_blocks_examples_pid_controller_20250220_142011_fbccf1f/execution
  response:
    body:
      string: '{"finished_executions": 0, "total_executions": 1, "status": "running",
        "progresses": [{"message": "Simulating", "percentage": 0.0, "done": false,
        "stage": "compilation"}]}'
    headers:
      Connection:
      - keep-alive
      Content-Type:
      - application/json; charset=utf-8
      Vary:
      - Accept-Encoding
    status:
      code: 200
      message: OK
- request:
    body: null
    headers:
      Accept:
      - application/json
      Accept-Encoding:
      - gzip, deflate
      Connection:
      - keep-alive
    method: GET
    uri: /user/test-user-uniqid/impact/api/workspaces/impact-python-client-workspace1/experiments/modelica_blocks_examples_pid_controller_20250220_142011_fbccf1f/execution
  response:
    body:
      string: '{"finished_executions": 0, "total_executions": 1, "status": "running",
        "progresses": [{"message": "Simulating", "percentage": 0.0, "done": false,
        "stage": "compilation"}]}'
    headers:
      Connection:
      - keep-alive
      Content-Type:
      - application/json; charset=utf-8
      Vary:
      - Accept-Encoding
    status:
      code: 200
      message: OK
- request:
    body: null
    headers:
      Accept:
      - application/json
      Accept-Encoding:
      - gzip, deflate
      Connection:
      - keep-alive
    method: GET
    uri: /user/test-user-uniqid/impact/api/workspaces/impact-python-client-workspace1/experiments/modelica_blocks_examples_pid_controller_20250220_142011_fbccf1f/execution
  response:
    body:
      string: '{"finished_executions": 0, "total_executions": 1, "status": "running",
        "progresses": [{"message": "Simulating", "percentage": 0.0, "done": false,
        "stage": "compilation"}]}'
    headers:
      Connection:
      - keep-alive
      Content-Type:
      - application/json; charset=utf-8
      Vary:
      - Accept-Encoding
    status:
      code: 200
      message: OK
- request:
    body: null
    headers:
      Accept:
      - application/json
      Accept-Encoding:
      - gzip, deflate
      Connection:
      - keep-alive
    method: GET
    uri: /user/test-user-uniqid/impact/api/workspaces/impact-python-client-workspace1/experiments/modelica_blocks_examples_pid_controller_20250220_142011_fbccf1f/execution
  response:
    body:
      string: '{"finished_executions": 0, "total_executions": 1, "status": "running",
        "progresses": [{"message": "Simulating", "percentage": 0.0, "done": false,
        "stage": "compilation"}]}'
    headers:
      Connection:
      - keep-alive
      Content-Type:
      - application/json; charset=utf-8
      Vary:
      - Accept-Encoding
    status:
      code: 200
      message: OK
- request:
    body: null
    headers:
      Accept:
      - application/json
      Accept-Encoding:
      - gzip, deflate
      Connection:
      - keep-alive
    method: GET
    uri: /user/test-user-uniqid/impact/api/workspaces/impact-python-client-workspace1/experiments/modelica_blocks_examples_pid_controller_20250220_142011_fbccf1f/execution
  response:
    body:
      string: '{"finished_executions": 0, "total_executions": 1, "status": "running",
        "progresses": [{"message": "Simulating", "percentage": 0.0, "done": false,
        "stage": "compilation"}]}'
    headers:
      Connection:
      - keep-alive
      Content-Type:
      - application/json; charset=utf-8
      Vary:
      - Accept-Encoding
    status:
      code: 200
      message: OK
- request:
    body: null
    headers:
      Accept:
      - application/json
      Accept-Encoding:
      - gzip, deflate
      Connection:
      - keep-alive
    method: GET
    uri: /user/test-user-uniqid/impact/api/workspaces/impact-python-client-workspace1/experiments/modelica_blocks_examples_pid_controller_20250220_142011_fbccf1f/execution
  response:
    body:
      string: '{"finished_executions": 0, "total_executions": 1, "status": "running",
        "progresses": [{"message": "Simulating", "percentage": 0.0, "done": false,
        "stage": "compilation"}]}'
    headers:
      Connection:
      - keep-alive
      Content-Type:
      - application/json; charset=utf-8
      Vary:
      - Accept-Encoding
    status:
      code: 200
      message: OK
- request:
    body: null
    headers:
      Accept:
      - application/json
      Accept-Encoding:
      - gzip, deflate
      Connection:
      - keep-alive
    method: GET
    uri: /user/test-user-uniqid/impact/api/workspaces/impact-python-client-workspace1/experiments/modelica_blocks_examples_pid_controller_20250220_142011_fbccf1f/execution
  response:
    body:
      string: '{"finished_executions": 2, "total_executions": 2, "status": "done",
        "progresses": [{"message": "Simulating", "percentage": 0.0, "done": true,
        "stage": "compilation"}, {"message": "Simulation at time 2.5", "percentage":
        1.0, "done": true, "stage": "simulation"}]}'
    headers:
      Connection:
      - keep-alive
      Content-Type:
      - application/json; charset=utf-8
      Vary:
      - Accept-Encoding
    status:
      code: 200
      message: OK
- request:
    body: null
    headers:
      Accept:
      - application/json
      Accept-Encoding:
      - gzip, deflate
      Connection:
      - keep-alive
    method: GET
    uri: /user/test-user-uniqid/impact/api/workspaces/impact-python-client-workspace1/experiments/modelica_blocks_examples_pid_controller_20250220_142011_fbccf1f/execution
  response:
    body:
      string: '{"finished_executions": 2, "total_executions": 2, "status": "done",
        "progresses": [{"message": "Simulating", "percentage": 0.0, "done": true,
        "stage": "compilation"}, {"message": "Simulation at time 2.5", "percentage":
        1.0, "done": true, "stage": "simulation"}]}'
    headers:
      Connection:
      - keep-alive
      Content-Type:
      - application/json; charset=utf-8
      Vary:
      - Accept-Encoding
    status:
      code: 200
      message: OK
- request:
    body: null
    headers:
      Accept:
      - application/json
      Accept-Encoding:
      - gzip, deflate
      Connection:
      - keep-alive
    method: GET
    uri: /user/test-user-uniqid/impact/api/workspaces/impact-python-client-workspace1/experiments/modelica_blocks_examples_pid_controller_20250220_142011_fbccf1f/execution
  response:
    body:
      string: '{"finished_executions": 2, "total_executions": 2, "status": "done",
        "progresses": [{"message": "Simulating", "percentage": 0.0, "done": true,
        "stage": "compilation"}, {"message": "Simulation at time 2.5", "percentage":
        1.0, "done": true, "stage": "simulation"}]}'
    headers:
      Connection:
      - keep-alive
      Content-Type:
      - application/json; charset=utf-8
      Vary:
      - Accept-Encoding
    status:
      code: 200
      message: OK
- request:
    body: null
    headers:
      Accept:
      - application/vnd.impact.cases.v2+json
      Accept-Encoding:
      - gzip, deflate
      Connection:
      - keep-alive
    method: GET
    uri: /user/test-user-uniqid/impact/api/workspaces/impact-python-client-workspace1/experiments/modelica_blocks_examples_pid_controller_20250220_142011_fbccf1f/cases/case_1
  response:
    body:
      string: '{"id": "case_1", "input": {"version": 2, "fmuId": "modelica_blocks_examples_pid_controller_20250220_142011_491ed21",
        "analysis": {"type": "dynamic", "simulationOptions": {"ncp": 500, "dynamic_diagnostics":
        false}, "solverOptions": {}, "simulationLogLevel": "WARNING", "parameters":
        [{"name": "start_time", "value": 0.0}, {"name": "final_time", "value": 2.5},
        {"name": "interval", "value": 0}]}, "initializeFromCase": null, "initializeFromExternalResult":
        null, "parametrization": [], "structuralParametrization": [], "fmuBaseParametrization":
        []}, "meta": {"label": null, "orchestrator": false}, "run_info": {"status":
        "successful", "datetime_started": 1740061214625, "consistent": true, "datetime_finished":
        1740061214681}}'
    headers:
      Connection:
      - keep-alive
      Content-Type:
      - application/json; charset=utf-8
      Vary:
      - Accept-Encoding
    status:
      code: 200
      message: OK
- request:
    body: null
    headers:
      Accept:
      - application/json
      Accept-Encoding:
      - gzip, deflate
      Connection:
      - keep-alive
    method: GET
    uri: /user/test-user-uniqid/impact/api/workspaces/impact-python-client-workspace1/custom-functions/dynamic/options
  response:
    body:
      string: '{"compiler": {"c_compiler": "gcc", "generate_html_diagnostics": false,
        "include_protected_variables": false}, "runtime": {}, "simulation": {"ncp":
        500, "dynamic_diagnostics": false}, "solver": {}}'
    headers:
      Connection:
      - keep-alive
      Content-Type:
      - application/json; charset=utf-8
      Vary:
      - Accept-Encoding
    status:
      code: 200
      message: OK
- request:
    body: null
    headers:
      Accept:
      - application/vnd.impact.cases.v2+json
      Accept-Encoding:
      - gzip, deflate
      Connection:
      - keep-alive
    method: GET
    uri: /user/test-user-uniqid/impact/api/workspaces/impact-python-client-workspace1/experiments/modelica_blocks_examples_pid_controller_20250220_142011_fbccf1f/cases
  response:
    body:
      string: '{"data": {"items": [{"id": "case_1", "input": {"version": 2, "fmuId":
        "modelica_blocks_examples_pid_controller_20250220_142011_491ed21", "analysis":
        {"type": "dynamic", "simulationOptions": {"ncp": 500, "dynamic_diagnostics":
        false}, "solverOptions": {}, "simulationLogLevel": "WARNING", "parameters":
        [{"name": "start_time", "value": 0.0}, {"name": "final_time", "value": 2.5},
        {"name": "interval", "value": 0}]}, "initializeFromCase": null, "initializeFromExternalResult":
        null, "parametrization": [], "structuralParametrization": [], "fmuBaseParametrization":
        []}, "meta": {"label": null, "orchestrator": false}, "run_info": {"status":
        "successful", "datetime_started": 1740061214625, "consistent": true, "datetime_finished":
        1740061214681}}]}}'
    headers:
      Connection:
      - keep-alive
      Content-Type:
      - application/json; charset=utf-8
      Vary:
      - Accept-Encoding
    status:
      code: 200
      message: OK
- request:
    body: null
    headers:
      Accept:
      - application/vnd.impact.cases.v2+json
      Accept-Encoding:
      - gzip, deflate
      Connection:
      - keep-alive
    method: GET
    uri: /user/test-user-uniqid/impact/api/workspaces/impact-python-client-workspace1/experiments/modelica_blocks_examples_pid_controller_20250220_142011_fbccf1f/cases
  response:
    body:
      string: '{"data": {"items": [{"id": "case_1", "input": {"version": 2, "fmuId":
        "modelica_blocks_examples_pid_controller_20250220_142011_491ed21", "analysis":
        {"type": "dynamic", "simulationOptions": {"ncp": 500, "dynamic_diagnostics":
        false}, "solverOptions": {}, "simulationLogLevel": "WARNING", "parameters":
        [{"name": "start_time", "value": 0.0}, {"name": "final_time", "value": 2.5},
        {"name": "interval", "value": 0}]}, "initializeFromCase": null, "initializeFromExternalResult":
        null, "parametrization": [], "structuralParametrization": [], "fmuBaseParametrization":
        []}, "meta": {"label": null, "orchestrator": false}, "run_info": {"status":
        "successful", "datetime_started": 1740061214625, "consistent": true, "datetime_finished":
        1740061214681}}]}}'
    headers:
      Connection:
      - keep-alive
      Content-Type:
      - application/json; charset=utf-8
      Vary:
      - Accept-Encoding
    status:
      code: 200
      message: OK
- request:
    body: null
    headers:
      Accept:
      - application/vnd.impact.cases.v2+json
      Accept-Encoding:
      - gzip, deflate
      Connection:
      - keep-alive
    method: GET
    uri: /user/test-user-uniqid/impact/api/workspaces/impact-python-client-workspace1/experiments/modelica_blocks_examples_pid_controller_20250220_142011_fbccf1f/cases
  response:
    body:
      string: '{"data": {"items": [{"id": "case_1", "input": {"version": 2, "fmuId":
        "modelica_blocks_examples_pid_controller_20250220_142011_491ed21", "analysis":
        {"type": "dynamic", "simulationOptions": {"ncp": 500, "dynamic_diagnostics":
        false}, "solverOptions": {}, "simulationLogLevel": "WARNING", "parameters":
        [{"name": "start_time", "value": 0.0}, {"name": "final_time", "value": 2.5},
        {"name": "interval", "value": 0}]}, "initializeFromCase": null, "initializeFromExternalResult":
        null, "parametrization": [], "structuralParametrization": [], "fmuBaseParametrization":
        []}, "meta": {"label": null, "orchestrator": false}, "run_info": {"status":
        "successful", "datetime_started": 1740061214625, "consistent": true, "datetime_finished":
        1740061214681}}]}}'
    headers:
      Connection:
      - keep-alive
      Content-Type:
      - application/json; charset=utf-8
      Vary:
      - Accept-Encoding
    status:
      code: 200
      message: OK
- request:
    body: '{"experiment": {"version": 3, "base": {"model": {"modelica": {"className":
      "Modelica.Blocks.Examples.PID_Controller", "compilerOptions": {"c_compiler":
      "gcc", "generate_html_diagnostics": false, "include_protected_variables": false},
      "runtimeOptions": {}, "compilerLogLevel": "warning", "fmiTarget": "me", "fmiVersion":
      "2.0", "platform": "auto"}}, "modifiers": {"variables": [{"kind": "uniform",
      "name": "PI.k", "start": 100.0, "end": 200.0}, {"kind": "value", "name": "PI.Ti",
      "value": 0.2, "dataType": "REAL"}, {"kind": "value", "name": "PI.homotopyType",
      "value": "Modelica.Blocks.Types.LimiterHomotopy.NoHomotopy", "dataType": "ENUMERATION"}],
      "initializeFrom": "modelica_blocks_examples_pid_controller_20250220_142011_fbccf1f"},
      "analysis": {"type": "dynamic", "parameters": [{"name": "start_time", "value":
      0.0}, {"name": "final_time", "value": 2.5}, {"name": "interval", "value": 0}],
      "simulationOptions": {"ncp": 500, "dynamic_diagnostics": false}, "solverOptions":
      {}, "simulationLogLevel": "WARNING"}, "expansion": {"algorithm": "SOBOL", "parameters":
      {"samples": 5}}}, "extensions": [{"modifiers": {"initializeFromCase": {"caseId":
      "case_1", "experimentId": "modelica_blocks_examples_pid_controller_20250220_142011_fbccf1f"}},
      "caseData": [{"label": "Cruise condition 1"}]}, {"analysis": {"parameters":
      [{"name": "start_time", "value": 0.0}, {"name": "final_time", "value": 4.0}],
      "solverOptions": {"atol": 1e-08}, "simulationOptions": {"ncp": 500, "dynamic_diagnostics":
      false}}, "modifiers": {"initializeFrom": "modelica_blocks_examples_pid_controller_20250220_142011_fbccf1f"},
      "caseData": [{"label": "Cruise condition 2"}]}, {"modifiers": {"variables":
      [{"kind": "value", "name": "inertia1.J", "value": 3, "dataType": "INTEGER"}]}}]}}'
    headers:
      Accept:
      - application/json
      Accept-Encoding:
      - gzip, deflate
      Connection:
      - keep-alive
      Content-Length:
      - '1750'
      Content-type:
      - application/vnd.impact.experiment.v3+json
    method: POST
    uri: /user/test-user-uniqid/impact/api/workspaces/impact-python-client-workspace1/experiments
  response:
    body:
      string: '{"experiment_id": "modelica_blocks_examples_pid_controller_20250220_142015_5ba6a5d"}'
    headers:
      Connection:
      - keep-alive
      Content-Type:
      - application/json; charset=utf-8
      Vary:
      - Accept-Encoding
    status:
      code: 200
      message: OK
- request:
    body: null
    headers:
      Accept:
      - application/vnd.impact.experiment.v3+json
      Accept-Encoding:
      - gzip, deflate
      Connection:
      - keep-alive
    method: GET
    uri: /user/test-user-uniqid/impact/api/workspaces/impact-python-client-workspace1/experiments/modelica_blocks_examples_pid_controller_20250220_142015_5ba6a5d
  response:
    body:
      string: '{"id": "modelica_blocks_examples_pid_controller_20250220_142015_5ba6a5d",
        "experiment": {"version": 3, "base": {"model": {"modelica": {"className":
        "Modelica.Blocks.Examples.PID_Controller", "compilerOptions": {"c_compiler":
        "gcc", "generate_html_diagnostics": false, "include_protected_variables":
        false}, "runtimeOptions": {}, "compilerLogLevel": "warning", "fmiTarget":
        "me", "fmiVersion": "2.0", "platform": "auto"}}, "analysis": {"parameters":
        [{"name": "start_time", "value": 0.0}, {"name": "final_time", "value": 2.5},
        {"name": "interval", "value": 0}], "simulationOptions": {"ncp": 500, "dynamic_diagnostics":
        false}, "solverOptions": {}, "type": "dynamic", "simulationLogLevel": "WARNING"},
        "modifiers": {"variables": [{"kind": "uniform", "start": 100.0, "end": 200.0,
        "name": "PI.k"}, {"kind": "value", "dataType": "REAL", "name": "PI.Ti", "value":
        0.2}, {"kind": "value", "dataType": "ENUMERATION", "name": "PI.homotopyType",
        "value": "Modelica.Blocks.Types.LimiterHomotopy.NoHomotopy"}], "initializeFrom":
        "modelica_blocks_examples_pid_controller_20250220_142011_fbccf1f"}, "expansion":
        {"algorithm": "SOBOL", "parameters": {"samples": 5}}}, "extensions": [{"modifiers":
        {"variables": [], "initializeFromCase": {"experimentId": "modelica_blocks_examples_pid_controller_20250220_142011_fbccf1f",
        "caseId": "case_1"}}, "caseData": [{"label": "Cruise condition 1"}], "analysis":
        {"parameters": [], "simulationOptions": {}, "solverOptions": {}}}, {"modifiers":
        {"variables": [], "initializeFrom": "modelica_blocks_examples_pid_controller_20250220_142011_fbccf1f"},
        "caseData": [{"label": "Cruise condition 2"}], "analysis": {"parameters":
        [{"name": "start_time", "value": 0.0}, {"name": "final_time", "value": 4.0}],
        "simulationOptions": {"ncp": 500, "dynamic_diagnostics": false}, "solverOptions":
        {"atol": 1e-08}}}, {"modifiers": {"variables": [{"kind": "value", "dataType":
        "INTEGER", "name": "inertia1.J", "value": 3}]}, "caseData": [], "analysis":
        {"parameters": [], "simulationOptions": {}, "solverOptions": {}}}]}, "meta_data":
        {"created_epoch": 1740061215, "experiment_hash": "166f9f845f0d924f07530882c55549e0",
        "label": "", "model_names": ["Modelica.Blocks.Examples.PID_Controller"]},
        "run_info": {"status": "not_started", "failed": 0, "successful": 0, "cancelled":
        0, "not_started": 0}}'
    headers:
      Connection:
      - keep-alive
      Content-Type:
      - application/json; charset=utf-8
      Transfer-Encoding:
      - chunked
      Vary:
      - Accept-Encoding
      content-length:
      - '2304'
    status:
      code: 200
      message: OK
- request:
    body: null
    headers:
      Accept:
      - application/vnd.impact.experiment.v3+json
      Accept-Encoding:
      - gzip, deflate
      Connection:
      - keep-alive
    method: GET
    uri: /user/test-user-uniqid/impact/api/workspaces/impact-python-client-workspace1/experiments/modelica_blocks_examples_pid_controller_20250220_142015_5ba6a5d
  response:
    body:
      string: '{"id": "modelica_blocks_examples_pid_controller_20250220_142015_5ba6a5d",
        "experiment": {"version": 3, "base": {"model": {"modelica": {"className":
        "Modelica.Blocks.Examples.PID_Controller", "compilerOptions": {"c_compiler":
        "gcc", "generate_html_diagnostics": false, "include_protected_variables":
        false}, "runtimeOptions": {}, "compilerLogLevel": "warning", "fmiTarget":
        "me", "fmiVersion": "2.0", "platform": "auto"}}, "analysis": {"parameters":
        [{"name": "start_time", "value": 0.0}, {"name": "final_time", "value": 2.5},
        {"name": "interval", "value": 0}], "simulationOptions": {"ncp": 500, "dynamic_diagnostics":
        false}, "solverOptions": {}, "type": "dynamic", "simulationLogLevel": "WARNING"},
        "modifiers": {"variables": [{"kind": "uniform", "start": 100.0, "end": 200.0,
        "name": "PI.k"}, {"kind": "value", "dataType": "REAL", "name": "PI.Ti", "value":
        0.2}, {"kind": "value", "dataType": "ENUMERATION", "name": "PI.homotopyType",
        "value": "Modelica.Blocks.Types.LimiterHomotopy.NoHomotopy"}], "initializeFrom":
        "modelica_blocks_examples_pid_controller_20250220_142011_fbccf1f"}, "expansion":
        {"algorithm": "SOBOL", "parameters": {"samples": 5}}}, "extensions": [{"modifiers":
        {"variables": [], "initializeFromCase": {"experimentId": "modelica_blocks_examples_pid_controller_20250220_142011_fbccf1f",
        "caseId": "case_1"}}, "caseData": [{"label": "Cruise condition 1"}], "analysis":
        {"parameters": [], "simulationOptions": {}, "solverOptions": {}}}, {"modifiers":
        {"variables": [], "initializeFrom": "modelica_blocks_examples_pid_controller_20250220_142011_fbccf1f"},
        "caseData": [{"label": "Cruise condition 2"}], "analysis": {"parameters":
        [{"name": "start_time", "value": 0.0}, {"name": "final_time", "value": 4.0}],
        "simulationOptions": {"ncp": 500, "dynamic_diagnostics": false}, "solverOptions":
        {"atol": 1e-08}}}, {"modifiers": {"variables": [{"kind": "value", "dataType":
        "INTEGER", "name": "inertia1.J", "value": 3}]}, "caseData": [], "analysis":
        {"parameters": [], "simulationOptions": {}, "solverOptions": {}}}]}, "meta_data":
        {"created_epoch": 1740061215, "experiment_hash": "166f9f845f0d924f07530882c55549e0",
        "label": "", "model_names": ["Modelica.Blocks.Examples.PID_Controller"]},
        "run_info": {"status": "not_started", "failed": 0, "successful": 0, "cancelled":
        0, "not_started": 0}}'
    headers:
      Connection:
      - keep-alive
      Content-Type:
      - application/json; charset=utf-8
      Transfer-Encoding:
      - chunked
      Vary:
      - Accept-Encoding
      content-length:
      - '2304'
    status:
      code: 200
      message: OK
- request:
    body: null
    headers:
      Accept:
      - application/json
      Accept-Encoding:
      - gzip, deflate
      Connection:
      - keep-alive
    method: GET
    uri: /user/test-user-uniqid/impact/api/workspaces/impact-python-client-workspace1/custom-functions/dynamic
  response:
    body:
      string: '{"name": "dynamic", "version": "0.0.1", "description": "Performs a
        dynamic simulation", "can_initialize_from": false, "kind": "EXECUTOR", "parameters":
        [{"name": "start_time", "type": "Number", "description": "The start time of
        the simulation", "optional": false, "defaultValue": 0}, {"name": "final_time",
        "type": "Number", "description": "The final time of the simulation", "optional":
        false, "defaultValue": 1}, {"name": "interval", "type": "Number", "description":
        "The time resolution for the result grid, default is based on solver settings",
        "optional": true, "defaultValue": 0}]}'
    headers:
      Connection:
      - keep-alive
      Content-Type:
      - application/json; charset=utf-8
      Vary:
      - Accept-Encoding
    status:
      code: 200
      message: OK
- request:
    body: null
    headers:
      Accept:
      - application/vnd.impact.experiment.v3+json
      Accept-Encoding:
      - gzip, deflate
      Connection:
      - keep-alive
    method: GET
    uri: /user/test-user-uniqid/impact/api/workspaces/impact-python-client-workspace1/experiments/modelica_blocks_examples_pid_controller_20250220_142011_fbccf1f
  response:
    body:
      string: '{"id": "modelica_blocks_examples_pid_controller_20250220_142011_fbccf1f",
        "experiment": {"version": 3, "base": {"model": {"modelica": {"className":
        "Modelica.Blocks.Examples.PID_Controller", "compilerOptions": {"c_compiler":
        "gcc", "generate_html_diagnostics": false, "include_protected_variables":
        false}, "runtimeOptions": {}, "compilerLogLevel": "warning", "fmiTarget":
        "me", "fmiVersion": "2.0", "platform": "auto"}}, "analysis": {"parameters":
        [{"name": "start_time", "value": 0.0}, {"name": "final_time", "value": 2.5},
        {"name": "interval", "value": 0}], "simulationOptions": {"ncp": 500, "dynamic_diagnostics":
        false}, "solverOptions": {}, "type": "dynamic", "simulationLogLevel": "WARNING"},
        "modifiers": {"variables": []}, "expansion": {"algorithm": "FULLFACTORIAL"}},
        "extensions": []}, "meta_data": {"created_epoch": 1740061211, "experiment_hash":
        "2572e58979b0d481c6b028f78443882b", "label": "", "model_names": ["Modelica.Blocks.Examples.PID_Controller"]},
        "run_info": {"status": "done", "datetime_started": 1740061211625, "datetime_finished":
        1740061214718, "failed": 0, "successful": 1, "cancelled": 0, "not_started":
        0}}'
    headers:
      Connection:
      - keep-alive
      Content-Type:
      - application/json; charset=utf-8
      Transfer-Encoding:
      - chunked
      Vary:
      - Accept-Encoding
      content-length:
      - '1135'
    status:
      code: 200
      message: OK
- request:
    body: null
    headers:
      Accept:
      - application/vnd.impact.cases.v2+json
      Accept-Encoding:
      - gzip, deflate
      Connection:
      - keep-alive
    method: GET
    uri: /user/test-user-uniqid/impact/api/workspaces/impact-python-client-workspace1/experiments/modelica_blocks_examples_pid_controller_20250220_142011_fbccf1f/cases/case_1
  response:
    body:
      string: '{"id": "case_1", "input": {"version": 2, "fmuId": "modelica_blocks_examples_pid_controller_20250220_142011_491ed21",
        "analysis": {"type": "dynamic", "simulationOptions": {"ncp": 500, "dynamic_diagnostics":
        false}, "solverOptions": {}, "simulationLogLevel": "WARNING", "parameters":
        [{"name": "start_time", "value": 0.0}, {"name": "final_time", "value": 2.5},
        {"name": "interval", "value": 0}]}, "initializeFromCase": null, "initializeFromExternalResult":
        null, "parametrization": [], "structuralParametrization": [], "fmuBaseParametrization":
        []}, "meta": {"label": null, "orchestrator": false}, "run_info": {"status":
        "successful", "datetime_started": 1740061214625, "consistent": true, "datetime_finished":
        1740061214681}}'
    headers:
      Connection:
      - keep-alive
      Content-Type:
      - application/json; charset=utf-8
      Vary:
      - Accept-Encoding
    status:
      code: 200
      message: OK
- request:
    body: null
    headers:
      Accept:
      - application/vnd.impact.experiment.v3+json
      Accept-Encoding:
      - gzip, deflate
      Connection:
      - keep-alive
    method: GET
    uri: /user/test-user-uniqid/impact/api/workspaces/impact-python-client-workspace1/experiments/modelica_blocks_examples_pid_controller_20250220_142011_fbccf1f
  response:
    body:
      string: '{"id": "modelica_blocks_examples_pid_controller_20250220_142011_fbccf1f",
        "experiment": {"version": 3, "base": {"model": {"modelica": {"className":
        "Modelica.Blocks.Examples.PID_Controller", "compilerOptions": {"c_compiler":
        "gcc", "generate_html_diagnostics": false, "include_protected_variables":
        false}, "runtimeOptions": {}, "compilerLogLevel": "warning", "fmiTarget":
        "me", "fmiVersion": "2.0", "platform": "auto"}}, "analysis": {"parameters":
        [{"name": "start_time", "value": 0.0}, {"name": "final_time", "value": 2.5},
        {"name": "interval", "value": 0}], "simulationOptions": {"ncp": 500, "dynamic_diagnostics":
        false}, "solverOptions": {}, "type": "dynamic", "simulationLogLevel": "WARNING"},
        "modifiers": {"variables": []}, "expansion": {"algorithm": "FULLFACTORIAL"}},
        "extensions": []}, "meta_data": {"created_epoch": 1740061211, "experiment_hash":
        "2572e58979b0d481c6b028f78443882b", "label": "", "model_names": ["Modelica.Blocks.Examples.PID_Controller"]},
        "run_info": {"status": "done", "datetime_started": 1740061211625, "datetime_finished":
        1740061214718, "failed": 0, "successful": 1, "cancelled": 0, "not_started":
        0}}'
    headers:
      Connection:
      - keep-alive
      Content-Type:
      - application/json; charset=utf-8
      Transfer-Encoding:
      - chunked
      Vary:
      - Accept-Encoding
      content-length:
      - '1135'
    status:
      code: 200
      message: OK
- request:
    body: null
    headers:
      Accept:
      - application/vnd.impact.cases.v2+json
      Accept-Encoding:
      - gzip, deflate
      Connection:
      - keep-alive
    method: GET
    uri: /user/test-user-uniqid/impact/api/workspaces/impact-python-client-workspace1/experiments/modelica_blocks_examples_pid_controller_20250220_142011_fbccf1f/cases
  response:
    body:
      string: '{"data": {"items": [{"id": "case_1", "input": {"version": 2, "fmuId":
        "modelica_blocks_examples_pid_controller_20250220_142011_491ed21", "analysis":
        {"type": "dynamic", "simulationOptions": {"ncp": 500, "dynamic_diagnostics":
        false}, "solverOptions": {}, "simulationLogLevel": "WARNING", "parameters":
        [{"name": "start_time", "value": 0.0}, {"name": "final_time", "value": 2.5},
        {"name": "interval", "value": 0}]}, "initializeFromCase": null, "initializeFromExternalResult":
        null, "parametrization": [], "structuralParametrization": [], "fmuBaseParametrization":
        []}, "meta": {"label": null, "orchestrator": false}, "run_info": {"status":
        "successful", "datetime_started": 1740061214625, "consistent": true, "datetime_finished":
        1740061214681}}]}}'
    headers:
      Connection:
      - keep-alive
      Content-Type:
      - application/json; charset=utf-8
      Vary:
      - Accept-Encoding
    status:
      code: 200
      message: OK
- request:
    body: null
    headers:
      Accept:
      - application/vnd.impact.cases.v2+json
      Accept-Encoding:
      - gzip, deflate
      Connection:
      - keep-alive
    method: GET
    uri: /user/test-user-uniqid/impact/api/workspaces/impact-python-client-workspace1/experiments/modelica_blocks_examples_pid_controller_20250220_142011_fbccf1f/cases
  response:
    body:
      string: '{"data": {"items": [{"id": "case_1", "input": {"version": 2, "fmuId":
        "modelica_blocks_examples_pid_controller_20250220_142011_491ed21", "analysis":
        {"type": "dynamic", "simulationOptions": {"ncp": 500, "dynamic_diagnostics":
        false}, "solverOptions": {}, "simulationLogLevel": "WARNING", "parameters":
        [{"name": "start_time", "value": 0.0}, {"name": "final_time", "value": 2.5},
        {"name": "interval", "value": 0}]}, "initializeFromCase": null, "initializeFromExternalResult":
        null, "parametrization": [], "structuralParametrization": [], "fmuBaseParametrization":
        []}, "meta": {"label": null, "orchestrator": false}, "run_info": {"status":
        "successful", "datetime_started": 1740061214625, "consistent": true, "datetime_finished":
        1740061214681}}]}}'
    headers:
      Connection:
      - keep-alive
      Content-Type:
      - application/json; charset=utf-8
      Vary:
      - Accept-Encoding
    status:
      code: 200
      message: OK
- request:
    body: null
    headers:
      Accept:
      - application/vnd.impact.cases.v2+json
      Accept-Encoding:
      - gzip, deflate
      Connection:
      - keep-alive
    method: GET
    uri: /user/test-user-uniqid/impact/api/workspaces/impact-python-client-workspace1/experiments/modelica_blocks_examples_pid_controller_20250220_142011_fbccf1f/cases
  response:
    body:
      string: '{"data": {"items": [{"id": "case_1", "input": {"version": 2, "fmuId":
        "modelica_blocks_examples_pid_controller_20250220_142011_491ed21", "analysis":
        {"type": "dynamic", "simulationOptions": {"ncp": 500, "dynamic_diagnostics":
        false}, "solverOptions": {}, "simulationLogLevel": "WARNING", "parameters":
        [{"name": "start_time", "value": 0.0}, {"name": "final_time", "value": 2.5},
        {"name": "interval", "value": 0}]}, "initializeFromCase": null, "initializeFromExternalResult":
        null, "parametrization": [], "structuralParametrization": [], "fmuBaseParametrization":
        []}, "meta": {"label": null, "orchestrator": false}, "run_info": {"status":
        "successful", "datetime_started": 1740061214625, "consistent": true, "datetime_finished":
        1740061214681}}]}}'
    headers:
      Connection:
      - keep-alive
      Content-Type:
      - application/json; charset=utf-8
      Vary:
      - Accept-Encoding
    status:
      code: 200
      message: OK
- request:
    body: '{"experiment": {"version": 3, "base": {"model": {"modelica": {"className":
      "Modelica.Blocks.Examples.PID_Controller", "compilerOptions": {"c_compiler":
      "gcc", "generate_html_diagnostics": false, "include_protected_variables": false},
      "runtimeOptions": {}, "compilerLogLevel": "warning", "fmiTarget": "me", "fmiVersion":
      "2.0", "platform": "auto"}}, "modifiers": {"variables": [{"kind": "uniform",
      "name": "PI.k", "start": 100.0, "end": 200.0}, {"kind": "value", "name": "PI.Ti",
      "value": 0.2, "dataType": "REAL"}, {"kind": "value", "name": "PI.homotopyType",
      "value": "Modelica.Blocks.Types.LimiterHomotopy.NoHomotopy", "dataType": "ENUMERATION"}],
      "initializeFromCase": {"caseId": "case_1", "experimentId": "modelica_blocks_examples_pid_controller_20250220_142011_fbccf1f"}},
      "analysis": {"type": "dynamic", "parameters": [{"name": "start_time", "value":
      0.0}, {"name": "final_time", "value": 2.5}, {"name": "interval", "value": 0}],
      "simulationOptions": {"ncp": 500, "dynamic_diagnostics": false}, "solverOptions":
      {}, "simulationLogLevel": "WARNING"}, "expansion": {"algorithm": "LATINHYPERCUBE",
      "parameters": {"samples": 5, "seed": 2}}}, "extensions": [{"modifiers": {"initializeFromCase":
      {"caseId": "case_1", "experimentId": "modelica_blocks_examples_pid_controller_20250220_142011_fbccf1f"}},
      "caseData": [{"label": "Cruise condition 1"}]}, {"analysis": {"parameters":
      [{"name": "start_time", "value": 0.0}, {"name": "final_time", "value": 4.0}],
      "solverOptions": {"atol": 1e-08}, "simulationOptions": {"ncp": 500, "dynamic_diagnostics":
      false}}, "modifiers": {"initializeFrom": "modelica_blocks_examples_pid_controller_20250220_142011_fbccf1f"},
      "caseData": [{"label": "Cruise condition 2"}]}, {"modifiers": {"variables":
      [{"kind": "value", "name": "inertia1.J", "value": 3, "dataType": "INTEGER"}]}}]}}'
    headers:
      Accept:
      - application/json
      Accept-Encoding:
      - gzip, deflate
      Connection:
      - keep-alive
      Content-Length:
      - '1812'
      Content-type:
      - application/vnd.impact.experiment.v3+json
    method: POST
    uri: /user/test-user-uniqid/impact/api/workspaces/impact-python-client-workspace1/experiments
  response:
    body:
      string: '{"experiment_id": "modelica_blocks_examples_pid_controller_20250220_142015_e372807"}'
    headers:
      Connection:
      - keep-alive
      Content-Type:
      - application/json; charset=utf-8
      Vary:
      - Accept-Encoding
    status:
      code: 200
      message: OK
- request:
    body: null
    headers:
      Accept:
      - application/vnd.impact.experiment.v3+json
      Accept-Encoding:
      - gzip, deflate
      Connection:
      - keep-alive
    method: GET
    uri: /user/test-user-uniqid/impact/api/workspaces/impact-python-client-workspace1/experiments/modelica_blocks_examples_pid_controller_20250220_142015_e372807
  response:
    body:
      string: '{"id": "modelica_blocks_examples_pid_controller_20250220_142015_e372807",
        "experiment": {"version": 3, "base": {"model": {"modelica": {"className":
        "Modelica.Blocks.Examples.PID_Controller", "compilerOptions": {"c_compiler":
        "gcc", "generate_html_diagnostics": false, "include_protected_variables":
        false}, "runtimeOptions": {}, "compilerLogLevel": "warning", "fmiTarget":
        "me", "fmiVersion": "2.0", "platform": "auto"}}, "analysis": {"parameters":
        [{"name": "start_time", "value": 0.0}, {"name": "final_time", "value": 2.5},
        {"name": "interval", "value": 0}], "simulationOptions": {"ncp": 500, "dynamic_diagnostics":
        false}, "solverOptions": {}, "type": "dynamic", "simulationLogLevel": "WARNING"},
        "modifiers": {"variables": [{"kind": "uniform", "start": 100.0, "end": 200.0,
        "name": "PI.k"}, {"kind": "value", "dataType": "REAL", "name": "PI.Ti", "value":
        0.2}, {"kind": "value", "dataType": "ENUMERATION", "name": "PI.homotopyType",
        "value": "Modelica.Blocks.Types.LimiterHomotopy.NoHomotopy"}], "initializeFromCase":
        {"experimentId": "modelica_blocks_examples_pid_controller_20250220_142011_fbccf1f",
        "caseId": "case_1"}}, "expansion": {"algorithm": "LATINHYPERCUBE", "parameters":
        {"samples": 5, "seed": 2}}}, "extensions": [{"modifiers": {"variables": [],
        "initializeFromCase": {"experimentId": "modelica_blocks_examples_pid_controller_20250220_142011_fbccf1f",
        "caseId": "case_1"}}, "caseData": [{"label": "Cruise condition 1"}], "analysis":
        {"parameters": [], "simulationOptions": {}, "solverOptions": {}}}, {"modifiers":
        {"variables": [], "initializeFrom": "modelica_blocks_examples_pid_controller_20250220_142011_fbccf1f"},
        "caseData": [{"label": "Cruise condition 2"}], "analysis": {"parameters":
        [{"name": "start_time", "value": 0.0}, {"name": "final_time", "value": 4.0}],
        "simulationOptions": {"ncp": 500, "dynamic_diagnostics": false}, "solverOptions":
        {"atol": 1e-08}}}, {"modifiers": {"variables": [{"kind": "value", "dataType":
        "INTEGER", "name": "inertia1.J", "value": 3}]}, "caseData": [], "analysis":
        {"parameters": [], "simulationOptions": {}, "solverOptions": {}}}]}, "meta_data":
        {"created_epoch": 1740061215, "experiment_hash": "e66a3069d90fb11a13c0b785f41fb059",
        "label": "", "model_names": ["Modelica.Blocks.Examples.PID_Controller"]},
        "run_info": {"status": "not_started", "failed": 0, "successful": 0, "cancelled":
        0, "not_started": 0}}'
    headers:
      Connection:
      - keep-alive
      Content-Type:
      - application/json; charset=utf-8
      Transfer-Encoding:
      - chunked
      Vary:
      - Accept-Encoding
      content-length:
      - '2366'
    status:
      code: 200
      message: OK
- request:
    body: null
    headers:
      Accept:
      - application/vnd.impact.experiment.v3+json
      Accept-Encoding:
      - gzip, deflate
      Connection:
      - keep-alive
    method: GET
    uri: /user/test-user-uniqid/impact/api/workspaces/impact-python-client-workspace1/experiments/modelica_blocks_examples_pid_controller_20250220_142015_e372807
  response:
    body:
      string: '{"id": "modelica_blocks_examples_pid_controller_20250220_142015_e372807",
        "experiment": {"version": 3, "base": {"model": {"modelica": {"className":
        "Modelica.Blocks.Examples.PID_Controller", "compilerOptions": {"c_compiler":
        "gcc", "generate_html_diagnostics": false, "include_protected_variables":
        false}, "runtimeOptions": {}, "compilerLogLevel": "warning", "fmiTarget":
        "me", "fmiVersion": "2.0", "platform": "auto"}}, "analysis": {"parameters":
        [{"name": "start_time", "value": 0.0}, {"name": "final_time", "value": 2.5},
        {"name": "interval", "value": 0}], "simulationOptions": {"ncp": 500, "dynamic_diagnostics":
        false}, "solverOptions": {}, "type": "dynamic", "simulationLogLevel": "WARNING"},
        "modifiers": {"variables": [{"kind": "uniform", "start": 100.0, "end": 200.0,
        "name": "PI.k"}, {"kind": "value", "dataType": "REAL", "name": "PI.Ti", "value":
        0.2}, {"kind": "value", "dataType": "ENUMERATION", "name": "PI.homotopyType",
        "value": "Modelica.Blocks.Types.LimiterHomotopy.NoHomotopy"}], "initializeFromCase":
        {"experimentId": "modelica_blocks_examples_pid_controller_20250220_142011_fbccf1f",
        "caseId": "case_1"}}, "expansion": {"algorithm": "LATINHYPERCUBE", "parameters":
        {"samples": 5, "seed": 2}}}, "extensions": [{"modifiers": {"variables": [],
        "initializeFromCase": {"experimentId": "modelica_blocks_examples_pid_controller_20250220_142011_fbccf1f",
        "caseId": "case_1"}}, "caseData": [{"label": "Cruise condition 1"}], "analysis":
        {"parameters": [], "simulationOptions": {}, "solverOptions": {}}}, {"modifiers":
        {"variables": [], "initializeFrom": "modelica_blocks_examples_pid_controller_20250220_142011_fbccf1f"},
        "caseData": [{"label": "Cruise condition 2"}], "analysis": {"parameters":
        [{"name": "start_time", "value": 0.0}, {"name": "final_time", "value": 4.0}],
        "simulationOptions": {"ncp": 500, "dynamic_diagnostics": false}, "solverOptions":
        {"atol": 1e-08}}}, {"modifiers": {"variables": [{"kind": "value", "dataType":
        "INTEGER", "name": "inertia1.J", "value": 3}]}, "caseData": [], "analysis":
        {"parameters": [], "simulationOptions": {}, "solverOptions": {}}}]}, "meta_data":
        {"created_epoch": 1740061215, "experiment_hash": "e66a3069d90fb11a13c0b785f41fb059",
        "label": "", "model_names": ["Modelica.Blocks.Examples.PID_Controller"]},
        "run_info": {"status": "not_started", "failed": 0, "successful": 0, "cancelled":
        0, "not_started": 0}}'
    headers:
      Connection:
      - keep-alive
      Content-Type:
      - application/json; charset=utf-8
      Transfer-Encoding:
      - chunked
      Vary:
      - Accept-Encoding
      content-length:
      - '2366'
    status:
      code: 200
      message: OK
- request:
    body: null
    headers:
      Accept:
      - application/json
      Accept-Encoding:
      - gzip, deflate
      Connection:
      - keep-alive
    method: GET
    uri: /user/test-user-uniqid/impact/api/workspaces/impact-python-client-workspace1/custom-functions/dynamic
  response:
    body:
      string: '{"name": "dynamic", "version": "0.0.1", "description": "Performs a
        dynamic simulation", "can_initialize_from": false, "kind": "EXECUTOR", "parameters":
        [{"name": "start_time", "type": "Number", "description": "The start time of
        the simulation", "optional": false, "defaultValue": 0}, {"name": "final_time",
        "type": "Number", "description": "The final time of the simulation", "optional":
        false, "defaultValue": 1}, {"name": "interval", "type": "Number", "description":
        "The time resolution for the result grid, default is based on solver settings",
        "optional": true, "defaultValue": 0}]}'
    headers:
      Connection:
      - keep-alive
      Content-Type:
      - application/json; charset=utf-8
      Vary:
      - Accept-Encoding
    status:
      code: 200
      message: OK
- request:
    body: null
    headers:
      Accept:
      - application/vnd.impact.cases.v2+json
      Accept-Encoding:
      - gzip, deflate
      Connection:
      - keep-alive
    method: GET
    uri: /user/test-user-uniqid/impact/api/workspaces/impact-python-client-workspace1/experiments/modelica_blocks_examples_pid_controller_20250220_142011_fbccf1f/cases/case_1
  response:
    body:
      string: '{"id": "case_1", "input": {"version": 2, "fmuId": "modelica_blocks_examples_pid_controller_20250220_142011_491ed21",
        "analysis": {"type": "dynamic", "simulationOptions": {"ncp": 500, "dynamic_diagnostics":
        false}, "solverOptions": {}, "simulationLogLevel": "WARNING", "parameters":
        [{"name": "start_time", "value": 0.0}, {"name": "final_time", "value": 2.5},
        {"name": "interval", "value": 0}]}, "initializeFromCase": null, "initializeFromExternalResult":
        null, "parametrization": [], "structuralParametrization": [], "fmuBaseParametrization":
        []}, "meta": {"label": null, "orchestrator": false}, "run_info": {"status":
        "successful", "datetime_started": 1740061214625, "consistent": true, "datetime_finished":
        1740061214681}}'
    headers:
      Connection:
      - keep-alive
      Content-Type:
      - application/json; charset=utf-8
      Vary:
      - Accept-Encoding
    status:
      code: 200
      message: OK
- request:
    body: null
    headers:
      Accept:
      - application/vnd.impact.cases.v2+json
      Accept-Encoding:
      - gzip, deflate
      Connection:
      - keep-alive
    method: GET
    uri: /user/test-user-uniqid/impact/api/workspaces/impact-python-client-workspace1/experiments/modelica_blocks_examples_pid_controller_20250220_142011_fbccf1f/cases/case_1
  response:
    body:
      string: '{"id": "case_1", "input": {"version": 2, "fmuId": "modelica_blocks_examples_pid_controller_20250220_142011_491ed21",
        "analysis": {"type": "dynamic", "simulationOptions": {"ncp": 500, "dynamic_diagnostics":
        false}, "solverOptions": {}, "simulationLogLevel": "WARNING", "parameters":
        [{"name": "start_time", "value": 0.0}, {"name": "final_time", "value": 2.5},
        {"name": "interval", "value": 0}]}, "initializeFromCase": null, "initializeFromExternalResult":
        null, "parametrization": [], "structuralParametrization": [], "fmuBaseParametrization":
        []}, "meta": {"label": null, "orchestrator": false}, "run_info": {"status":
        "successful", "datetime_started": 1740061214625, "consistent": true, "datetime_finished":
        1740061214681}}'
    headers:
      Connection:
      - keep-alive
      Content-Type:
      - application/json; charset=utf-8
      Vary:
      - Accept-Encoding
    status:
      code: 200
      message: OK
- request:
    body: null
    headers:
      Accept:
      - application/vnd.impact.experiment.v3+json
      Accept-Encoding:
      - gzip, deflate
      Connection:
      - keep-alive
    method: GET
    uri: /user/test-user-uniqid/impact/api/workspaces/impact-python-client-workspace1/experiments/modelica_blocks_examples_pid_controller_20250220_142011_fbccf1f
  response:
    body:
      string: '{"id": "modelica_blocks_examples_pid_controller_20250220_142011_fbccf1f",
        "experiment": {"version": 3, "base": {"model": {"modelica": {"className":
        "Modelica.Blocks.Examples.PID_Controller", "compilerOptions": {"c_compiler":
        "gcc", "generate_html_diagnostics": false, "include_protected_variables":
        false}, "runtimeOptions": {}, "compilerLogLevel": "warning", "fmiTarget":
        "me", "fmiVersion": "2.0", "platform": "auto"}}, "analysis": {"parameters":
        [{"name": "start_time", "value": 0.0}, {"name": "final_time", "value": 2.5},
        {"name": "interval", "value": 0}], "simulationOptions": {"ncp": 500, "dynamic_diagnostics":
        false}, "solverOptions": {}, "type": "dynamic", "simulationLogLevel": "WARNING"},
        "modifiers": {"variables": []}, "expansion": {"algorithm": "FULLFACTORIAL"}},
        "extensions": []}, "meta_data": {"created_epoch": 1740061211, "experiment_hash":
        "2572e58979b0d481c6b028f78443882b", "label": "", "model_names": ["Modelica.Blocks.Examples.PID_Controller"]},
        "run_info": {"status": "done", "datetime_started": 1740061211625, "datetime_finished":
        1740061214718, "failed": 0, "successful": 1, "cancelled": 0, "not_started":
        0}}'
    headers:
      Connection:
      - keep-alive
      Content-Type:
      - application/json; charset=utf-8
      Transfer-Encoding:
      - chunked
      Vary:
      - Accept-Encoding
      content-length:
      - '1135'
    status:
      code: 200
      message: OK
- request:
    body: null
    headers:
      Accept:
      - application/vnd.impact.cases.v2+json
      Accept-Encoding:
      - gzip, deflate
      Connection:
      - keep-alive
    method: GET
    uri: /user/test-user-uniqid/impact/api/workspaces/impact-python-client-workspace1/experiments/modelica_blocks_examples_pid_controller_20250220_142011_fbccf1f/cases
  response:
    body:
      string: '{"data": {"items": [{"id": "case_1", "input": {"version": 2, "fmuId":
        "modelica_blocks_examples_pid_controller_20250220_142011_491ed21", "analysis":
        {"type": "dynamic", "simulationOptions": {"ncp": 500, "dynamic_diagnostics":
        false}, "solverOptions": {}, "simulationLogLevel": "WARNING", "parameters":
        [{"name": "start_time", "value": 0.0}, {"name": "final_time", "value": 2.5},
        {"name": "interval", "value": 0}]}, "initializeFromCase": null, "initializeFromExternalResult":
        null, "parametrization": [], "structuralParametrization": [], "fmuBaseParametrization":
        []}, "meta": {"label": null, "orchestrator": false}, "run_info": {"status":
        "successful", "datetime_started": 1740061214625, "consistent": true, "datetime_finished":
        1740061214681}}]}}'
    headers:
      Connection:
      - keep-alive
      Content-Type:
      - application/json; charset=utf-8
      Vary:
      - Accept-Encoding
    status:
      code: 200
      message: OK
- request:
    body: null
    headers:
      Accept:
      - application/vnd.impact.cases.v2+json
      Accept-Encoding:
      - gzip, deflate
      Connection:
      - keep-alive
    method: GET
    uri: /user/test-user-uniqid/impact/api/workspaces/impact-python-client-workspace1/experiments/modelica_blocks_examples_pid_controller_20250220_142011_fbccf1f/cases
  response:
    body:
      string: '{"data": {"items": [{"id": "case_1", "input": {"version": 2, "fmuId":
        "modelica_blocks_examples_pid_controller_20250220_142011_491ed21", "analysis":
        {"type": "dynamic", "simulationOptions": {"ncp": 500, "dynamic_diagnostics":
        false}, "solverOptions": {}, "simulationLogLevel": "WARNING", "parameters":
        [{"name": "start_time", "value": 0.0}, {"name": "final_time", "value": 2.5},
        {"name": "interval", "value": 0}]}, "initializeFromCase": null, "initializeFromExternalResult":
        null, "parametrization": [], "structuralParametrization": [], "fmuBaseParametrization":
        []}, "meta": {"label": null, "orchestrator": false}, "run_info": {"status":
        "successful", "datetime_started": 1740061214625, "consistent": true, "datetime_finished":
        1740061214681}}]}}'
    headers:
      Connection:
      - keep-alive
      Content-Type:
      - application/json; charset=utf-8
      Vary:
      - Accept-Encoding
    status:
      code: 200
      message: OK
- request:
    body: null
    headers:
      Accept:
      - application/vnd.impact.cases.v2+json
      Accept-Encoding:
      - gzip, deflate
      Connection:
      - keep-alive
    method: GET
    uri: /user/test-user-uniqid/impact/api/workspaces/impact-python-client-workspace1/experiments/modelica_blocks_examples_pid_controller_20250220_142011_fbccf1f/cases
  response:
    body:
      string: '{"data": {"items": [{"id": "case_1", "input": {"version": 2, "fmuId":
        "modelica_blocks_examples_pid_controller_20250220_142011_491ed21", "analysis":
        {"type": "dynamic", "simulationOptions": {"ncp": 500, "dynamic_diagnostics":
        false}, "solverOptions": {}, "simulationLogLevel": "WARNING", "parameters":
        [{"name": "start_time", "value": 0.0}, {"name": "final_time", "value": 2.5},
        {"name": "interval", "value": 0}]}, "initializeFromCase": null, "initializeFromExternalResult":
        null, "parametrization": [], "structuralParametrization": [], "fmuBaseParametrization":
        []}, "meta": {"label": null, "orchestrator": false}, "run_info": {"status":
        "successful", "datetime_started": 1740061214625, "consistent": true, "datetime_finished":
        1740061214681}}]}}'
    headers:
      Connection:
      - keep-alive
      Content-Type:
      - application/json; charset=utf-8
      Vary:
      - Accept-Encoding
    status:
      code: 200
      message: OK
- request:
    body: null
    headers:
      Accept:
      - application/json
      Accept-Encoding:
      - gzip, deflate
      Connection:
      - keep-alive
    method: GET
    uri: /user/test-user-uniqid/impact/api/workspaces
  response:
    body:
      string: '{"data": {"items": [{"definition": {"name": "impact-python-client-workspace1",
        "description": "", "defaultProjectId": "9d0866f65c08529df9a63813201c5d8059188040",
        "projects": [{"reference": {"id": "9d0866f65c08529df9a63813201c5d8059188040"},
        "disabled": false, "disabledContent": []}], "dependencies": [{"reference":
        {"id": "fec43f77925949bd7e7c0f10ac49ebc1189dc840", "name": "Modelica", "version":
        "3.2.3"}, "disabled": true, "disabledContent": []}, {"reference": {"id": "ac04a5da97bc2e11bffb7f41b2485da347846df6",
        "name": "Modelica", "version": "4.0.0"}, "disabled": false, "disabledContent":
        []}], "format": "1.0.0", "guid": "12894259caea42bc85b1f569b49c643d", "createdBy":
        "test-user-uniqid", "createdAt": 1740061211189}, "id": "impact-python-client-workspace1",
        "conversion": {"state": "UP_TO_DATE"}}]}}'
    headers:
      Connection:
      - keep-alive
      Content-Type:
      - application/json; charset=utf-8
      Vary:
      - Accept-Encoding
    status:
      code: 200
      message: OK
- request:
    body: null
    headers:
      Accept:
      - application/json
      Accept-Encoding:
      - gzip, deflate
      Connection:
      - keep-alive
    method: GET
    uri: /user/test-user-uniqid/impact/api/workspaces/impact-python-client-workspace1
  response:
    body:
      string: '{"definition": {"name": "impact-python-client-workspace1", "description":
        "", "defaultProjectId": "9d0866f65c08529df9a63813201c5d8059188040", "projects":
        [{"reference": {"id": "9d0866f65c08529df9a63813201c5d8059188040"}, "disabled":
        false, "disabledContent": []}], "dependencies": [{"reference": {"id": "fec43f77925949bd7e7c0f10ac49ebc1189dc840",
        "name": "Modelica", "version": "3.2.3"}, "disabled": true, "disabledContent":
        []}, {"reference": {"id": "ac04a5da97bc2e11bffb7f41b2485da347846df6", "name":
        "Modelica", "version": "4.0.0"}, "disabled": false, "disabledContent": []}],
        "format": "1.0.0", "guid": "12894259caea42bc85b1f569b49c643d", "createdBy":
        "test-user-uniqid", "createdAt": 1740061211189}, "id": "impact-python-client-workspace1",
        "conversion": {"state": "UP_TO_DATE"}}'
    headers:
      Connection:
      - keep-alive
      Content-Type:
      - application/json; charset=utf-8
      Vary:
      - Accept-Encoding
    status:
      code: 200
      message: OK
- request:
    body: null
    headers:
      Accept:
      - application/json
      Accept-Encoding:
      - gzip, deflate
      Connection:
      - keep-alive
    method: GET
    uri: /user/test-user-uniqid/impact/api/workspaces/impact-python-client-workspace1/projects
  response:
    body:
      string: '{"data": {"items": [{"id": "9d0866f65c08529df9a63813201c5d8059188040",
        "definition": {"name": "Project", "format": "1.0.0", "dependencies": [{"name":
        "Modelica", "versionSpecifier": "4.0.0"}], "content": [{"relpath": "Resources/Views",
        "contentType": "VIEWS", "defaultDisabled": false, "id": "e437cc08a5fe4c71840bcdf871293e71"},
        {"relpath": "Resources/Favorites", "contentType": "FAVORITES", "defaultDisabled":
        false, "id": "39028533e3fb446ca17da620f8f7ff63"}, {"relpath": "Resources/CustomFunctions",
        "contentType": "CUSTOM_FUNCTIONS", "defaultDisabled": false, "id": "bcb7622132014cf1bc5e3e39c1efa63e"},
        {"relpath": "Resources/Custom", "contentType": "GENERIC", "defaultDisabled":
        false, "id": "b6d6dfbb865f4badaf3fb473a5d68e30"}, {"relpath": "ReferenceResults",
        "contentType": "REFERENCE_RESULTS", "defaultDisabled": false, "id": "bc5493b857cb41b880fef1365d8f486c"},
        {"relpath": "Resources/ExperimentDefinitions", "contentType": "EXPERIMENT_DEFINITIONS",
        "defaultDisabled": false, "id": "982f0e2a3fea4c78867dd89d355f3977"}], "executionOptions":
        []}, "projectType": "LOCAL", "storageLocation": "USERSPACE"}]}}'
    headers:
      Connection:
      - keep-alive
      Content-Type:
      - application/json; charset=utf-8
      Transfer-Encoding:
      - chunked
      Vary:
      - Accept-Encoding
      content-length:
      - '1043'
    status:
      code: 200
      message: OK
- request:
    body: null
    headers:
      Accept:
      - application/json
      Accept-Encoding:
      - gzip, deflate
      Connection:
      - keep-alive
      Content-Length:
      - '0'
    method: DELETE
    uri: /user/test-user-uniqid/impact/api/projects/9d0866f65c08529df9a63813201c5d8059188040
  response:
    body:
      string: '{"id": "9d0866f65c08529df9a63813201c5d8059188040", "definition": {"name":
        "Project", "format": "1.0.0", "dependencies": [{"name": "Modelica", "versionSpecifier":
        "4.0.0"}], "content": [{"relpath": "Resources/Views", "contentType": "VIEWS",
        "defaultDisabled": false, "id": "e437cc08a5fe4c71840bcdf871293e71"}, {"relpath":
        "Resources/Favorites", "contentType": "FAVORITES", "defaultDisabled": false,
        "id": "39028533e3fb446ca17da620f8f7ff63"}, {"relpath": "Resources/CustomFunctions",
        "contentType": "CUSTOM_FUNCTIONS", "defaultDisabled": false, "id": "bcb7622132014cf1bc5e3e39c1efa63e"},
        {"relpath": "Resources/Custom", "contentType": "GENERIC", "defaultDisabled":
        false, "id": "b6d6dfbb865f4badaf3fb473a5d68e30"}, {"relpath": "ReferenceResults",
        "contentType": "REFERENCE_RESULTS", "defaultDisabled": false, "id": "bc5493b857cb41b880fef1365d8f486c"},
        {"relpath": "Resources/ExperimentDefinitions", "contentType": "EXPERIMENT_DEFINITIONS",
        "defaultDisabled": false, "id": "982f0e2a3fea4c78867dd89d355f3977"}], "executionOptions":
        []}, "projectType": "LOCAL", "storageLocation": "USERSPACE"}'
    headers:
      Connection:
      - keep-alive
      Content-Type:
      - application/json; charset=utf-8
      Vary:
      - Accept-Encoding
    status:
      code: 200
      message: OK
- request:
    body: null
    headers:
      Accept:
      - application/json
      Accept-Encoding:
      - gzip, deflate
      Connection:
      - keep-alive
      Content-Length:
      - '0'
    method: DELETE
    uri: /user/test-user-uniqid/impact/api/workspaces/impact-python-client-workspace1
  response:
    body:
      string: ''
    headers:
      Connection:
      - keep-alive
      Content-Type:
      - application/json; charset=utf-8
      Vary:
      - Accept-Encoding
    status:
      code: 200
      message: OK
version: 1
