interactions:
- request:
    body: null
    headers:
      Accept:
      - '*/*'
      Accept-Encoding:
      - gzip, deflate
      Connection:
      - keep-alive
    method: GET
    uri: /hub/api/
  response:
    body:
      string: '{"version": "4.0.2"}'
    headers:
      Connection:
      - keep-alive
      Content-Type:
      - application/json
      access-control-allow-headers:
      - accept, content-type, authorization
      x-jupyterhub-version:
      - 4.0.2
    status:
      code: 200
      message: OK
- request:
    body: null
    headers:
      Accept:
      - '*/*'
      Accept-Encoding:
      - gzip, deflate
      Connection:
      - keep-alive
    method: GET
    uri: /hub/api/
  response:
    body:
      string: '{"version": "4.0.2"}'
    headers:
      Connection:
      - keep-alive
      Content-Type:
      - application/json
      access-control-allow-headers:
      - accept, content-type, authorization
      x-jupyterhub-version:
      - 4.0.2
    status:
      code: 200
      message: OK
- request:
    body: null
    headers:
      Accept:
      - '*/*'
      Accept-Encoding:
      - gzip, deflate
      Connection:
      - keep-alive
    method: GET
    uri: /hub/api/user
  response:
    body:
      string: '{"name": "test-user", "server": "/user/test-user/"}'
    headers:
      Connection:
      - keep-alive
      Content-Type:
      - application/json
      access-control-allow-headers:
      - accept, content-type, authorization
      x-jupyterhub-version:
      - 4.0.2
    status:
      code: 200
      message: OK
- request:
    body: null
    headers:
      Accept:
      - '*/*'
      Accept-Encoding:
      - gzip, deflate
      Connection:
      - keep-alive
    method: GET
    uri: /user/test-user/impact/api/users/me
  response:
    body:
      string: '{"data": {"id": "njcswjcjnscksnckjsnckndsk", "username": "test-user",
        "firstName": null, "lastName": null, "email": "test-user@modelon.com", "license":
        "impact-pro", "roles": ["impact-editor", "offline_access", "impact-viewer",
        "uma_authorization", "default-roles-modelon", "impact-pro", "impact-executor",
        "impact-workspace-publisher"], "tenant": {"id": "org1", "groupName": "impact-tenant-org1"}}}'
    headers:
      Connection:
      - keep-alive
      Content-Type:
      - application/json; charset=utf-8
      access-control-allow-headers:
      - '*'
      access-control-allow-methods:
      - POST, PUT, GET, DELETE, OPTIONS
      access-control-allow-origin:
      - '*'
      vary:
      - Accept-Encoding
      x-powered-by:
      - Express
    status:
      code: 200
      message: OK
- request:
    body: null
    headers:
      Accept:
      - '*/*'
      Accept-Encoding:
      - gzip, deflate
      Connection:
      - keep-alive
    method: GET
    uri: /user/test-user/impact/api/
  response:
    body:
      string: ''
    headers:
      Connection:
      - keep-alive
      Content-Type:
      - text/html; charset=UTF-8
      access-control-allow-origin:
      - '*'
      location:
      - /hub/api/oauth2/authorize
      x-content-type-options:
      - nosniff
      x-jupyterhub-version:
      - 4.0.2
    status:
      code: 302
      message: Found
- request:
    body: null
    headers:
      Accept:
      - '*/*'
      Accept-Encoding:
      - gzip, deflate
      Connection:
      - keep-alive
    method: GET
    uri: /hub/api/oauth2/authorize
  response:
    body:
      string: ''
    headers:
      Connection:
      - keep-alive
      Content-Type:
      - text/html
      access-control-allow-headers:
      - accept, content-type, authorization
      location:
      - /hub/login
      x-jupyterhub-version:
      - 4.0.2
    status:
      code: 302
      message: Found
- request:
    body: null
    headers:
      Accept:
      - '*/*'
      Accept-Encoding:
      - gzip, deflate
      Connection:
      - keep-alive
    method: GET
    uri: /hub/login
  response:
    body:
      string: ''
    headers:
      Connection:
      - keep-alive
      Content-Type:
      - text/html
      access-control-allow-headers:
      - accept, content-type, authorization
      location:
      - /hub/api/oauth2/authorize
      x-jupyterhub-version:
      - 4.0.2
    status:
      code: 302
      message: Found
- request:
    body: null
    headers:
      Accept:
      - '*/*'
      Accept-Encoding:
      - gzip, deflate
      Connection:
      - keep-alive
    method: GET
    uri: /hub/api/oauth2/authorize
  response:
    body:
      string: ''
    headers:
      Connection:
      - keep-alive
      Content-Type:
      - text/html
      access-control-allow-headers:
      - accept, content-type, authorization
      location:
      - /user/test-user/oauth_callback
      x-jupyterhub-version:
      - 4.0.2
    status:
      code: 302
      message: Found
- request:
    body: null
    headers:
      Accept:
      - '*/*'
      Accept-Encoding:
      - gzip, deflate
      Connection:
      - keep-alive
    method: GET
    uri: /user/test-user/oauth_callback
  response:
    body:
      string: ''
    headers:
      Connection:
      - keep-alive
      Content-Type:
      - text/html; charset=UTF-8
      access-control-allow-origin:
      - '*'
      location:
      - /user/test-user/impact/api/
      x-content-type-options:
      - nosniff
      x-jupyterhub-version:
      - 4.0.2
    status:
      code: 302
      message: Found
- request:
    body: null
    headers:
      Accept:
      - '*/*'
      Accept-Encoding:
      - gzip, deflate
      Connection:
      - keep-alive
    method: GET
    uri: /user/test-user/impact/api/
  response:
    body:
      string: '{"version": "4.18.0"}'
    headers:
      Connection:
      - keep-alive
      Content-Type:
      - application/json; charset=utf-8
      access-control-allow-headers:
      - '*'
      access-control-allow-methods:
      - POST, PUT, GET, DELETE, OPTIONS
      access-control-allow-origin:
      - '*'
      vary:
      - Accept-Encoding
      x-powered-by:
      - Express
    status:
      code: 200
      message: OK
- request:
    body: null
    headers:
      Accept:
      - '*/*'
      Accept-Encoding:
      - gzip, deflate
      Connection:
      - keep-alive
    method: GET
    uri: /user/test-user/impact/api/users/me
  response:
    body:
      string: '{"data": {"id": "njcswjcjnscksnckjsnckndsk", "username": "test-user",
        "firstName": null, "lastName": null, "email": "test-user@modelon.com", "license":
        "impact-pro", "roles": ["impact-editor", "offline_access", "impact-viewer",
        "uma_authorization", "default-roles-modelon", "impact-pro", "impact-executor",
        "impact-workspace-publisher"], "tenant": {"id": "org1", "groupName": "impact-tenant-org1"}}}'
    headers:
      Connection:
      - keep-alive
      Content-Type:
      - application/json; charset=utf-8
      access-control-allow-headers:
      - '*'
      access-control-allow-methods:
      - POST, PUT, GET, DELETE, OPTIONS
      access-control-allow-origin:
      - '*'
      vary:
      - Accept-Encoding
      x-powered-by:
      - Express
    status:
      code: 200
      message: OK
- request:
    body: null
    headers:
      Accept:
      - '*/*'
      Accept-Encoding:
      - gzip, deflate
      Connection:
      - keep-alive
    method: GET
    uri: /user/test-user/impact/api/workspaces
  response:
    body:
      string: '{"data": {"items": []}}'
    headers:
      Connection:
      - keep-alive
      Content-Type:
      - application/json; charset=utf-8
      access-control-allow-headers:
      - '*'
      access-control-allow-methods:
      - POST, PUT, GET, DELETE, OPTIONS
      access-control-allow-origin:
      - '*'
      vary:
      - Accept-Encoding
      x-powered-by:
      - Express
    status:
      code: 200
      message: OK
- request:
    body: '{"new": {"name": "impact-python-client-workspace1"}}'
    headers:
      Accept:
      - '*/*'
      Accept-Encoding:
      - gzip, deflate
      Connection:
      - keep-alive
      Content-Length:
      - '52'
      Content-Type:
      - application/json
    method: POST
    uri: /user/test-user/impact/api/workspaces
  response:
    body:
      string: '{"definition": {"name": "impact-python-client-workspace1", "description":
        "", "defaultProjectId": "5647d3e10045d4d812076676fe6f507df4a505ce", "projects":
        [{"reference": {"id": "5647d3e10045d4d812076676fe6f507df4a505ce"}, "disabled":
        false, "disabledContent": []}], "dependencies": [{"reference": {"id": "fec43f77925949bd7e7c0f10ac49ebc1189dc840",
        "name": "Modelica", "version": "3.2.3"}, "disabled": true, "disabledContent":
        []}, {"reference": {"id": "ac04a5da97bc2e11bffb7f41b2485da347846df6", "name":
        "Modelica", "version": "4.0.0"}, "disabled": false, "disabledContent": []}],
        "format": "1.0.0", "guid": "84bad6b3d68249c88213ff6706f5bc0b", "createdBy":
        "5c18f9f3-ef07-453a-9965-9de61f6d53f4", "createdAt": 1715220231336}, "id":
        "impact-python-client-workspace1", "conversion": {"state": "UP_TO_DATE"}}'
    headers:
      Connection:
      - keep-alive
      Content-Type:
      - application/json; charset=utf-8
      access-control-allow-headers:
      - '*'
      access-control-allow-methods:
      - POST, PUT, GET, DELETE, OPTIONS
      access-control-allow-origin:
      - '*'
      vary:
      - Accept-Encoding
      x-powered-by:
      - Express
    status:
      code: 200
      message: OK
- request:
    body: '{"workspaceId": "impact-python-client-workspace1", "publish": true}'
    headers:
      Accept:
      - '*/*'
      Accept-Encoding:
      - gzip, deflate
      Connection:
      - keep-alive
      Content-Length:
      - '67'
      Content-Type:
      - application/json
    method: POST
    uri: /user/test-user/impact/api/workspace-exports
  response:
    body:
      string: '{"data": {"location": "api/workspace-exports/4908854e-4987-4f89-912c-1aa71f4c9095"}}'
    headers:
      Connection:
      - keep-alive
      Content-Type:
      - application/json; charset=utf-8
      access-control-allow-headers:
      - '*'
      access-control-allow-methods:
      - POST, PUT, GET, DELETE, OPTIONS
      access-control-allow-origin:
      - '*'
      vary:
      - Accept-Encoding
      x-powered-by:
      - Express
    status:
      code: 201
      message: Created
- request:
    body: null
    headers:
      Accept:
      - '*/*'
      Accept-Encoding:
      - gzip, deflate
      Connection:
      - keep-alive
    method: GET
    uri: /user/test-user/impact/api/workspace-exports/4908854e-4987-4f89-912c-1aa71f4c9095
  response:
    body:
      string: '{"data": {"id": "4908854e-4987-4f89-912c-1aa71f4c9095", "status": "running"}}'
    headers:
      Connection:
      - keep-alive
      Content-Type:
      - application/json; charset=utf-8
      access-control-allow-headers:
      - '*'
      access-control-allow-methods:
      - POST, PUT, GET, DELETE, OPTIONS
      access-control-allow-origin:
      - '*'
      vary:
      - Accept-Encoding
      x-powered-by:
      - Express
    status:
      code: 200
      message: OK
- request:
    body: null
    headers:
      Accept:
      - '*/*'
      Accept-Encoding:
      - gzip, deflate
      Connection:
      - keep-alive
    method: GET
    uri: /user/test-user/impact/api/workspace-exports/4908854e-4987-4f89-912c-1aa71f4c9095
  response:
    body:
      string: '{"data": {"id": "4908854e-4987-4f89-912c-1aa71f4c9095", "status": "running"}}'
    headers:
      Connection:
      - keep-alive
      Content-Type:
      - application/json; charset=utf-8
      access-control-allow-headers:
      - '*'
      access-control-allow-methods:
      - POST, PUT, GET, DELETE, OPTIONS
      access-control-allow-origin:
      - '*'
      vary:
      - Accept-Encoding
      x-powered-by:
      - Express
    status:
      code: 200
      message: OK
- request:
    body: null
    headers:
      Accept:
      - '*/*'
      Accept-Encoding:
      - gzip, deflate
      Connection:
      - keep-alive
    method: GET
    uri: /user/test-user/impact/api/workspace-exports/4908854e-4987-4f89-912c-1aa71f4c9095
  response:
    body:
      string: '{"data": {"id": "4908854e-4987-4f89-912c-1aa71f4c9095", "status": "running"}}'
    headers:
      Connection:
      - keep-alive
      Content-Type:
      - application/json; charset=utf-8
      access-control-allow-headers:
      - '*'
      access-control-allow-methods:
      - POST, PUT, GET, DELETE, OPTIONS
      access-control-allow-origin:
      - '*'
      vary:
      - Accept-Encoding
      x-powered-by:
      - Express
    status:
      code: 200
      message: OK
- request:
    body: null
    headers:
      Accept:
      - '*/*'
      Accept-Encoding:
      - gzip, deflate
      Connection:
      - keep-alive
    method: GET
    uri: /user/test-user/impact/api/workspace-exports/4908854e-4987-4f89-912c-1aa71f4c9095
  response:
    body:
      string: '{"data": {"id": "4908854e-4987-4f89-912c-1aa71f4c9095", "status": "running"}}'
    headers:
      Connection:
      - keep-alive
      Content-Type:
      - application/json; charset=utf-8
      access-control-allow-headers:
      - '*'
      access-control-allow-methods:
      - POST, PUT, GET, DELETE, OPTIONS
      access-control-allow-origin:
      - '*'
      vary:
      - Accept-Encoding
      x-powered-by:
      - Express
    status:
      code: 200
      message: OK
- request:
    body: null
    headers:
      Accept:
      - '*/*'
      Accept-Encoding:
      - gzip, deflate
      Connection:
      - keep-alive
    method: GET
    uri: /user/test-user/impact/api/workspace-exports/4908854e-4987-4f89-912c-1aa71f4c9095
  response:
    body:
      string: '{"data": {"id": "4908854e-4987-4f89-912c-1aa71f4c9095", "status": "ready",
        "data": {"downloadUri": "api/exports/4908854e-4987-4f89-912c-1aa71f4c9095",
        "size": 0}}}'
    headers:
      Connection:
      - keep-alive
      Content-Type:
      - application/json; charset=utf-8
      access-control-allow-headers:
      - '*'
      access-control-allow-methods:
      - POST, PUT, GET, DELETE, OPTIONS
      access-control-allow-origin:
      - '*'
      vary:
      - Accept-Encoding
      x-powered-by:
      - Express
    status:
      code: 200
      message: OK
- request:
    body: null
    headers:
      Accept:
      - '*/*'
      Accept-Encoding:
      - gzip, deflate
      Connection:
      - keep-alive
    method: GET
    uri: /user/test-user/impact/api/workspace-exports/4908854e-4987-4f89-912c-1aa71f4c9095
  response:
    body:
      string: '{"data": {"id": "4908854e-4987-4f89-912c-1aa71f4c9095", "status": "ready",
        "data": {"downloadUri": "api/exports/4908854e-4987-4f89-912c-1aa71f4c9095",
        "size": 0}}}'
    headers:
      Connection:
      - keep-alive
      Content-Type:
      - application/json; charset=utf-8
      access-control-allow-headers:
      - '*'
      access-control-allow-methods:
      - POST, PUT, GET, DELETE, OPTIONS
      access-control-allow-origin:
      - '*'
      vary:
      - Accept-Encoding
      x-powered-by:
      - Express
    status:
      code: 200
      message: OK
- request:
    body: null
    headers:
      Accept:
      - '*/*'
      Accept-Encoding:
      - gzip, deflate
      Connection:
      - keep-alive
    method: GET
    uri: /user/test-user/impact/api/workspace-exports/4908854e-4987-4f89-912c-1aa71f4c9095
  response:
    body:
      string: '{"data": {"id": "4908854e-4987-4f89-912c-1aa71f4c9095", "status": "ready",
        "data": {"downloadUri": "api/exports/4908854e-4987-4f89-912c-1aa71f4c9095",
        "size": 0}}}'
    headers:
      Connection:
      - keep-alive
      Content-Type:
      - application/json; charset=utf-8
      access-control-allow-headers:
      - '*'
      access-control-allow-methods:
      - POST, PUT, GET, DELETE, OPTIONS
      access-control-allow-origin:
      - '*'
      vary:
      - Accept-Encoding
      x-powered-by:
      - Express
    status:
      code: 200
      message: OK
- request:
    body: null
    headers:
      Accept:
      - '*/*'
      Accept-Encoding:
      - gzip, deflate
      Connection:
      - keep-alive
    method: GET
    uri: /user/test-user/impact/api/workspace-exports/4908854e-4987-4f89-912c-1aa71f4c9095
  response:
    body:
      string: '{"data": {"id": "4908854e-4987-4f89-912c-1aa71f4c9095", "status": "ready",
        "data": {"downloadUri": "api/exports/4908854e-4987-4f89-912c-1aa71f4c9095",
        "size": 0}}}'
    headers:
      Connection:
      - keep-alive
      Content-Type:
      - application/json; charset=utf-8
      access-control-allow-headers:
      - '*'
      access-control-allow-methods:
      - POST, PUT, GET, DELETE, OPTIONS
      access-control-allow-origin:
      - '*'
      vary:
      - Accept-Encoding
      x-powered-by:
      - Express
    status:
      code: 200
      message: OK
- request:
    body: null
    headers:
      Accept:
      - '*/*'
      Accept-Encoding:
      - gzip, deflate
      Connection:
      - keep-alive
    method: GET
    uri: /user/test-user/impact/api/published-workspaces/4908854e-4987-4f89-912c-1aa71f4c9095
  response:
    body:
      string: '{"workspaceName": "impact-python-client-workspace1", "id": "4908854e-4987-4f89-912c-1aa71f4c9095",
        "tenantId": "mycompany", "createdAt": 1715220231690, "status": "created",
        "size": 2600, "ownerId": "5c18f9f3-ef07-453a-9965-9de61f6d53f4", "ownerUsername":
        "test-user"}'
    headers:
      Connection:
      - keep-alive
      Content-Type:
      - application/json
    status:
      code: 200
      message: OK
- request:
    body: null
    headers:
      Accept:
      - '*/*'
      Accept-Encoding:
      - gzip, deflate
      Connection:
      - keep-alive
    method: GET
    uri: /user/test-user/impact/api/workspaces
  response:
    body:
      string: '{"data": {"items": []}}'
    headers:
      Connection:
      - keep-alive
      Content-Type:
      - application/json; charset=utf-8
      access-control-allow-headers:
      - '*'
      access-control-allow-methods:
      - POST, PUT, GET, DELETE, OPTIONS
      access-control-allow-origin:
      - '*'
      vary:
      - Accept-Encoding
      x-powered-by:
      - Express
    status:
      code: 200
      message: OK
- request:
    body: '{"id": "4908854e-4987-4f89-912c-1aa71f4c9095"}'
    headers:
      Accept:
      - '*/*'
      Accept-Encoding:
      - gzip, deflate
      Connection:
      - keep-alive
      Content-Length:
      - '46'
      Content-type:
      - application/vnd.impact.published-workspace.v1+json
    method: POST
    uri: /user/test-user/impact/api/workspace-imports
  response:
    body:
      string: '{"data": {"location": "api/workspace-imports/45fd4870ef264de1bf1f3acaca3194f3"}}'
    headers:
      Connection:
      - keep-alive
      Content-Type:
      - application/json; charset=utf-8
      access-control-allow-headers:
      - '*'
      access-control-allow-methods:
      - POST, PUT, GET, DELETE, OPTIONS
      access-control-allow-origin:
      - '*'
      vary:
      - Accept-Encoding
      x-powered-by:
      - Express
    status:
      code: 201
      message: Created
- request:
    body: null
    headers:
      Accept:
      - '*/*'
      Accept-Encoding:
      - gzip, deflate
      Connection:
      - keep-alive
    method: GET
    uri: /user/test-user/impact/api/workspace-imports/45fd4870ef264de1bf1f3acaca3194f3
  response:
    body:
      string: '{"data": {"id": "45fd4870ef264de1bf1f3acaca3194f3", "status": "running"}}'
    headers:
      Connection:
      - keep-alive
      Content-Type:
      - application/json; charset=utf-8
      access-control-allow-headers:
      - '*'
      access-control-allow-methods:
      - POST, PUT, GET, DELETE, OPTIONS
      access-control-allow-origin:
      - '*'
      vary:
      - Accept-Encoding
      x-powered-by:
      - Express
    status:
      code: 200
      message: OK
- request:
    body: null
    headers:
      Accept:
      - '*/*'
      Accept-Encoding:
      - gzip, deflate
      Connection:
      - keep-alive
    method: GET
    uri: /user/test-user/impact/api/workspace-imports/45fd4870ef264de1bf1f3acaca3194f3
  response:
    body:
      string: '{"data": {"id": "45fd4870ef264de1bf1f3acaca3194f3", "status": "running"}}'
    headers:
      Connection:
      - keep-alive
      Content-Type:
      - application/json; charset=utf-8
      access-control-allow-headers:
      - '*'
      access-control-allow-methods:
      - POST, PUT, GET, DELETE, OPTIONS
      access-control-allow-origin:
      - '*'
      vary:
      - Accept-Encoding
      x-powered-by:
      - Express
    status:
      code: 200
      message: OK
- request:
    body: null
    headers:
      Accept:
      - '*/*'
      Accept-Encoding:
      - gzip, deflate
      Connection:
      - keep-alive
    method: GET
    uri: /user/test-user/impact/api/workspace-imports/45fd4870ef264de1bf1f3acaca3194f3
  response:
    body:
      string: '{"data": {"id": "45fd4870ef264de1bf1f3acaca3194f3", "status": "ready",
        "data": {"resourceUri": "api/workspaces/impact_python_client_workspace1",
        "workspaceId": "impact_python_client_workspace1"}}}'
    headers:
      Connection:
      - keep-alive
      Content-Type:
      - application/json; charset=utf-8
      access-control-allow-headers:
      - '*'
      access-control-allow-methods:
      - POST, PUT, GET, DELETE, OPTIONS
      access-control-allow-origin:
      - '*'
      vary:
      - Accept-Encoding
      x-powered-by:
      - Express
    status:
      code: 200
      message: OK
- request:
    body: null
    headers:
      Accept:
      - '*/*'
      Accept-Encoding:
      - gzip, deflate
      Connection:
      - keep-alive
    method: GET
    uri: /user/test-user/impact/api/workspace-imports/45fd4870ef264de1bf1f3acaca3194f3
  response:
    body:
      string: '{"data": {"id": "45fd4870ef264de1bf1f3acaca3194f3", "status": "ready",
        "data": {"resourceUri": "api/workspaces/impact_python_client_workspace1",
        "workspaceId": "impact_python_client_workspace1"}}}'
    headers:
      Connection:
      - keep-alive
      Content-Type:
      - application/json; charset=utf-8
      access-control-allow-headers:
      - '*'
      access-control-allow-methods:
      - POST, PUT, GET, DELETE, OPTIONS
      access-control-allow-origin:
      - '*'
      vary:
      - Accept-Encoding
      x-powered-by:
      - Express
    status:
      code: 200
      message: OK
- request:
    body: null
    headers:
      Accept:
      - '*/*'
      Accept-Encoding:
      - gzip, deflate
      Connection:
      - keep-alive
    method: GET
    uri: /user/test-user/impact/api/workspace-imports/45fd4870ef264de1bf1f3acaca3194f3
  response:
    body:
      string: '{"data": {"id": "45fd4870ef264de1bf1f3acaca3194f3", "status": "ready",
        "data": {"resourceUri": "api/workspaces/impact_python_client_workspace1",
        "workspaceId": "impact_python_client_workspace1"}}}'
    headers:
      Connection:
      - keep-alive
      Content-Type:
      - application/json; charset=utf-8
      access-control-allow-headers:
      - '*'
      access-control-allow-methods:
      - POST, PUT, GET, DELETE, OPTIONS
      access-control-allow-origin:
      - '*'
      vary:
      - Accept-Encoding
      x-powered-by:
      - Express
    status:
      code: 200
      message: OK
- request:
    body: null
    headers:
      Accept:
      - '*/*'
      Accept-Encoding:
      - gzip, deflate
      Connection:
      - keep-alive
    method: GET
    uri: /user/test-user/impact/api/workspace-imports/45fd4870ef264de1bf1f3acaca3194f3
  response:
    body:
      string: '{"data": {"id": "45fd4870ef264de1bf1f3acaca3194f3", "status": "ready",
        "data": {"resourceUri": "api/workspaces/impact_python_client_workspace1",
        "workspaceId": "impact_python_client_workspace1"}}}'
    headers:
      Connection:
      - keep-alive
      Content-Type:
      - application/json; charset=utf-8
      access-control-allow-headers:
      - '*'
      access-control-allow-methods:
      - POST, PUT, GET, DELETE, OPTIONS
      access-control-allow-origin:
      - '*'
      vary:
      - Accept-Encoding
      x-powered-by:
      - Express
    status:
      code: 200
      message: OK
- request:
    body: null
    headers:
      Accept:
      - '*/*'
      Accept-Encoding:
      - gzip, deflate
      Connection:
      - keep-alive
    method: GET
    uri: /user/test-user/impact/api/workspaces/impact_python_client_workspace1
  response:
    body:
      string: '{"definition": {"name": "impact-python-client-workspace1", "description":
        "", "defaultProjectId": "7b29e657fc5cde4410c06d002f2b57b3554b270a", "projects":
        [{"reference": {"id": "7b29e657fc5cde4410c06d002f2b57b3554b270a"}, "disabled":
        false, "disabledContent": []}], "dependencies": [{"reference": {"id": "fec43f77925949bd7e7c0f10ac49ebc1189dc840",
        "name": "Modelica", "version": "3.2.3"}, "disabled": true, "disabledContent":
        []}, {"reference": {"id": "ac04a5da97bc2e11bffb7f41b2485da347846df6", "name":
        "Modelica", "version": "4.0.0"}, "disabled": false, "disabledContent": []}],
        "format": "1.0.0", "guid": "84bad6b3d68249c88213ff6706f5bc0b", "createdBy":
        "5c18f9f3-ef07-453a-9965-9de61f6d53f4", "createdAt": 1715220231336, "receivedFrom":
        {"sharingId": "4908854e-4987-4f89-912c-1aa71f4c9095", "workspaceName": "impact-python-client-workspace1",
        "owner": {"username": "test-user", "tenant": "impact-tenant-mycompany"}, "createdAt":
        1715220231690}}, "id": "impact_python_client_workspace1", "conversion": {"state":
        "UP_TO_DATE"}}'
    headers:
      Connection:
      - keep-alive
      Content-Type:
      - application/json; charset=utf-8
      access-control-allow-headers:
      - '*'
      access-control-allow-methods:
      - POST, PUT, GET, DELETE, OPTIONS
      access-control-allow-origin:
      - '*'
      content-length:
      - '1045'
      vary:
      - Accept-Encoding
      x-powered-by:
      - Express
    status:
      code: 200
      message: OK
- request:
    body: null
    headers:
      Accept:
      - '*/*'
      Accept-Encoding:
      - gzip, deflate
      Connection:
      - keep-alive
    method: GET
    uri: /user/test-user/impact/api/workspaces/impact_python_client_workspace1
  response:
    body:
      string: '{"definition": {"name": "impact-python-client-workspace1", "description":
        "", "defaultProjectId": "7b29e657fc5cde4410c06d002f2b57b3554b270a", "projects":
        [{"reference": {"id": "7b29e657fc5cde4410c06d002f2b57b3554b270a"}, "disabled":
        false, "disabledContent": []}], "dependencies": [{"reference": {"id": "fec43f77925949bd7e7c0f10ac49ebc1189dc840",
        "name": "Modelica", "version": "3.2.3"}, "disabled": true, "disabledContent":
        []}, {"reference": {"id": "ac04a5da97bc2e11bffb7f41b2485da347846df6", "name":
        "Modelica", "version": "4.0.0"}, "disabled": false, "disabledContent": []}],
        "format": "1.0.0", "guid": "84bad6b3d68249c88213ff6706f5bc0b", "createdBy":
        "5c18f9f3-ef07-453a-9965-9de61f6d53f4", "createdAt": 1715220231336, "receivedFrom":
        {"sharingId": "4908854e-4987-4f89-912c-1aa71f4c9095", "workspaceName": "impact-python-client-workspace1",
        "owner": {"username": "test-user", "tenant": "impact-tenant-mycompany"}, "createdAt":
        1715220231690}}, "id": "impact_python_client_workspace1", "conversion": {"state":
        "UP_TO_DATE"}}'
    headers:
      Connection:
      - keep-alive
      Content-Type:
      - application/json; charset=utf-8
      access-control-allow-headers:
      - '*'
      access-control-allow-methods:
      - POST, PUT, GET, DELETE, OPTIONS
      access-control-allow-origin:
      - '*'
      content-length:
      - '1045'
      vary:
      - Accept-Encoding
      x-powered-by:
      - Express
    status:
      code: 200
      message: OK
- request:
    body: null
    headers:
      Accept:
      - '*/*'
      Accept-Encoding:
      - gzip, deflate
      Connection:
      - keep-alive
    method: GET
    uri: /user/test-user/impact/api/published-workspaces/4908854e-4987-4f89-912c-1aa71f4c9095
  response:
    body:
      string: '{"workspaceName": "impact-python-client-workspace1", "id": "4908854e-4987-4f89-912c-1aa71f4c9095",
        "tenantId": "mycompany", "createdAt": 1715220231690, "status": "created",
        "size": 2600, "ownerId": "5c18f9f3-ef07-453a-9965-9de61f6d53f4", "ownerUsername":
        "test-user"}'
    headers:
      Connection:
      - keep-alive
      Content-Type:
      - application/json
    status:
      code: 200
      message: OK
- request:
    body: '{"workspaceId": "impact-python-client-workspace1", "publish": true}'
    headers:
      Accept:
      - '*/*'
      Accept-Encoding:
      - gzip, deflate
      Connection:
      - keep-alive
      Content-Length:
      - '67'
      Content-Type:
      - application/json
    method: POST
    uri: /user/test-user/impact/api/workspace-exports
  response:
    body:
      string: '{"data": {"location": "api/workspace-exports/4908854e-4987-4f89-912c-1aa71f4c9095"}}'
    headers:
      Connection:
      - keep-alive
      Content-Type:
      - application/json; charset=utf-8
      access-control-allow-headers:
      - '*'
      access-control-allow-methods:
      - POST, PUT, GET, DELETE, OPTIONS
      access-control-allow-origin:
      - '*'
      vary:
      - Accept-Encoding
      x-powered-by:
      - Express
    status:
      code: 201
      message: Created
- request:
    body: null
    headers:
      Accept:
      - '*/*'
      Accept-Encoding:
      - gzip, deflate
      Connection:
      - keep-alive
    method: GET
    uri: /user/test-user/impact/api/workspace-exports/4908854e-4987-4f89-912c-1aa71f4c9095
  response:
    body:
      string: '{"data": {"id": "4908854e-4987-4f89-912c-1aa71f4c9095", "status": "running"}}'
    headers:
      Connection:
      - keep-alive
      Content-Type:
      - application/json; charset=utf-8
      access-control-allow-headers:
      - '*'
      access-control-allow-methods:
      - POST, PUT, GET, DELETE, OPTIONS
      access-control-allow-origin:
      - '*'
      vary:
      - Accept-Encoding
      x-powered-by:
      - Express
    status:
      code: 200
      message: OK
- request:
    body: null
    headers:
      Accept:
      - '*/*'
      Accept-Encoding:
      - gzip, deflate
      Connection:
      - keep-alive
    method: GET
    uri: /user/test-user/impact/api/workspace-exports/4908854e-4987-4f89-912c-1aa71f4c9095
  response:
    body:
      string: '{"data": {"id": "4908854e-4987-4f89-912c-1aa71f4c9095", "status": "running"}}'
    headers:
      Connection:
      - keep-alive
      Content-Type:
      - application/json; charset=utf-8
      access-control-allow-headers:
      - '*'
      access-control-allow-methods:
      - POST, PUT, GET, DELETE, OPTIONS
      access-control-allow-origin:
      - '*'
      vary:
      - Accept-Encoding
      x-powered-by:
      - Express
    status:
      code: 200
      message: OK
- request:
    body: null
    headers:
      Accept:
      - '*/*'
      Accept-Encoding:
      - gzip, deflate
      Connection:
      - keep-alive
    method: GET
    uri: /user/test-user/impact/api/workspace-exports/4908854e-4987-4f89-912c-1aa71f4c9095
  response:
    body:
      string: '{"data": {"id": "4908854e-4987-4f89-912c-1aa71f4c9095", "status": "running"}}'
    headers:
      Connection:
      - keep-alive
      Content-Type:
      - application/json; charset=utf-8
      access-control-allow-headers:
      - '*'
      access-control-allow-methods:
      - POST, PUT, GET, DELETE, OPTIONS
      access-control-allow-origin:
      - '*'
      vary:
      - Accept-Encoding
      x-powered-by:
      - Express
    status:
      code: 200
      message: OK
- request:
    body: null
    headers:
      Accept:
      - '*/*'
      Accept-Encoding:
      - gzip, deflate
      Connection:
      - keep-alive
    method: GET
    uri: /user/test-user/impact/api/workspace-exports/4908854e-4987-4f89-912c-1aa71f4c9095
  response:
    body:
      string: '{"data": {"id": "4908854e-4987-4f89-912c-1aa71f4c9095", "status": "running"}}'
    headers:
      Connection:
      - keep-alive
      Content-Type:
      - application/json; charset=utf-8
      access-control-allow-headers:
      - '*'
      access-control-allow-methods:
      - POST, PUT, GET, DELETE, OPTIONS
      access-control-allow-origin:
      - '*'
      vary:
      - Accept-Encoding
      x-powered-by:
      - Express
    status:
      code: 200
      message: OK
- request:
    body: null
    headers:
      Accept:
      - '*/*'
      Accept-Encoding:
      - gzip, deflate
      Connection:
      - keep-alive
    method: GET
    uri: /user/test-user/impact/api/workspace-exports/4908854e-4987-4f89-912c-1aa71f4c9095
  response:
    body:
      string: '{"data": {"id": "4908854e-4987-4f89-912c-1aa71f4c9095", "status": "running"}}'
    headers:
      Connection:
      - keep-alive
      Content-Type:
      - application/json; charset=utf-8
      access-control-allow-headers:
      - '*'
      access-control-allow-methods:
      - POST, PUT, GET, DELETE, OPTIONS
      access-control-allow-origin:
      - '*'
      vary:
      - Accept-Encoding
      x-powered-by:
      - Express
    status:
      code: 200
      message: OK
- request:
    body: null
    headers:
      Accept:
      - '*/*'
      Accept-Encoding:
      - gzip, deflate
      Connection:
      - keep-alive
    method: GET
    uri: /user/test-user/impact/api/workspace-exports/4908854e-4987-4f89-912c-1aa71f4c9095
  response:
    body:
      string: '{"data": {"id": "4908854e-4987-4f89-912c-1aa71f4c9095", "status": "ready",
        "data": {"downloadUri": "api/exports/4908854e-4987-4f89-912c-1aa71f4c9095",
        "size": 0}}}'
    headers:
      Connection:
      - keep-alive
      Content-Type:
      - application/json; charset=utf-8
      access-control-allow-headers:
      - '*'
      access-control-allow-methods:
      - POST, PUT, GET, DELETE, OPTIONS
      access-control-allow-origin:
      - '*'
      vary:
      - Accept-Encoding
      x-powered-by:
      - Express
    status:
      code: 200
      message: OK
- request:
    body: null
    headers:
      Accept:
      - '*/*'
      Accept-Encoding:
      - gzip, deflate
      Connection:
      - keep-alive
    method: GET
    uri: /user/test-user/impact/api/workspace-exports/4908854e-4987-4f89-912c-1aa71f4c9095
  response:
    body:
      string: '{"data": {"id": "4908854e-4987-4f89-912c-1aa71f4c9095", "status": "ready",
        "data": {"downloadUri": "api/exports/4908854e-4987-4f89-912c-1aa71f4c9095",
        "size": 0}}}'
    headers:
      Connection:
      - keep-alive
      Content-Type:
      - application/json; charset=utf-8
      access-control-allow-headers:
      - '*'
      access-control-allow-methods:
      - POST, PUT, GET, DELETE, OPTIONS
      access-control-allow-origin:
      - '*'
      vary:
      - Accept-Encoding
      x-powered-by:
      - Express
    status:
      code: 200
      message: OK
- request:
    body: null
    headers:
      Accept:
      - '*/*'
      Accept-Encoding:
      - gzip, deflate
      Connection:
      - keep-alive
    method: GET
    uri: /user/test-user/impact/api/workspace-exports/4908854e-4987-4f89-912c-1aa71f4c9095
  response:
    body:
      string: '{"data": {"id": "4908854e-4987-4f89-912c-1aa71f4c9095", "status": "ready",
        "data": {"downloadUri": "api/exports/4908854e-4987-4f89-912c-1aa71f4c9095",
        "size": 0}}}'
    headers:
      Connection:
      - keep-alive
      Content-Type:
      - application/json; charset=utf-8
      access-control-allow-headers:
      - '*'
      access-control-allow-methods:
      - POST, PUT, GET, DELETE, OPTIONS
      access-control-allow-origin:
      - '*'
      vary:
      - Accept-Encoding
      x-powered-by:
      - Express
    status:
      code: 200
      message: OK
- request:
    body: null
    headers:
      Accept:
      - '*/*'
      Accept-Encoding:
      - gzip, deflate
      Connection:
      - keep-alive
    method: GET
    uri: /user/test-user/impact/api/workspaces/impact_python_client_workspace1
  response:
    body:
      string: '{"definition": {"name": "impact-python-client-workspace1", "description":
        "", "defaultProjectId": "7b29e657fc5cde4410c06d002f2b57b3554b270a", "projects":
        [{"reference": {"id": "7b29e657fc5cde4410c06d002f2b57b3554b270a"}, "disabled":
        false, "disabledContent": []}], "dependencies": [{"reference": {"id": "fec43f77925949bd7e7c0f10ac49ebc1189dc840",
        "name": "Modelica", "version": "3.2.3"}, "disabled": true, "disabledContent":
        []}, {"reference": {"id": "ac04a5da97bc2e11bffb7f41b2485da347846df6", "name":
        "Modelica", "version": "4.0.0"}, "disabled": false, "disabledContent": []}],
        "format": "1.0.0", "guid": "84bad6b3d68249c88213ff6706f5bc0b", "createdBy":
        "5c18f9f3-ef07-453a-9965-9de61f6d53f4", "createdAt": 1715220231336, "receivedFrom":
        {"sharingId": "4908854e-4987-4f89-912c-1aa71f4c9095", "workspaceName": "impact-python-client-workspace1",
        "owner": {"username": "test-user", "tenant": "impact-tenant-mycompany"}, "createdAt":
        1715220231690}}, "id": "impact_python_client_workspace1", "conversion": {"state":
        "UP_TO_DATE"}}'
    headers:
      Connection:
      - keep-alive
      Content-Type:
      - application/json; charset=utf-8
      access-control-allow-headers:
      - '*'
      access-control-allow-methods:
      - POST, PUT, GET, DELETE, OPTIONS
      access-control-allow-origin:
      - '*'
      content-length:
      - '1045'
      vary:
      - Accept-Encoding
      x-powered-by:
      - Express
    status:
      code: 200
      message: OK
- request:
    body: null
    headers:
      Accept:
      - '*/*'
      Accept-Encoding:
      - gzip, deflate
      Connection:
      - keep-alive
    method: GET
    uri: /user/test-user/impact/api/published-workspaces/4908854e-4987-4f89-912c-1aa71f4c9095
  response:
    body:
      string: '{"workspaceName": "impact-python-client-workspace1", "id": "4908854e-4987-4f89-912c-1aa71f4c9095",
        "tenantId": "mycompany", "createdAt": 1715220239963, "status": "created",
        "size": 2600, "ownerId": "5c18f9f3-ef07-453a-9965-9de61f6d53f4", "ownerUsername":
        "test-user"}'
    headers:
      Connection:
      - keep-alive
      Content-Type:
      - application/json
    status:
      code: 200
      message: OK
- request:
    body: null
    headers:
      Accept:
      - '*/*'
      Accept-Encoding:
      - gzip, deflate
      Connection:
      - keep-alive
    method: GET
    uri: /user/test-user/impact/api/workspaces/impact_python_client_workspace1
  response:
    body:
      string: '{"definition": {"name": "impact-python-client-workspace1", "description":
        "", "defaultProjectId": "7b29e657fc5cde4410c06d002f2b57b3554b270a", "projects":
        [{"reference": {"id": "7b29e657fc5cde4410c06d002f2b57b3554b270a"}, "disabled":
        false, "disabledContent": []}], "dependencies": [{"reference": {"id": "fec43f77925949bd7e7c0f10ac49ebc1189dc840",
        "name": "Modelica", "version": "3.2.3"}, "disabled": true, "disabledContent":
        []}, {"reference": {"id": "ac04a5da97bc2e11bffb7f41b2485da347846df6", "name":
        "Modelica", "version": "4.0.0"}, "disabled": false, "disabledContent": []}],
        "format": "1.0.0", "guid": "84bad6b3d68249c88213ff6706f5bc0b", "createdBy":
        "5c18f9f3-ef07-453a-9965-9de61f6d53f4", "createdAt": 1715220231336, "receivedFrom":
        {"sharingId": "4908854e-4987-4f89-912c-1aa71f4c9095", "workspaceName": "impact-python-client-workspace1",
        "owner": {"username": "test-user", "tenant": "impact-tenant-mycompany"}, "createdAt":
        1715220231690}}, "id": "impact_python_client_workspace1", "conversion": {"state":
        "UP_TO_DATE"}}'
    headers:
      Connection:
      - keep-alive
      Content-Type:
      - application/json; charset=utf-8
      access-control-allow-headers:
      - '*'
      access-control-allow-methods:
      - POST, PUT, GET, DELETE, OPTIONS
      access-control-allow-origin:
      - '*'
      content-length:
      - '1045'
      vary:
      - Accept-Encoding
      x-powered-by:
      - Express
    status:
      code: 200
      message: OK
- request:
    body: null
    headers:
      Accept:
      - '*/*'
      Accept-Encoding:
      - gzip, deflate
      Connection:
      - keep-alive
    method: GET
    uri: /user/test-user/impact/api/published-workspaces/4908854e-4987-4f89-912c-1aa71f4c9095
  response:
    body:
      string: '{"workspaceName": "impact-python-client-workspace1", "id": "4908854e-4987-4f89-912c-1aa71f4c9095",
        "tenantId": "mycompany", "createdAt": 1715220239963, "status": "created",
        "size": 2600, "ownerId": "5c18f9f3-ef07-453a-9965-9de61f6d53f4", "ownerUsername":
        "test-user"}'
    headers:
      Connection:
      - keep-alive
      Content-Type:
      - application/json
    status:
      code: 200
      message: OK
- request:
    body: '{"id": "4908854e-4987-4f89-912c-1aa71f4c9095", "update": {"workspaceId":
      "impact_python_client_workspace1"}}'
    headers:
      Accept:
      - '*/*'
      Accept-Encoding:
      - gzip, deflate
      Connection:
      - keep-alive
      Content-Length:
      - '108'
      Content-type:
      - application/vnd.impact.published-workspace.v1+json
    method: POST
    uri: /user/test-user/impact/api/workspace-imports
  response:
    body:
      string: '{"data": {"location": "api/workspace-imports/1e13175f9760430f902195ea50915729"}}'
    headers:
      Connection:
      - keep-alive
      Content-Type:
      - application/json; charset=utf-8
      access-control-allow-headers:
      - '*'
      access-control-allow-methods:
      - POST, PUT, GET, DELETE, OPTIONS
      access-control-allow-origin:
      - '*'
      vary:
      - Accept-Encoding
      x-powered-by:
      - Express
    status:
      code: 201
      message: Created
- request:
    body: null
    headers:
      Accept:
      - '*/*'
      Accept-Encoding:
      - gzip, deflate
      Connection:
      - keep-alive
    method: GET
    uri: /user/test-user/impact/api/workspace-imports/1e13175f9760430f902195ea50915729
  response:
    body:
      string: '{"data": {"id": "1e13175f9760430f902195ea50915729", "status": "running"}}'
    headers:
      Connection:
      - keep-alive
      Content-Type:
      - application/json; charset=utf-8
      access-control-allow-headers:
      - '*'
      access-control-allow-methods:
      - POST, PUT, GET, DELETE, OPTIONS
      access-control-allow-origin:
      - '*'
      vary:
      - Accept-Encoding
      x-powered-by:
      - Express
    status:
      code: 200
      message: OK
- request:
    body: null
    headers:
      Accept:
      - '*/*'
      Accept-Encoding:
      - gzip, deflate
      Connection:
      - keep-alive
    method: GET
    uri: /user/test-user/impact/api/workspace-imports/1e13175f9760430f902195ea50915729
  response:
    body:
      string: '{"data": {"id": "1e13175f9760430f902195ea50915729", "status": "running"}}'
    headers:
      Connection:
      - keep-alive
      Content-Type:
      - application/json; charset=utf-8
      access-control-allow-headers:
      - '*'
      access-control-allow-methods:
      - POST, PUT, GET, DELETE, OPTIONS
      access-control-allow-origin:
      - '*'
      vary:
      - Accept-Encoding
      x-powered-by:
      - Express
    status:
      code: 200
      message: OK
- request:
    body: null
    headers:
      Accept:
      - '*/*'
      Accept-Encoding:
      - gzip, deflate
      Connection:
      - keep-alive
    method: GET
    uri: /user/test-user/impact/api/workspace-imports/1e13175f9760430f902195ea50915729
  response:
    body:
      string: '{"data": {"id": "1e13175f9760430f902195ea50915729", "status": "ready",
        "data": {"resourceUri": "api/workspaces/impact_python_client_workspace1",
        "workspaceId": "impact_python_client_workspace1"}}}'
    headers:
      Connection:
      - keep-alive
      Content-Type:
      - application/json; charset=utf-8
      access-control-allow-headers:
      - '*'
      access-control-allow-methods:
      - POST, PUT, GET, DELETE, OPTIONS
      access-control-allow-origin:
      - '*'
      vary:
      - Accept-Encoding
      x-powered-by:
      - Express
    status:
      code: 200
      message: OK
- request:
    body: null
    headers:
      Accept:
      - '*/*'
      Accept-Encoding:
      - gzip, deflate
      Connection:
      - keep-alive
    method: GET
    uri: /user/test-user/impact/api/workspace-imports/1e13175f9760430f902195ea50915729
  response:
    body:
      string: '{"data": {"id": "1e13175f9760430f902195ea50915729", "status": "ready",
        "data": {"resourceUri": "api/workspaces/impact_python_client_workspace1",
        "workspaceId": "impact_python_client_workspace1"}}}'
    headers:
      Connection:
      - keep-alive
      Content-Type:
      - application/json; charset=utf-8
      access-control-allow-headers:
      - '*'
      access-control-allow-methods:
      - POST, PUT, GET, DELETE, OPTIONS
      access-control-allow-origin:
      - '*'
      vary:
      - Accept-Encoding
      x-powered-by:
      - Express
    status:
      code: 200
      message: OK
- request:
    body: null
    headers:
      Accept:
      - '*/*'
      Accept-Encoding:
      - gzip, deflate
      Connection:
      - keep-alive
    method: GET
    uri: /user/test-user/impact/api/workspace-imports/1e13175f9760430f902195ea50915729
  response:
    body:
      string: '{"data": {"id": "1e13175f9760430f902195ea50915729", "status": "ready",
        "data": {"resourceUri": "api/workspaces/impact_python_client_workspace1",
        "workspaceId": "impact_python_client_workspace1"}}}'
    headers:
      Connection:
      - keep-alive
      Content-Type:
      - application/json; charset=utf-8
      access-control-allow-headers:
      - '*'
      access-control-allow-methods:
      - POST, PUT, GET, DELETE, OPTIONS
      access-control-allow-origin:
      - '*'
      vary:
      - Accept-Encoding
      x-powered-by:
      - Express
    status:
      code: 200
      message: OK
- request:
    body: null
    headers:
      Accept:
      - '*/*'
      Accept-Encoding:
      - gzip, deflate
      Connection:
      - keep-alive
    method: GET
    uri: /user/test-user/impact/api/workspace-imports/1e13175f9760430f902195ea50915729
  response:
    body:
      string: '{"data": {"id": "1e13175f9760430f902195ea50915729", "status": "ready",
        "data": {"resourceUri": "api/workspaces/impact_python_client_workspace1",
        "workspaceId": "impact_python_client_workspace1"}}}'
    headers:
      Connection:
      - keep-alive
      Content-Type:
      - application/json; charset=utf-8
      access-control-allow-headers:
      - '*'
      access-control-allow-methods:
      - POST, PUT, GET, DELETE, OPTIONS
      access-control-allow-origin:
      - '*'
      vary:
      - Accept-Encoding
      x-powered-by:
      - Express
    status:
      code: 200
      message: OK
- request:
    body: null
    headers:
      Accept:
      - '*/*'
      Accept-Encoding:
      - gzip, deflate
      Connection:
      - keep-alive
    method: GET
    uri: /user/test-user/impact/api/workspaces/impact_python_client_workspace1
  response:
    body:
      string: '{"definition": {"name": "impact-python-client-workspace1", "description":
        "", "defaultProjectId": "7b29e657fc5cde4410c06d002f2b57b3554b270a", "projects":
        [{"reference": {"id": "7b29e657fc5cde4410c06d002f2b57b3554b270a"}, "disabled":
        false, "disabledContent": []}], "dependencies": [{"reference": {"id": "fec43f77925949bd7e7c0f10ac49ebc1189dc840",
        "name": "Modelica", "version": "3.2.3"}, "disabled": true, "disabledContent":
        []}, {"reference": {"id": "ac04a5da97bc2e11bffb7f41b2485da347846df6", "name":
        "Modelica", "version": "4.0.0"}, "disabled": false, "disabledContent": []}],
        "format": "1.0.0", "guid": "84bad6b3d68249c88213ff6706f5bc0b", "createdBy":
        "5c18f9f3-ef07-453a-9965-9de61f6d53f4", "createdAt": 1715220231336, "receivedFrom":
        {"sharingId": "4908854e-4987-4f89-912c-1aa71f4c9095", "workspaceName": "impact-python-client-workspace1",
        "owner": {"username": "test-user", "tenant": "impact-tenant-mycompany"}, "createdAt":
        1715220239963}}, "id": "impact_python_client_workspace1", "conversion": {"state":
        "UP_TO_DATE"}}'
    headers:
      Connection:
      - keep-alive
      Content-Type:
      - application/json; charset=utf-8
      access-control-allow-headers:
      - '*'
      access-control-allow-methods:
      - POST, PUT, GET, DELETE, OPTIONS
      access-control-allow-origin:
      - '*'
      content-length:
      - '1045'
      vary:
      - Accept-Encoding
      x-powered-by:
      - Express
    status:
      code: 200
      message: OK
- request:
    body: null
    headers:
      Accept:
      - '*/*'
      Accept-Encoding:
      - gzip, deflate
      Connection:
      - keep-alive
    method: GET
    uri: /user/test-user/impact/api/workspaces/impact_python_client_workspace1
  response:
    body:
      string: '{"definition": {"name": "impact-python-client-workspace1", "description":
        "", "defaultProjectId": "7b29e657fc5cde4410c06d002f2b57b3554b270a", "projects":
        [{"reference": {"id": "7b29e657fc5cde4410c06d002f2b57b3554b270a"}, "disabled":
        false, "disabledContent": []}], "dependencies": [{"reference": {"id": "fec43f77925949bd7e7c0f10ac49ebc1189dc840",
        "name": "Modelica", "version": "3.2.3"}, "disabled": true, "disabledContent":
        []}, {"reference": {"id": "ac04a5da97bc2e11bffb7f41b2485da347846df6", "name":
        "Modelica", "version": "4.0.0"}, "disabled": false, "disabledContent": []}],
        "format": "1.0.0", "guid": "84bad6b3d68249c88213ff6706f5bc0b", "createdBy":
        "5c18f9f3-ef07-453a-9965-9de61f6d53f4", "createdAt": 1715220231336, "receivedFrom":
        {"sharingId": "4908854e-4987-4f89-912c-1aa71f4c9095", "workspaceName": "impact-python-client-workspace1",
        "owner": {"username": "test-user", "tenant": "impact-tenant-mycompany"}, "createdAt":
        1715220239963}}, "id": "impact_python_client_workspace1", "conversion": {"state":
        "UP_TO_DATE"}}'
    headers:
      Connection:
      - keep-alive
      Content-Type:
      - application/json; charset=utf-8
      access-control-allow-headers:
      - '*'
      access-control-allow-methods:
      - POST, PUT, GET, DELETE, OPTIONS
      access-control-allow-origin:
      - '*'
      content-length:
      - '1045'
      vary:
      - Accept-Encoding
      x-powered-by:
      - Express
    status:
      code: 200
      message: OK
- request:
    body: null
    headers:
      Accept:
      - '*/*'
      Accept-Encoding:
      - gzip, deflate
      Connection:
      - keep-alive
    method: GET
    uri: /user/test-user/impact/api/published-workspaces/4908854e-4987-4f89-912c-1aa71f4c9095
  response:
    body:
      string: '{"workspaceName": "impact-python-client-workspace1", "id": "4908854e-4987-4f89-912c-1aa71f4c9095",
        "tenantId": "mycompany", "createdAt": 1715220239963, "status": "created",
        "size": 2600, "ownerId": "5c18f9f3-ef07-453a-9965-9de61f6d53f4", "ownerUsername":
        "test-user"}'
    headers:
      Connection:
      - keep-alive
      Content-Type:
      - application/json
    status:
      code: 200
      message: OK
- request:
    body: null
    headers:
      Accept:
      - '*/*'
      Accept-Encoding:
      - gzip, deflate
      Connection:
      - keep-alive
      Content-Length:
      - '0'
    method: DELETE
    uri: /user/test-user/impact/api/published-workspaces/4908854e-4987-4f89-912c-1aa71f4c9095
  response:
    body:
      string: ''
    headers:
      Connection:
      - keep-alive
      Content-Type:
      - application/json
    status:
      code: 200
      message: OK
- request:
    body: null
    headers:
      Accept:
      - '*/*'
      Accept-Encoding:
      - gzip, deflate
      Connection:
      - keep-alive
    method: GET
    uri: /user/test-user/impact/api/workspaces
  response:
    body:
      string: '{"data": {"items": [{"definition": {"name": "impact-python-client-workspace1",
        "description": "", "defaultProjectId": "7b29e657fc5cde4410c06d002f2b57b3554b270a",
        "projects": [{"reference": {"id": "7b29e657fc5cde4410c06d002f2b57b3554b270a"},
        "disabled": false, "disabledContent": []}], "dependencies": [{"reference":
        {"id": "fec43f77925949bd7e7c0f10ac49ebc1189dc840", "name": "Modelica", "version":
        "3.2.3"}, "disabled": true, "disabledContent": []}, {"reference": {"id": "ac04a5da97bc2e11bffb7f41b2485da347846df6",
        "name": "Modelica", "version": "4.0.0"}, "disabled": false, "disabledContent":
        []}], "format": "1.0.0", "guid": "84bad6b3d68249c88213ff6706f5bc0b", "createdBy":
        "5c18f9f3-ef07-453a-9965-9de61f6d53f4", "createdAt": 1715220231336, "receivedFrom":
        {"sharingId": "4908854e-4987-4f89-912c-1aa71f4c9095", "workspaceName": "impact-python-client-workspace1",
        "owner": {"username": "test-user", "tenant": "impact-tenant-mycompany"}, "createdAt":
        1715220239963}}, "id": "impact_python_client_workspace1", "conversion": {"state":
        "UP_TO_DATE"}}, {"definition": {"name": "impact-python-client-workspace1",
        "description": "", "defaultProjectId": "5647d3e10045d4d812076676fe6f507df4a505ce",
        "projects": [{"reference": {"id": "5647d3e10045d4d812076676fe6f507df4a505ce"},
        "disabled": false, "disabledContent": []}], "dependencies": [{"reference":
        {"id": "fec43f77925949bd7e7c0f10ac49ebc1189dc840", "name": "Modelica", "version":
        "3.2.3"}, "disabled": true, "disabledContent": []}, {"reference": {"id": "ac04a5da97bc2e11bffb7f41b2485da347846df6",
        "name": "Modelica", "version": "4.0.0"}, "disabled": false, "disabledContent":
        []}], "format": "1.0.0", "guid": "84bad6b3d68249c88213ff6706f5bc0b", "createdBy":
        "5c18f9f3-ef07-453a-9965-9de61f6d53f4", "createdAt": 1715220231336}, "id":
        "impact-python-client-workspace1", "conversion": {"state": "UP_TO_DATE"}}]}}'
    headers:
      Connection:
      - keep-alive
      Content-Type:
      - application/json; charset=utf-8
      access-control-allow-headers:
      - '*'
      access-control-allow-methods:
      - POST, PUT, GET, DELETE, OPTIONS
      access-control-allow-origin:
      - '*'
      content-length:
      - '1874'
      vary:
      - Accept-Encoding
      x-powered-by:
      - Express
    status:
      code: 200
      message: OK
- request:
    body: null
    headers:
      Accept:
      - '*/*'
      Accept-Encoding:
      - gzip, deflate
      Connection:
      - keep-alive
    method: GET
    uri: /user/test-user/impact/api/workspaces/impact_python_client_workspace1
  response:
    body:
      string: '{"definition": {"name": "impact-python-client-workspace1", "description":
        "", "defaultProjectId": "7b29e657fc5cde4410c06d002f2b57b3554b270a", "projects":
        [{"reference": {"id": "7b29e657fc5cde4410c06d002f2b57b3554b270a"}, "disabled":
        false, "disabledContent": []}], "dependencies": [{"reference": {"id": "fec43f77925949bd7e7c0f10ac49ebc1189dc840",
        "name": "Modelica", "version": "3.2.3"}, "disabled": true, "disabledContent":
        []}, {"reference": {"id": "ac04a5da97bc2e11bffb7f41b2485da347846df6", "name":
        "Modelica", "version": "4.0.0"}, "disabled": false, "disabledContent": []}],
        "format": "1.0.0", "guid": "84bad6b3d68249c88213ff6706f5bc0b", "createdBy":
        "5c18f9f3-ef07-453a-9965-9de61f6d53f4", "createdAt": 1715220231336, "receivedFrom":
        {"sharingId": "4908854e-4987-4f89-912c-1aa71f4c9095", "workspaceName": "impact-python-client-workspace1",
        "owner": {"username": "test-user", "tenant": "impact-tenant-mycompany"}, "createdAt":
        1715220239963}}, "id": "impact_python_client_workspace1", "conversion": {"state":
        "UP_TO_DATE"}}'
    headers:
      Connection:
      - keep-alive
      Content-Type:
      - application/json; charset=utf-8
      access-control-allow-headers:
      - '*'
      access-control-allow-methods:
      - POST, PUT, GET, DELETE, OPTIONS
      access-control-allow-origin:
      - '*'
      content-length:
      - '1045'
      vary:
      - Accept-Encoding
      x-powered-by:
      - Express
    status:
      code: 200
      message: OK
- request:
    body: null
    headers:
      Accept:
      - '*/*'
      Accept-Encoding:
      - gzip, deflate
      Connection:
      - keep-alive
    method: GET
    uri: /user/test-user/impact/api/workspaces/impact_python_client_workspace1/projects
  response:
    body:
      string: '{"data": {"items": [{"id": "7b29e657fc5cde4410c06d002f2b57b3554b270a",
        "definition": {"name": "Project", "format": "1.0.0", "dependencies": [{"name":
        "Modelica", "versionSpecifier": "4.0.0"}], "content": [{"relpath": "Resources/Views",
        "contentType": "VIEWS", "defaultDisabled": false, "id": "9e43d5f7454b47a2998566e5061f1c92"},
        {"relpath": "Resources/Favorites", "contentType": "FAVORITES", "defaultDisabled":
        false, "id": "a2b70bac5f5c49a1b0071c0a516eefd8"}, {"relpath": "Resources/CustomFunctions",
        "contentType": "CUSTOM_FUNCTIONS", "defaultDisabled": false, "id": "cc1d98879a4b4b87b3eba822ece3e0d2"},
        {"relpath": "Resources/Custom", "contentType": "GENERIC", "defaultDisabled":
        false, "id": "9667f20b573a4f3a986eed510a16aa60"}, {"relpath": "ReferenceResults",
        "contentType": "REFERENCE_RESULTS", "defaultDisabled": false, "id": "c21ffe39169c49609540ce771cd300ce"},
        {"relpath": "Resources/ExperimentDefinitions", "contentType": "EXPERIMENT_DEFINITIONS",
        "defaultDisabled": false, "id": "2ad2f61118004a70940d93b0e924fc92"}], "executionOptions":
        []}, "projectType": "LOCAL", "storageLocation": "USERSPACE"}]}}'
    headers:
      Connection:
      - keep-alive
      Content-Type:
      - application/json; charset=utf-8
      access-control-allow-headers:
      - '*'
      access-control-allow-methods:
      - POST, PUT, GET, DELETE, OPTIONS
      access-control-allow-origin:
      - '*'
      content-length:
      - '1043'
      vary:
      - Accept-Encoding
      x-powered-by:
      - Express
    status:
      code: 200
      message: OK
- request:
    body: null
    headers:
      Accept:
      - '*/*'
      Accept-Encoding:
      - gzip, deflate
      Connection:
      - keep-alive
      Content-Length:
      - '0'
    method: DELETE
    uri: /user/test-user/impact/api/projects/7b29e657fc5cde4410c06d002f2b57b3554b270a
  response:
    body:
      string: '{"id": "7b29e657fc5cde4410c06d002f2b57b3554b270a", "definition": {"name":
        "Project", "format": "1.0.0", "dependencies": [{"name": "Modelica", "versionSpecifier":
        "4.0.0"}], "content": [{"relpath": "Resources/Views", "contentType": "VIEWS",
        "defaultDisabled": false, "id": "9e43d5f7454b47a2998566e5061f1c92"}, {"relpath":
        "Resources/Favorites", "contentType": "FAVORITES", "defaultDisabled": false,
        "id": "a2b70bac5f5c49a1b0071c0a516eefd8"}, {"relpath": "Resources/CustomFunctions",
        "contentType": "CUSTOM_FUNCTIONS", "defaultDisabled": false, "id": "cc1d98879a4b4b87b3eba822ece3e0d2"},
        {"relpath": "Resources/Custom", "contentType": "GENERIC", "defaultDisabled":
        false, "id": "9667f20b573a4f3a986eed510a16aa60"}, {"relpath": "ReferenceResults",
        "contentType": "REFERENCE_RESULTS", "defaultDisabled": false, "id": "c21ffe39169c49609540ce771cd300ce"},
        {"relpath": "Resources/ExperimentDefinitions", "contentType": "EXPERIMENT_DEFINITIONS",
        "defaultDisabled": false, "id": "2ad2f61118004a70940d93b0e924fc92"}], "executionOptions":
        []}, "projectType": "LOCAL", "storageLocation": "USERSPACE"}'
    headers:
      Connection:
      - keep-alive
      Content-Type:
      - application/json; charset=utf-8
      access-control-allow-headers:
      - '*'
      access-control-allow-methods:
      - POST, PUT, GET, DELETE, OPTIONS
      access-control-allow-origin:
      - '*'
      vary:
      - Accept-Encoding
      x-powered-by:
      - Express
    status:
      code: 200
      message: OK
- request:
    body: null
    headers:
      Accept:
      - '*/*'
      Accept-Encoding:
      - gzip, deflate
      Connection:
      - keep-alive
      Content-Length:
      - '0'
    method: DELETE
    uri: /user/test-user/impact/api/workspaces/impact_python_client_workspace1
  response:
    body:
      string: ''
    headers:
      Connection:
      - keep-alive
      Content-Type:
      - application/json; charset=utf-8
      access-control-allow-headers:
      - '*'
      access-control-allow-methods:
      - POST, PUT, GET, DELETE, OPTIONS
      access-control-allow-origin:
      - '*'
      vary:
      - Accept-Encoding
      x-powered-by:
      - Express
    status:
      code: 200
      message: OK
- request:
    body: null
    headers:
      Accept:
      - '*/*'
      Accept-Encoding:
      - gzip, deflate
      Connection:
      - keep-alive
    method: GET
    uri: /user/test-user/impact/api/workspaces/impact-python-client-workspace1
  response:
    body:
      string: '{"definition": {"name": "impact-python-client-workspace1", "description":
        "", "defaultProjectId": "5647d3e10045d4d812076676fe6f507df4a505ce", "projects":
        [{"reference": {"id": "5647d3e10045d4d812076676fe6f507df4a505ce"}, "disabled":
        false, "disabledContent": []}], "dependencies": [{"reference": {"id": "fec43f77925949bd7e7c0f10ac49ebc1189dc840",
        "name": "Modelica", "version": "3.2.3"}, "disabled": true, "disabledContent":
        []}, {"reference": {"id": "ac04a5da97bc2e11bffb7f41b2485da347846df6", "name":
        "Modelica", "version": "4.0.0"}, "disabled": false, "disabledContent": []}],
        "format": "1.0.0", "guid": "84bad6b3d68249c88213ff6706f5bc0b", "createdBy":
        "5c18f9f3-ef07-453a-9965-9de61f6d53f4", "createdAt": 1715220231336}, "id":
        "impact-python-client-workspace1", "conversion": {"state": "UP_TO_DATE"}}'
    headers:
      Connection:
      - keep-alive
      Content-Type:
      - application/json; charset=utf-8
      access-control-allow-headers:
      - '*'
      access-control-allow-methods:
      - POST, PUT, GET, DELETE, OPTIONS
      access-control-allow-origin:
      - '*'
      vary:
      - Accept-Encoding
      x-powered-by:
      - Express
    status:
      code: 200
      message: OK
- request:
    body: null
    headers:
      Accept:
      - '*/*'
      Accept-Encoding:
      - gzip, deflate
      Connection:
      - keep-alive
    method: GET
    uri: /user/test-user/impact/api/workspaces/impact-python-client-workspace1/projects
  response:
    body:
      string: '{"data": {"items": [{"id": "5647d3e10045d4d812076676fe6f507df4a505ce",
        "definition": {"name": "Project", "format": "1.0.0", "dependencies": [{"name":
        "Modelica", "versionSpecifier": "4.0.0"}], "content": [{"relpath": "Resources/Views",
        "contentType": "VIEWS", "defaultDisabled": false, "id": "9e43d5f7454b47a2998566e5061f1c92"},
        {"relpath": "Resources/Favorites", "contentType": "FAVORITES", "defaultDisabled":
        false, "id": "a2b70bac5f5c49a1b0071c0a516eefd8"}, {"relpath": "Resources/CustomFunctions",
        "contentType": "CUSTOM_FUNCTIONS", "defaultDisabled": false, "id": "cc1d98879a4b4b87b3eba822ece3e0d2"},
        {"relpath": "Resources/Custom", "contentType": "GENERIC", "defaultDisabled":
        false, "id": "9667f20b573a4f3a986eed510a16aa60"}, {"relpath": "ReferenceResults",
        "contentType": "REFERENCE_RESULTS", "defaultDisabled": false, "id": "c21ffe39169c49609540ce771cd300ce"},
        {"relpath": "Resources/ExperimentDefinitions", "contentType": "EXPERIMENT_DEFINITIONS",
        "defaultDisabled": false, "id": "2ad2f61118004a70940d93b0e924fc92"}], "executionOptions":
        []}, "projectType": "LOCAL", "storageLocation": "USERSPACE"}]}}'
    headers:
      Connection:
      - keep-alive
      Content-Type:
      - application/json; charset=utf-8
      access-control-allow-headers:
      - '*'
      access-control-allow-methods:
      - POST, PUT, GET, DELETE, OPTIONS
      access-control-allow-origin:
      - '*'
      content-length:
      - '1043'
      vary:
      - Accept-Encoding
      x-powered-by:
      - Express
    status:
      code: 200
      message: OK
- request:
    body: null
    headers:
      Accept:
      - '*/*'
      Accept-Encoding:
      - gzip, deflate
      Connection:
      - keep-alive
      Content-Length:
      - '0'
    method: DELETE
    uri: /user/test-user/impact/api/projects/5647d3e10045d4d812076676fe6f507df4a505ce
  response:
    body:
      string: '{"id": "5647d3e10045d4d812076676fe6f507df4a505ce", "definition": {"name":
        "Project", "format": "1.0.0", "dependencies": [{"name": "Modelica", "versionSpecifier":
        "4.0.0"}], "content": [{"relpath": "Resources/Views", "contentType": "VIEWS",
        "defaultDisabled": false, "id": "9e43d5f7454b47a2998566e5061f1c92"}, {"relpath":
        "Resources/Favorites", "contentType": "FAVORITES", "defaultDisabled": false,
        "id": "a2b70bac5f5c49a1b0071c0a516eefd8"}, {"relpath": "Resources/CustomFunctions",
        "contentType": "CUSTOM_FUNCTIONS", "defaultDisabled": false, "id": "cc1d98879a4b4b87b3eba822ece3e0d2"},
        {"relpath": "Resources/Custom", "contentType": "GENERIC", "defaultDisabled":
        false, "id": "9667f20b573a4f3a986eed510a16aa60"}, {"relpath": "ReferenceResults",
        "contentType": "REFERENCE_RESULTS", "defaultDisabled": false, "id": "c21ffe39169c49609540ce771cd300ce"},
        {"relpath": "Resources/ExperimentDefinitions", "contentType": "EXPERIMENT_DEFINITIONS",
        "defaultDisabled": false, "id": "2ad2f61118004a70940d93b0e924fc92"}], "executionOptions":
        []}, "projectType": "LOCAL", "storageLocation": "USERSPACE"}'
    headers:
      Connection:
      - keep-alive
      Content-Type:
      - application/json; charset=utf-8
      access-control-allow-headers:
      - '*'
      access-control-allow-methods:
      - POST, PUT, GET, DELETE, OPTIONS
      access-control-allow-origin:
      - '*'
      vary:
      - Accept-Encoding
      x-powered-by:
      - Express
    status:
      code: 200
      message: OK
- request:
    body: null
    headers:
      Accept:
      - '*/*'
      Accept-Encoding:
      - gzip, deflate
      Connection:
      - keep-alive
      Content-Length:
      - '0'
    method: DELETE
    uri: /user/test-user/impact/api/workspaces/impact-python-client-workspace1
  response:
    body:
      string: ''
    headers:
      Connection:
      - keep-alive
      Content-Type:
      - application/json; charset=utf-8
      access-control-allow-headers:
      - '*'
      access-control-allow-methods:
      - POST, PUT, GET, DELETE, OPTIONS
      access-control-allow-origin:
      - '*'
      vary:
      - Accept-Encoding
      x-powered-by:
      - Express
    status:
      code: 200
      message: OK
version: 1
