interactions:
- request:
    body: null
    headers:
      Accept:
      - '*/*'
      Accept-Encoding:
      - gzip, deflate
      Connection:
      - keep-alive
    method: GET
    uri: /hub/api/
  response:
    body:
      string: '{"version": "4.0.2"}'
    headers:
      Connection:
      - keep-alive
      Content-Type:
      - application/json
      access-control-allow-headers:
      - accept, content-type, authorization
      x-jupyterhub-version:
      - 4.0.2
    status:
      code: 200
      message: OK
- request:
    body: null
    headers:
      Accept:
      - '*/*'
      Accept-Encoding:
      - gzip, deflate
      Connection:
      - keep-alive
    method: GET
    uri: /hub/api/authorizations/token/dummy
  response:
    body:
      string: '{"name": "test@dummy.com", "server": "/user/test@dummy.com/"}'
    headers:
      Connection:
      - keep-alive
      Content-Type:
      - application/json
      access-control-allow-headers:
      - accept, content-type, authorization
      x-jupyterhub-version:
      - 4.0.2
    status:
      code: 200
      message: OK
- request:
    body: null
    headers:
      Accept:
      - '*/*'
      Accept-Encoding:
      - gzip, deflate
      Connection:
      - keep-alive
    method: GET
    uri: /user/test@dummy.com/impact/api/
  response:
    body:
      string: '{"version": "4.10.0"}'
    headers:
      Connection:
      - keep-alive
      Content-Type:
      - application/json; charset=utf-8
      access-control-allow-headers:
      - '*'
      access-control-allow-methods:
      - POST, PUT, GET, DELETE, OPTIONS
      access-control-allow-origin:
      - '*'
      vary:
      - Accept-Encoding
      x-powered-by:
      - Express
    status:
      code: 200
      message: OK
- request:
    body: '{}'
    headers:
      Accept:
      - '*/*'
      Accept-Encoding:
      - gzip, deflate
      Connection:
      - keep-alive
      Content-Length:
      - '113'
      Content-Type:
      - application/json
    method: POST
    uri: /user/test@dummy.com/impact/api/login
  response:
    body:
      string: '{}'
    headers:
      Connection:
      - keep-alive
      Content-Type:
      - application/json; charset=utf-8
      access-control-allow-headers:
      - '*'
      access-control-allow-methods:
      - POST, PUT, GET, DELETE, OPTIONS
      access-control-allow-origin:
      - '*'
      vary:
      - Accept-Encoding
      x-powered-by:
      - Express
    status:
      code: 200
      message: OK
- request:
    body: null
    headers:
      Accept:
      - '*/*'
      Accept-Encoding:
      - gzip, deflate
      Connection:
      - keep-alive
    method: GET
    uri: /user/test@dummy.com/impact/api/users/me
  response:
    body:
      string: '{"data": {"license": "impact-pro", "username": "test@dummy.com"}}'
    headers:
      Connection:
      - keep-alive
      Content-Type:
      - application/json; charset=utf-8
      access-control-allow-headers:
      - '*'
      access-control-allow-methods:
      - POST, PUT, GET, DELETE, OPTIONS
      access-control-allow-origin:
      - '*'
      vary:
      - Accept-Encoding
      x-powered-by:
      - Express
    status:
      code: 200
      message: OK
- request:
    body: null
    headers:
      Accept:
      - '*/*'
      Accept-Encoding:
      - gzip, deflate
      Connection:
      - keep-alive
    method: GET
    uri: /user/test@dummy.com/impact/api/users/me
  response:
    body:
      string: '{"data": {"license": "impact-pro", "username": "test@dummy.com"}}'
    headers:
      Connection:
      - keep-alive
      Content-Type:
      - application/json; charset=utf-8
      access-control-allow-headers:
      - '*'
      access-control-allow-methods:
      - POST, PUT, GET, DELETE, OPTIONS
      access-control-allow-origin:
      - '*'
      vary:
      - Accept-Encoding
      x-powered-by:
      - Express
    status:
      code: 200
      message: OK
- request:
    body: null
    headers:
      Accept:
      - '*/*'
      Accept-Encoding:
      - gzip, deflate
      Connection:
      - keep-alive
    method: GET
    uri: /user/test@dummy.com/impact/api/workspaces
  response:
    body:
      string: '{"data": {"items": []}}'
    headers:
      Connection:
      - keep-alive
      Content-Type:
      - application/json; charset=utf-8
      access-control-allow-headers:
      - '*'
      access-control-allow-methods:
      - POST, PUT, GET, DELETE, OPTIONS
      access-control-allow-origin:
      - '*'
      vary:
      - Accept-Encoding
      x-powered-by:
      - Express
    status:
      code: 200
      message: OK
- request:
    body: '{"new": {"name": "impact-python-client-workspace1"}}'
    headers:
      Accept:
      - '*/*'
      Accept-Encoding:
      - gzip, deflate
      Connection:
      - keep-alive
      Content-Length:
      - '52'
      Content-Type:
      - application/json
    method: POST
    uri: /user/test@dummy.com/impact/api/workspaces
  response:
    body:
      string: '{"definition": {"name": "impact-python-client-workspace1", "description":
        "", "defaultProjectId": "5647d3e10045d4d812076676fe6f507df4a505ce", "projects":
        [{"reference": {"id": "5647d3e10045d4d812076676fe6f507df4a505ce"}, "disabled":
        false, "disabledContent": []}], "dependencies": [{"reference": {"id": "fec43f77925949bd7e7c0f10ac49ebc1189dc840",
        "name": "Modelica", "version": "3.2.3"}, "disabled": true, "disabledContent":
        []}, {"reference": {"id": "ac04a5da97bc2e11bffb7f41b2485da347846df6", "name":
        "Modelica", "version": "4.0.0"}, "disabled": false, "disabledContent": []}],
        "format": "1.0.0", "guid": "7d929b35288d49479f11fc6ee27aad60", "createdBy":
        "5c18f9f3-ef07-453a-9965-9de61f6d53f4", "createdAt": 1711001862242}, "id":
        "impact-python-client-workspace1", "conversion": {"state": "UP_TO_DATE"}}'
    headers:
      Connection:
      - keep-alive
      Content-Type:
      - application/json; charset=utf-8
      access-control-allow-headers:
      - '*'
      access-control-allow-methods:
      - POST, PUT, GET, DELETE, OPTIONS
      access-control-allow-origin:
      - '*'
      vary:
      - Accept-Encoding
      x-powered-by:
      - Express
    status:
      code: 200
      message: OK
- request:
    body: null
    headers:
      Accept:
      - '*/*'
      Accept-Encoding:
      - gzip, deflate
      Connection:
      - keep-alive
    method: GET
    uri: /user/test@dummy.com/impact/api/workspaces/impact-python-client-workspace1/custom-functions/dynamic
  response:
    body:
      string: '{"name": "dynamic", "version": "0.0.1", "description": "Performs a
        dynamic simulation", "can_initialize_from": false, "parameters": [{"name":
        "start_time", "type": "Number", "description": "The start time of the simulation",
        "optional": "false", "defaultValue": 0}, {"name": "final_time", "type": "Number",
        "description": "The final time of the simulation", "optional": "false", "defaultValue":
        1}, {"name": "interval", "type": "Number", "description": "The time resolution
        for the result grid, default is based on solver settings", "optional": "true",
        "defaultValue": 0}]}'
    headers:
      Connection:
      - keep-alive
      Content-Type:
      - application/json; charset=utf-8
      access-control-allow-headers:
      - '*'
      access-control-allow-methods:
      - POST, PUT, GET, DELETE, OPTIONS
      access-control-allow-origin:
      - '*'
      vary:
      - Accept-Encoding
      x-powered-by:
      - Express
    status:
      code: 200
      message: OK
- request:
    body: null
    headers:
      Accept:
      - '*/*'
      Accept-Encoding:
      - gzip, deflate
      Connection:
      - keep-alive
    method: GET
    uri: /user/test@dummy.com/impact/api/workspaces/impact-python-client-workspace1
  response:
    body:
      string: '{"definition": {"name": "impact-python-client-workspace1", "description":
        "", "defaultProjectId": "5647d3e10045d4d812076676fe6f507df4a505ce", "projects":
        [{"reference": {"id": "5647d3e10045d4d812076676fe6f507df4a505ce"}, "disabled":
        false, "disabledContent": []}], "dependencies": [{"reference": {"id": "fec43f77925949bd7e7c0f10ac49ebc1189dc840",
        "name": "Modelica", "version": "3.2.3"}, "disabled": true, "disabledContent":
        []}, {"reference": {"id": "ac04a5da97bc2e11bffb7f41b2485da347846df6", "name":
        "Modelica", "version": "4.0.0"}, "disabled": false, "disabledContent": []}],
        "format": "1.0.0", "guid": "7d929b35288d49479f11fc6ee27aad60", "createdBy":
        "5c18f9f3-ef07-453a-9965-9de61f6d53f4", "createdAt": 1711001862242}, "id":
        "impact-python-client-workspace1", "conversion": {"state": "UP_TO_DATE"}}'
    headers:
      Connection:
      - keep-alive
      Content-Type:
      - application/json; charset=utf-8
      access-control-allow-headers:
      - '*'
      access-control-allow-methods:
      - POST, PUT, GET, DELETE, OPTIONS
      access-control-allow-origin:
      - '*'
      vary:
      - Accept-Encoding
      x-powered-by:
      - Express
    status:
      code: 200
      message: OK
- request:
    body: null
    headers:
      Accept:
      - '*/*'
      Accept-Encoding:
      - gzip, deflate
      Connection:
      - keep-alive
    method: GET
    uri: /user/test@dummy.com/impact/api/projects/5647d3e10045d4d812076676fe6f507df4a505ce
  response:
    body:
      string: '{"id": "5647d3e10045d4d812076676fe6f507df4a505ce", "definition": {"name":
        "Project", "format": "1.0.0", "dependencies": [{"name": "Modelica", "versionSpecifier":
        "4.0.0"}], "content": [{"relpath": "Resources/Views", "contentType": "VIEWS",
        "defaultDisabled": false, "id": "12994e2fbe2a475baaf948c7f79c0809"}, {"relpath":
        "Resources/Favorites", "contentType": "FAVORITES", "defaultDisabled": false,
        "id": "7fbd1d29bc39495aa914d582a36e4957"}, {"relpath": "Resources/CustomFunctions",
        "contentType": "CUSTOM_FUNCTIONS", "defaultDisabled": false, "id": "508e92b7c5cd43f3898dba99dc8a987c"},
        {"relpath": "Resources/Custom", "contentType": "GENERIC", "defaultDisabled":
        false, "id": "13db6fc0b234446db211e9c9c3920be2"}, {"relpath": "ReferenceResults",
        "contentType": "REFERENCE_RESULTS", "defaultDisabled": false, "id": "1e1c1656cb4f4b8dbfe3b2c645e3eec6"},
        {"relpath": "Resources/ExperimentDefinitions", "contentType": "EXPERIMENT_DEFINITIONS",
        "defaultDisabled": false, "id": "ce624c01e7e34624952689c1dbece703"}, {"relpath":
        "Resources/CustomWebApps", "contentType": "CUSTOM_WEB_APPS", "defaultDisabled":
        false, "id": "acb43ad44eac4ffc961fc558a0e914c6"}], "executionOptions": []},
        "projectType": "LOCAL", "storageLocation": "USERSPACE"}'
    headers:
      Connection:
      - keep-alive
      Content-Type:
      - application/json; charset=utf-8
      access-control-allow-headers:
      - '*'
      access-control-allow-methods:
      - POST, PUT, GET, DELETE, OPTIONS
      access-control-allow-origin:
      - '*'
      content-length:
      - '1156'
      vary:
      - Accept-Encoding
      x-powered-by:
      - Express
    status:
      code: 200
      message: OK
- request:
    body: null
    headers:
      Accept:
      - '*/*'
      Accept-Encoding:
      - gzip, deflate
      Connection:
      - keep-alive
    method: GET
    uri: /user/test@dummy.com/impact/api/workspaces/impact-python-client-workspace1/custom-functions/dynamic/options
  response:
    body:
      string: '{"compiler": {"c_compiler": "gcc", "generate_html_diagnostics": false,
        "include_protected_variables": false}, "runtime": {}, "simulation": {"ncp":
        500, "dynamic_diagnostics": false}, "solver": {}}'
    headers:
      Connection:
      - keep-alive
      Content-Type:
      - application/json; charset=utf-8
      access-control-allow-headers:
      - '*'
      access-control-allow-methods:
      - POST, PUT, GET, DELETE, OPTIONS
      access-control-allow-origin:
      - '*'
      vary:
      - Accept-Encoding
      x-powered-by:
      - Express
    status:
      code: 200
      message: OK
- request:
    body: null
    headers:
      Accept:
      - '*/*'
      Accept-Encoding:
      - gzip, deflate
      Connection:
      - keep-alive
    method: GET
    uri: /user/test@dummy.com/impact/api/workspaces/impact-python-client-workspace1/custom-functions/dynamic/options
  response:
    body:
      string: '{"compiler": {"c_compiler": "gcc", "generate_html_diagnostics": false,
        "include_protected_variables": false}, "runtime": {}, "simulation": {"ncp":
        500, "dynamic_diagnostics": false}, "solver": {}}'
    headers:
      Connection:
      - keep-alive
      Content-Type:
      - application/json; charset=utf-8
      access-control-allow-headers:
      - '*'
      access-control-allow-methods:
      - POST, PUT, GET, DELETE, OPTIONS
      access-control-allow-origin:
      - '*'
      vary:
      - Accept-Encoding
      x-powered-by:
      - Express
    status:
      code: 200
      message: OK
- request:
    body: null
    headers:
      Accept:
      - '*/*'
      Accept-Encoding:
      - gzip, deflate
      Connection:
      - keep-alive
    method: GET
    uri: /user/test@dummy.com/impact/api/workspaces/impact-python-client-workspace1/custom-functions/dynamic/options
  response:
    body:
      string: '{"compiler": {"c_compiler": "gcc", "generate_html_diagnostics": false,
        "include_protected_variables": false}, "runtime": {}, "simulation": {"ncp":
        500, "dynamic_diagnostics": false}, "solver": {}}'
    headers:
      Connection:
      - keep-alive
      Content-Type:
      - application/json; charset=utf-8
      access-control-allow-headers:
      - '*'
      access-control-allow-methods:
      - POST, PUT, GET, DELETE, OPTIONS
      access-control-allow-origin:
      - '*'
      vary:
      - Accept-Encoding
      x-powered-by:
      - Express
    status:
      code: 200
      message: OK
- request:
    body: null
    headers:
      Accept:
      - '*/*'
      Accept-Encoding:
      - gzip, deflate
      Connection:
      - keep-alive
    method: GET
    uri: /user/test@dummy.com/impact/api/workspaces/impact-python-client-workspace1/custom-functions/dynamic/options
  response:
    body:
      string: '{"compiler": {"c_compiler": "gcc", "generate_html_diagnostics": false,
        "include_protected_variables": false}, "runtime": {}, "simulation": {"ncp":
        500, "dynamic_diagnostics": false}, "solver": {}}'
    headers:
      Connection:
      - keep-alive
      Content-Type:
      - application/json; charset=utf-8
      access-control-allow-headers:
      - '*'
      access-control-allow-methods:
      - POST, PUT, GET, DELETE, OPTIONS
      access-control-allow-origin:
      - '*'
      vary:
      - Accept-Encoding
      x-powered-by:
      - Express
    status:
      code: 200
      message: OK
- request:
    body: '{"experiment": {"version": 2, "base": {"model": {"modelica": {"className":
      "Modelica.Blocks.Examples.PID_Controller", "compilerOptions": {"c_compiler":
      "gcc", "generate_html_diagnostics": false, "include_protected_variables": false},
      "runtimeOptions": {}, "compilerLogLevel": "warning", "fmiTarget": "me", "fmiVersion":
      "2.0", "platform": "auto"}}, "modifiers": {"variables": {}}, "analysis": {"type":
      "dynamic", "parameters": {"start_time": 0, "final_time": 1, "interval": 0},
      "simulationOptions": {"ncp": 500, "dynamic_diagnostics": false}, "solverOptions":
      {}, "simulationLogLevel": "WARNING"}, "expansion": {"algorithm": "FULLFACTORIAL"}},
      "extensions": []}}'
    headers:
      Accept:
      - '*/*'
      Accept-Encoding:
      - gzip, deflate
      Connection:
      - keep-alive
      Content-Length:
      - '662'
      Content-Type:
      - application/json
    method: POST
    uri: /user/test@dummy.com/impact/api/workspaces/impact-python-client-workspace1/experiments
  response:
    body:
      string: '{"experiment_id": "modelica_blocks_examples_pid_controller_20240321_061744_7b97e11"}'
    headers:
      Connection:
      - keep-alive
      Content-Type:
      - application/json; charset=utf-8
      access-control-allow-headers:
      - '*'
      access-control-allow-methods:
      - POST, PUT, GET, DELETE, OPTIONS
      access-control-allow-origin:
      - '*'
      vary:
      - Accept-Encoding
      x-powered-by:
      - Express
    status:
      code: 200
      message: OK
- request:
    body: null
    headers:
      Accept:
      - '*/*'
      Accept-Encoding:
      - gzip, deflate
      Connection:
      - keep-alive
    method: GET
    uri: /user/test@dummy.com/impact/api/workspaces/impact-python-client-workspace1/custom-functions/dynamic
  response:
    body:
      string: '{"name": "dynamic", "version": "0.0.1", "description": "Performs a
        dynamic simulation", "can_initialize_from": false, "parameters": [{"name":
        "start_time", "type": "Number", "description": "The start time of the simulation",
        "optional": "false", "defaultValue": 0}, {"name": "final_time", "type": "Number",
        "description": "The final time of the simulation", "optional": "false", "defaultValue":
        1}, {"name": "interval", "type": "Number", "description": "The time resolution
        for the result grid, default is based on solver settings", "optional": "true",
        "defaultValue": 0}]}'
    headers:
      Connection:
      - keep-alive
      Content-Type:
      - application/json; charset=utf-8
      access-control-allow-headers:
      - '*'
      access-control-allow-methods:
      - POST, PUT, GET, DELETE, OPTIONS
      access-control-allow-origin:
      - '*'
      vary:
      - Accept-Encoding
      x-powered-by:
      - Express
    status:
      code: 200
      message: OK
- request:
    body: null
    headers:
      Accept:
      - '*/*'
      Accept-Encoding:
      - gzip, deflate
      Connection:
      - keep-alive
    method: GET
    uri: /user/test@dummy.com/impact/api/workspaces/impact-python-client-workspace1
  response:
    body:
      string: '{"definition": {"name": "impact-python-client-workspace1", "description":
        "", "defaultProjectId": "5647d3e10045d4d812076676fe6f507df4a505ce", "projects":
        [{"reference": {"id": "5647d3e10045d4d812076676fe6f507df4a505ce"}, "disabled":
        false, "disabledContent": []}], "dependencies": [{"reference": {"id": "fec43f77925949bd7e7c0f10ac49ebc1189dc840",
        "name": "Modelica", "version": "3.2.3"}, "disabled": true, "disabledContent":
        []}, {"reference": {"id": "ac04a5da97bc2e11bffb7f41b2485da347846df6", "name":
        "Modelica", "version": "4.0.0"}, "disabled": false, "disabledContent": []}],
        "format": "1.0.0", "guid": "7d929b35288d49479f11fc6ee27aad60", "createdBy":
        "5c18f9f3-ef07-453a-9965-9de61f6d53f4", "createdAt": 1711001862242}, "id":
        "impact-python-client-workspace1", "conversion": {"state": "UP_TO_DATE"}}'
    headers:
      Connection:
      - keep-alive
      Content-Type:
      - application/json; charset=utf-8
      access-control-allow-headers:
      - '*'
      access-control-allow-methods:
      - POST, PUT, GET, DELETE, OPTIONS
      access-control-allow-origin:
      - '*'
      vary:
      - Accept-Encoding
      x-powered-by:
      - Express
    status:
      code: 200
      message: OK
- request:
    body: null
    headers:
      Accept:
      - '*/*'
      Accept-Encoding:
      - gzip, deflate
      Connection:
      - keep-alive
    method: GET
    uri: /user/test@dummy.com/impact/api/projects/5647d3e10045d4d812076676fe6f507df4a505ce
  response:
    body:
      string: '{"id": "5647d3e10045d4d812076676fe6f507df4a505ce", "definition": {"name":
        "Project", "format": "1.0.0", "dependencies": [{"name": "Modelica", "versionSpecifier":
        "4.0.0"}], "content": [{"relpath": "Resources/Views", "contentType": "VIEWS",
        "defaultDisabled": false, "id": "12994e2fbe2a475baaf948c7f79c0809"}, {"relpath":
        "Resources/Favorites", "contentType": "FAVORITES", "defaultDisabled": false,
        "id": "7fbd1d29bc39495aa914d582a36e4957"}, {"relpath": "Resources/CustomFunctions",
        "contentType": "CUSTOM_FUNCTIONS", "defaultDisabled": false, "id": "508e92b7c5cd43f3898dba99dc8a987c"},
        {"relpath": "Resources/Custom", "contentType": "GENERIC", "defaultDisabled":
        false, "id": "13db6fc0b234446db211e9c9c3920be2"}, {"relpath": "ReferenceResults",
        "contentType": "REFERENCE_RESULTS", "defaultDisabled": false, "id": "1e1c1656cb4f4b8dbfe3b2c645e3eec6"},
        {"relpath": "Resources/ExperimentDefinitions", "contentType": "EXPERIMENT_DEFINITIONS",
        "defaultDisabled": false, "id": "ce624c01e7e34624952689c1dbece703"}, {"relpath":
        "Resources/CustomWebApps", "contentType": "CUSTOM_WEB_APPS", "defaultDisabled":
        false, "id": "acb43ad44eac4ffc961fc558a0e914c6"}], "executionOptions": []},
        "projectType": "LOCAL", "storageLocation": "USERSPACE"}'
    headers:
      Connection:
      - keep-alive
      Content-Type:
      - application/json; charset=utf-8
      access-control-allow-headers:
      - '*'
      access-control-allow-methods:
      - POST, PUT, GET, DELETE, OPTIONS
      access-control-allow-origin:
      - '*'
      content-length:
      - '1156'
      vary:
      - Accept-Encoding
      x-powered-by:
      - Express
    status:
      code: 200
      message: OK
- request:
    body: null
    headers:
      Accept:
      - '*/*'
      Accept-Encoding:
      - gzip, deflate
      Connection:
      - keep-alive
    method: GET
    uri: /user/test@dummy.com/impact/api/workspaces/impact-python-client-workspace1/custom-functions/dynamic/options
  response:
    body:
      string: '{"compiler": {"c_compiler": "gcc", "generate_html_diagnostics": false,
        "include_protected_variables": false}, "runtime": {}, "simulation": {"ncp":
        500, "dynamic_diagnostics": false}, "solver": {}}'
    headers:
      Connection:
      - keep-alive
      Content-Type:
      - application/json; charset=utf-8
      access-control-allow-headers:
      - '*'
      access-control-allow-methods:
      - POST, PUT, GET, DELETE, OPTIONS
      access-control-allow-origin:
      - '*'
      vary:
      - Accept-Encoding
      x-powered-by:
      - Express
    status:
      code: 200
      message: OK
- request:
    body: null
    headers:
      Accept:
      - '*/*'
      Accept-Encoding:
      - gzip, deflate
      Connection:
      - keep-alive
    method: GET
    uri: /user/test@dummy.com/impact/api/workspaces/impact-python-client-workspace1/custom-functions/dynamic/options
  response:
    body:
      string: '{"compiler": {"c_compiler": "gcc", "generate_html_diagnostics": false,
        "include_protected_variables": false}, "runtime": {}, "simulation": {"ncp":
        500, "dynamic_diagnostics": false}, "solver": {}}'
    headers:
      Connection:
      - keep-alive
      Content-Type:
      - application/json; charset=utf-8
      access-control-allow-headers:
      - '*'
      access-control-allow-methods:
      - POST, PUT, GET, DELETE, OPTIONS
      access-control-allow-origin:
      - '*'
      vary:
      - Accept-Encoding
      x-powered-by:
      - Express
    status:
      code: 200
      message: OK
- request:
    body: null
    headers:
      Accept:
      - '*/*'
      Accept-Encoding:
      - gzip, deflate
      Connection:
      - keep-alive
    method: GET
    uri: /user/test@dummy.com/impact/api/workspaces/impact-python-client-workspace1/custom-functions/dynamic/options
  response:
    body:
      string: '{"compiler": {"c_compiler": "gcc", "generate_html_diagnostics": false,
        "include_protected_variables": false}, "runtime": {}, "simulation": {"ncp":
        500, "dynamic_diagnostics": false}, "solver": {}}'
    headers:
      Connection:
      - keep-alive
      Content-Type:
      - application/json; charset=utf-8
      access-control-allow-headers:
      - '*'
      access-control-allow-methods:
      - POST, PUT, GET, DELETE, OPTIONS
      access-control-allow-origin:
      - '*'
      vary:
      - Accept-Encoding
      x-powered-by:
      - Express
    status:
      code: 200
      message: OK
- request:
    body: null
    headers:
      Accept:
      - '*/*'
      Accept-Encoding:
      - gzip, deflate
      Connection:
      - keep-alive
    method: GET
    uri: /user/test@dummy.com/impact/api/workspaces/impact-python-client-workspace1/custom-functions/dynamic/options
  response:
    body:
      string: '{"compiler": {"c_compiler": "gcc", "generate_html_diagnostics": false,
        "include_protected_variables": false}, "runtime": {}, "simulation": {"ncp":
        500, "dynamic_diagnostics": false}, "solver": {}}'
    headers:
      Connection:
      - keep-alive
      Content-Type:
      - application/json; charset=utf-8
      access-control-allow-headers:
      - '*'
      access-control-allow-methods:
      - POST, PUT, GET, DELETE, OPTIONS
      access-control-allow-origin:
      - '*'
      vary:
      - Accept-Encoding
      x-powered-by:
      - Express
    status:
      code: 200
      message: OK
- request:
    body: '{"experiment": {"version": 2, "base": {"model": {"modelica": {"className":
      "Modelica.Blocks.Examples.PID_Controller", "compilerOptions": {"c_compiler":
      "gcc", "generate_html_diagnostics": false, "include_protected_variables": false},
      "runtimeOptions": {}, "compilerLogLevel": "warning", "fmiTarget": "me", "fmiVersion":
      "2.0", "platform": "auto"}}, "modifiers": {"variables": {}}, "analysis": {"type":
      "dynamic", "parameters": {"start_time": 0, "final_time": 1, "interval": 0},
      "simulationOptions": {"ncp": 500, "dynamic_diagnostics": false}, "solverOptions":
      {}, "simulationLogLevel": "WARNING"}, "expansion": {"algorithm": "FULLFACTORIAL"}},
      "extensions": []}}'
    headers:
      Accept:
      - '*/*'
      Accept-Encoding:
      - gzip, deflate
      Connection:
      - keep-alive
      Content-Length:
      - '662'
      Content-Type:
      - application/json
    method: POST
    uri: /user/test@dummy.com/impact/api/workspaces/impact-python-client-workspace1/experiments
  response:
    body:
      string: '{"experiment_id": "modelica_blocks_examples_pid_controller_20240321_061746_bfb9e14"}'
    headers:
      Connection:
      - keep-alive
      Content-Type:
      - application/json; charset=utf-8
      access-control-allow-headers:
      - '*'
      access-control-allow-methods:
      - POST, PUT, GET, DELETE, OPTIONS
      access-control-allow-origin:
      - '*'
      vary:
      - Accept-Encoding
      x-powered-by:
      - Express
    status:
      code: 200
      message: OK
- request:
    body: null
    headers:
      Accept:
      - application/vnd.impact.experiment.v2+json
      Accept-Encoding:
      - gzip, deflate
      Connection:
      - keep-alive
    method: GET
    uri: /user/test@dummy.com/impact/api/workspaces/impact-python-client-workspace1/experiments
  response:
    body:
      string: '{"data": {"items": [{"id": "modelica_blocks_examples_pid_controller_20240321_061744_7b97e11",
        "experiment": {"version": 2, "base": {"model": {"modelica": {"className":
        "Modelica.Blocks.Examples.PID_Controller", "compilerOptions": {"c_compiler":
        "gcc", "generate_html_diagnostics": false, "include_protected_variables":
        false}, "runtimeOptions": {}, "compilerLogLevel": "warning", "fmiTarget":
        "me", "fmiVersion": "2.0", "platform": "auto"}}, "analysis": {"parameters":
        {"start_time": 0, "final_time": 1, "interval": 0}, "simulationOptions": {"ncp":
        500, "dynamic_diagnostics": false}, "solverOptions": {}, "type": "dynamic",
        "simulationLogLevel": "WARNING"}, "modifiers": {"variables": {}}, "expansion":
        {"algorithm": "FULLFACTORIAL"}}, "extensions": []}, "meta_data": {"created_epoch":
        1711001864, "experiment_hash": "9020114087e35f8bdbfd0b94437438a5", "label":
        "", "model_names": ["Modelica.Blocks.Examples.PID_Controller"]}, "run_info":
        {"status": "not_started", "failed": 0, "successful": 0, "cancelled": 0, "not_started":
        0}}, {"id": "modelica_blocks_examples_pid_controller_20240321_061746_bfb9e14",
        "experiment": {"version": 2, "base": {"model": {"modelica": {"className":
        "Modelica.Blocks.Examples.PID_Controller", "compilerOptions": {"c_compiler":
        "gcc", "generate_html_diagnostics": false, "include_protected_variables":
        false}, "runtimeOptions": {}, "compilerLogLevel": "warning", "fmiTarget":
        "me", "fmiVersion": "2.0", "platform": "auto"}}, "analysis": {"parameters":
        {"start_time": 0, "final_time": 1, "interval": 0}, "simulationOptions": {"ncp":
        500, "dynamic_diagnostics": false}, "solverOptions": {}, "type": "dynamic",
        "simulationLogLevel": "WARNING"}, "modifiers": {"variables": {}}, "expansion":
        {"algorithm": "FULLFACTORIAL"}}, "extensions": []}, "meta_data": {"created_epoch":
        1711001866, "experiment_hash": "9020114087e35f8bdbfd0b94437438a5", "label":
        "", "model_names": ["Modelica.Blocks.Examples.PID_Controller"]}, "run_info":
        {"status": "not_started", "failed": 0, "successful": 0, "cancelled": 0, "not_started":
        0}}]}}'
    headers:
      Connection:
      - keep-alive
      Content-Type:
      - application/json; charset=utf-8
      access-control-allow-headers:
      - '*'
      access-control-allow-methods:
      - POST, PUT, GET, DELETE, OPTIONS
      access-control-allow-origin:
      - '*'
      content-length:
      - '2045'
      vary:
      - Accept-Encoding
      x-powered-by:
      - Express
    status:
      code: 200
      message: OK
- request:
    body: null
    headers:
      Accept:
      - '*/*'
      Accept-Encoding:
      - gzip, deflate
      Connection:
      - keep-alive
    method: GET
    uri: /user/test@dummy.com/impact/api/workspaces
  response:
    body:
      string: '{"data": {"items": [{"definition": {"name": "impact-python-client-workspace1",
        "description": "", "defaultProjectId": "5647d3e10045d4d812076676fe6f507df4a505ce",
        "projects": [{"reference": {"id": "5647d3e10045d4d812076676fe6f507df4a505ce"},
        "disabled": false, "disabledContent": []}], "dependencies": [{"reference":
        {"id": "fec43f77925949bd7e7c0f10ac49ebc1189dc840", "name": "Modelica", "version":
        "3.2.3"}, "disabled": true, "disabledContent": []}, {"reference": {"id": "ac04a5da97bc2e11bffb7f41b2485da347846df6",
        "name": "Modelica", "version": "4.0.0"}, "disabled": false, "disabledContent":
        []}], "format": "1.0.0", "guid": "7d929b35288d49479f11fc6ee27aad60", "createdBy":
        "5c18f9f3-ef07-453a-9965-9de61f6d53f4", "createdAt": 1711001862242}, "id":
        "impact-python-client-workspace1", "conversion": {"state": "UP_TO_DATE"}}]}}'
    headers:
      Connection:
      - keep-alive
      Content-Type:
      - application/json; charset=utf-8
      access-control-allow-headers:
      - '*'
      access-control-allow-methods:
      - POST, PUT, GET, DELETE, OPTIONS
      access-control-allow-origin:
      - '*'
      vary:
      - Accept-Encoding
      x-powered-by:
      - Express
    status:
      code: 200
      message: OK
- request:
    body: null
    headers:
      Accept:
      - '*/*'
      Accept-Encoding:
      - gzip, deflate
      Connection:
      - keep-alive
    method: GET
    uri: /user/test@dummy.com/impact/api/workspaces/impact-python-client-workspace1/projects
  response:
    body:
      string: '{"data": {"items": [{"id": "5647d3e10045d4d812076676fe6f507df4a505ce",
        "definition": {"name": "Project", "format": "1.0.0", "dependencies": [{"name":
        "Modelica", "versionSpecifier": "4.0.0"}], "content": [{"relpath": "Resources/Views",
        "contentType": "VIEWS", "defaultDisabled": false, "id": "12994e2fbe2a475baaf948c7f79c0809"},
        {"relpath": "Resources/Favorites", "contentType": "FAVORITES", "defaultDisabled":
        false, "id": "7fbd1d29bc39495aa914d582a36e4957"}, {"relpath": "Resources/CustomFunctions",
        "contentType": "CUSTOM_FUNCTIONS", "defaultDisabled": false, "id": "508e92b7c5cd43f3898dba99dc8a987c"},
        {"relpath": "Resources/Custom", "contentType": "GENERIC", "defaultDisabled":
        false, "id": "13db6fc0b234446db211e9c9c3920be2"}, {"relpath": "ReferenceResults",
        "contentType": "REFERENCE_RESULTS", "defaultDisabled": false, "id": "1e1c1656cb4f4b8dbfe3b2c645e3eec6"},
        {"relpath": "Resources/ExperimentDefinitions", "contentType": "EXPERIMENT_DEFINITIONS",
        "defaultDisabled": false, "id": "ce624c01e7e34624952689c1dbece703"}, {"relpath":
        "Resources/CustomWebApps", "contentType": "CUSTOM_WEB_APPS", "defaultDisabled":
        false, "id": "acb43ad44eac4ffc961fc558a0e914c6"}], "executionOptions": []},
        "projectType": "LOCAL", "storageLocation": "USERSPACE"}]}}'
    headers:
      Connection:
      - keep-alive
      Content-Type:
      - application/json; charset=utf-8
      access-control-allow-headers:
      - '*'
      access-control-allow-methods:
      - POST, PUT, GET, DELETE, OPTIONS
      access-control-allow-origin:
      - '*'
      content-length:
      - '1177'
      vary:
      - Accept-Encoding
      x-powered-by:
      - Express
    status:
      code: 200
      message: OK
- request:
    body: null
    headers:
      Accept:
      - '*/*'
      Accept-Encoding:
      - gzip, deflate
      Connection:
      - keep-alive
      Content-Length:
      - '0'
    method: DELETE
    uri: /user/test@dummy.com/impact/api/projects/5647d3e10045d4d812076676fe6f507df4a505ce
  response:
    body:
      string: '{"id": "5647d3e10045d4d812076676fe6f507df4a505ce", "definition": {"name":
        "Project", "format": "1.0.0", "dependencies": [{"name": "Modelica", "versionSpecifier":
        "4.0.0"}], "content": [{"relpath": "Resources/Views", "contentType": "VIEWS",
        "defaultDisabled": false, "id": "12994e2fbe2a475baaf948c7f79c0809"}, {"relpath":
        "Resources/Favorites", "contentType": "FAVORITES", "defaultDisabled": false,
        "id": "7fbd1d29bc39495aa914d582a36e4957"}, {"relpath": "Resources/CustomFunctions",
        "contentType": "CUSTOM_FUNCTIONS", "defaultDisabled": false, "id": "508e92b7c5cd43f3898dba99dc8a987c"},
        {"relpath": "Resources/Custom", "contentType": "GENERIC", "defaultDisabled":
        false, "id": "13db6fc0b234446db211e9c9c3920be2"}, {"relpath": "ReferenceResults",
        "contentType": "REFERENCE_RESULTS", "defaultDisabled": false, "id": "1e1c1656cb4f4b8dbfe3b2c645e3eec6"},
        {"relpath": "Resources/ExperimentDefinitions", "contentType": "EXPERIMENT_DEFINITIONS",
        "defaultDisabled": false, "id": "ce624c01e7e34624952689c1dbece703"}, {"relpath":
        "Resources/CustomWebApps", "contentType": "CUSTOM_WEB_APPS", "defaultDisabled":
        false, "id": "acb43ad44eac4ffc961fc558a0e914c6"}], "executionOptions": []},
        "projectType": "LOCAL", "storageLocation": "USERSPACE"}'
    headers:
      Connection:
      - keep-alive
      Content-Type:
      - application/json; charset=utf-8
      access-control-allow-headers:
      - '*'
      access-control-allow-methods:
      - POST, PUT, GET, DELETE, OPTIONS
      access-control-allow-origin:
      - '*'
      content-length:
      - '1156'
      vary:
      - Accept-Encoding
      x-powered-by:
      - Express
    status:
      code: 200
      message: OK
- request:
    body: null
    headers:
      Accept:
      - '*/*'
      Accept-Encoding:
      - gzip, deflate
      Connection:
      - keep-alive
      Content-Length:
      - '0'
    method: DELETE
    uri: /user/test@dummy.com/impact/api/workspaces/impact-python-client-workspace1
  response:
    body:
      string: ''
    headers:
      Connection:
      - keep-alive
      Content-Type:
      - application/json; charset=utf-8
      access-control-allow-headers:
      - '*'
      access-control-allow-methods:
      - POST, PUT, GET, DELETE, OPTIONS
      access-control-allow-origin:
      - '*'
      vary:
      - Accept-Encoding
      x-powered-by:
      - Express
    status:
      code: 200
      message: OK
version: 1
