interactions:
- request:
    body: null
    headers:
      Accept:
      - application/json
      Accept-Encoding:
      - gzip, deflate
      Connection:
      - keep-alive
    method: GET
    uri: /hub/api/
  response:
    body:
      string: '{"version": "5.2.1"}'
    headers:
      Connection:
      - keep-alive
      Content-Type:
      - application/json
      access-control-allow-headers:
      - accept, content-type, authorization
      x-jupyterhub-version:
      - 5.2.1
    status:
      code: 200
      message: OK
- request:
    body: null
    headers:
      Accept:
      - application/json
      Accept-Encoding:
      - gzip, deflate
      Connection:
      - keep-alive
    method: GET
    uri: /hub/api/
  response:
    body:
      string: '{"version": "5.2.1"}'
    headers:
      Connection:
      - keep-alive
      Content-Type:
      - application/json
      access-control-allow-headers:
      - accept, content-type, authorization
      x-jupyterhub-version:
      - 5.2.1
    status:
      code: 200
      message: OK
- request:
    body: null
    headers:
      Accept:
      - application/json
      Accept-Encoding:
      - gzip, deflate
      Connection:
      - keep-alive
    method: GET
    uri: /hub/api/user
  response:
    body:
      string: '{"name": "test-user-uniqid", "server": "/user/test-user-uniqid/"}'
    headers:
      Connection:
      - keep-alive
      Content-Type:
      - application/json
      access-control-allow-headers:
      - accept, content-type, authorization
      x-jupyterhub-version:
      - 5.2.1
    status:
      code: 200
      message: OK
- request:
    body: null
    headers:
      Accept:
      - application/json
      Accept-Encoding:
      - gzip, deflate
      Connection:
      - keep-alive
    method: GET
    uri: /user/test-user-uniqid/impact/api/users/me
  response:
    body:
      string: '{"data": {"id": "test-user-uniqid", "username": "test-user", "firstName":
        null, "lastName": null, "email": "test-user@modelon.com", "license": "impact-pro",
        "roles": ["impact-editor", "offline_access", "impact-viewer", "uma_authorization",
        "default-roles-modelon", "impact-pro", "impact-executor", "impact-workspace-publisher"],
        "tenant": {"id": "org1", "groupName": "impact-tenant-org1"}}}'
    headers:
      Connection:
      - keep-alive
      Content-Type:
      - application/json
    status:
      code: 200
      message: OK
- request:
    body: null
    headers:
      Accept:
      - application/json
      Accept-Encoding:
      - gzip, deflate
      Connection:
      - keep-alive
    method: GET
    uri: /user/test-user-uniqid/impact/api/
  response:
    body:
      string: '{"version": "4.24.0"}'
    headers:
      Connection:
      - keep-alive
      Content-Type:
      - application/json; charset=utf-8
      Vary:
      - Accept-Encoding
    status:
      code: 200
      message: OK
- request:
    body: null
    headers:
      Accept:
      - application/json
      Accept-Encoding:
      - gzip, deflate
      Connection:
      - keep-alive
    method: GET
    uri: /user/test-user-uniqid/impact/api/users/me
  response:
    body:
      string: '{"data": {"id": "test-user-uniqid", "username": "test-user", "firstName":
        null, "lastName": null, "email": "test-user@modelon.com", "license": "impact-pro",
        "roles": ["impact-editor", "offline_access", "impact-viewer", "uma_authorization",
        "default-roles-modelon", "impact-pro", "impact-executor", "impact-workspace-publisher"],
        "tenant": {"id": "org1", "groupName": "impact-tenant-org1"}}}'
    headers:
      Connection:
      - keep-alive
      Content-Type:
      - application/json
    status:
      code: 200
      message: OK
- request:
    body: null
    headers:
      Accept:
      - application/json
      Accept-Encoding:
      - gzip, deflate
      Connection:
      - keep-alive
    method: GET
    uri: /user/test-user-uniqid/impact/api/workspaces
  response:
    body:
      string: '{"data": {"items": []}}'
    headers:
      Connection:
      - keep-alive
      Content-Type:
      - application/json; charset=utf-8
      Vary:
      - Accept-Encoding
    status:
      code: 200
      message: OK
- request:
    body: '{"new": {"name": "impact-python-client-workspace1"}}'
    headers:
      Accept:
      - application/json
      Accept-Encoding:
      - gzip, deflate
      Connection:
      - keep-alive
      Content-Length:
      - '52'
      Content-Type:
      - application/json
    method: POST
    uri: /user/test-user-uniqid/impact/api/workspaces
  response:
    body:
      string: '{"definition": {"name": "impact-python-client-workspace1", "description":
        "", "defaultProjectId": "7b29e657fc5cde4410c06d002f2b57b3554b270a", "projects":
        [{"reference": {"id": "7b29e657fc5cde4410c06d002f2b57b3554b270a"}, "disabled":
        false, "disabledContent": []}], "dependencies": [{"reference": {"id": "fec43f77925949bd7e7c0f10ac49ebc1189dc840",
        "name": "Modelica", "version": "3.2.3"}, "disabled": true, "disabledContent":
        []}, {"reference": {"id": "ac04a5da97bc2e11bffb7f41b2485da347846df6", "name":
        "Modelica", "version": "4.0.0"}, "disabled": false, "disabledContent": []}],
        "format": "1.0.0", "guid": "5e64c774fd0946f3af942029c0652c72", "createdBy":
        "test-user-uniqid", "createdAt": 1740061092722}, "id": "impact-python-client-workspace1",
        "conversion": {"state": "UP_TO_DATE"}}'
    headers:
      Connection:
      - keep-alive
      Content-Type:
      - application/json; charset=utf-8
      Vary:
      - Accept-Encoding
    status:
      code: 200
      message: OK
- request:
    body: null
    headers:
      Accept:
      - application/json
      Accept-Encoding:
      - gzip, deflate
      Connection:
      - keep-alive
    method: GET
    uri: /user/test-user-uniqid/impact/api/workspaces/impact-python-client-workspace1
  response:
    body:
      string: '{"definition": {"name": "impact-python-client-workspace1", "description":
        "", "defaultProjectId": "7b29e657fc5cde4410c06d002f2b57b3554b270a", "projects":
        [{"reference": {"id": "7b29e657fc5cde4410c06d002f2b57b3554b270a"}, "disabled":
        false, "disabledContent": []}], "dependencies": [{"reference": {"id": "fec43f77925949bd7e7c0f10ac49ebc1189dc840",
        "name": "Modelica", "version": "3.2.3"}, "disabled": true, "disabledContent":
        []}, {"reference": {"id": "ac04a5da97bc2e11bffb7f41b2485da347846df6", "name":
        "Modelica", "version": "4.0.0"}, "disabled": false, "disabledContent": []}],
        "format": "1.0.0", "guid": "5e64c774fd0946f3af942029c0652c72", "createdBy":
        "test-user-uniqid", "createdAt": 1740061092722}, "id": "impact-python-client-workspace1",
        "conversion": {"state": "UP_TO_DATE"}}'
    headers:
      Connection:
      - keep-alive
      Content-Type:
      - application/json; charset=utf-8
      Vary:
      - Accept-Encoding
    status:
      code: 200
      message: OK
- request:
    body: null
    headers:
      Accept:
      - application/json
      Accept-Encoding:
      - gzip, deflate
      Connection:
      - keep-alive
    method: GET
    uri: /user/test-user-uniqid/impact/api/projects/7b29e657fc5cde4410c06d002f2b57b3554b270a
  response:
    body:
      string: '{"id": "7b29e657fc5cde4410c06d002f2b57b3554b270a", "definition": {"name":
        "Project", "format": "1.0.0", "dependencies": [{"name": "Modelica", "versionSpecifier":
        "4.0.0"}], "content": [{"relpath": "Resources/Views", "contentType": "VIEWS",
        "defaultDisabled": false, "id": "b528254aa1a04cc684ef5c8ee45fbab5"}, {"relpath":
        "Resources/Favorites", "contentType": "FAVORITES", "defaultDisabled": false,
        "id": "ee17c301c3a84398b0951d19aec146e2"}, {"relpath": "Resources/CustomFunctions",
        "contentType": "CUSTOM_FUNCTIONS", "defaultDisabled": false, "id": "bb57ed72c7164f9d99a7975b0a5cfb0a"},
        {"relpath": "Resources/Custom", "contentType": "GENERIC", "defaultDisabled":
        false, "id": "bbf0d4eee26043be87b2a55754c05482"}, {"relpath": "ReferenceResults",
        "contentType": "REFERENCE_RESULTS", "defaultDisabled": false, "id": "91718e5e3ee9458a8f1782618c75ea19"},
        {"relpath": "Resources/ExperimentDefinitions", "contentType": "EXPERIMENT_DEFINITIONS",
        "defaultDisabled": false, "id": "0bbc73039ce048718481e651f84faafe"}], "executionOptions":
        []}, "projectType": "LOCAL", "storageLocation": "USERSPACE"}'
    headers:
      Connection:
      - keep-alive
      Content-Type:
      - application/json; charset=utf-8
      Vary:
      - Accept-Encoding
    status:
      code: 200
      message: OK
- request:
    body: "--1c2085404f1388a36910d24f5b73d1ec\r\nContent-Disposition: form-data; name=\"file\";
      filename=\"Single.mo\"\r\n\r\npackage Single\n    model Model\n    end Model;\n
      \ annotation (uses(Modelica(version=\"3.2.2\"), ThermalPower(version=\"1.14\")));\nend
      Single;\n\r\n--1c2085404f1388a36910d24f5b73d1ec\r\nContent-Disposition: form-data;
      name=\"options\"; filename=\"options\"\r\n\r\n{\"contentType\": \"MODELICA\"}\r\n--1c2085404f1388a36910d24f5b73d1ec--\r\n"
    headers:
      Accept:
      - application/json
      Accept-Encoding:
      - gzip, deflate
      Connection:
      - keep-alive
      Content-Length:
      - '416'
      Content-Type:
      - multipart/form-data; boundary=1c2085404f1388a36910d24f5b73d1ec
    method: POST
    uri: /user/test-user-uniqid/impact/api/projects/7b29e657fc5cde4410c06d002f2b57b3554b270a/content-imports
  response:
    body:
      string: '{"data": {"location": "api/projects/7b29e657fc5cde4410c06d002f2b57b3554b270a/content-imports/da4555ecc79d4eae9e48fc7067fcd270"}}'
    headers:
      Connection:
      - keep-alive
      Content-Type:
      - application/json; charset=utf-8
      Vary:
      - Accept-Encoding
    status:
      code: 201
      message: Created
- request:
    body: null
    headers:
      Accept:
      - application/json
      Accept-Encoding:
      - gzip, deflate
      Connection:
      - keep-alive
    method: GET
    uri: /user/test-user-uniqid/impact/api/projects/7b29e657fc5cde4410c06d002f2b57b3554b270a/content-imports/da4555ecc79d4eae9e48fc7067fcd270
  response:
    body:
      string: '{"data": {"id": "da4555ecc79d4eae9e48fc7067fcd270", "status": "ready",
        "data": {"resourceUri": "api/projects/7b29e657fc5cde4410c06d002f2b57b3554b270a/content/b1812509169d435ba7fde1d3aee54dda",
        "contentId": "b1812509169d435ba7fde1d3aee54dda"}}}'
    headers:
      Connection:
      - keep-alive
      Content-Type:
      - application/json; charset=utf-8
      Vary:
      - Accept-Encoding
    status:
      code: 200
      message: OK
- request:
    body: null
    headers:
      Accept:
      - application/json
      Accept-Encoding:
      - gzip, deflate
      Connection:
      - keep-alive
    method: GET
    uri: /user/test-user-uniqid/impact/api/projects/7b29e657fc5cde4410c06d002f2b57b3554b270a/content-imports/da4555ecc79d4eae9e48fc7067fcd270
  response:
    body:
      string: '{"data": {"id": "da4555ecc79d4eae9e48fc7067fcd270", "status": "ready",
        "data": {"resourceUri": "api/projects/7b29e657fc5cde4410c06d002f2b57b3554b270a/content/b1812509169d435ba7fde1d3aee54dda",
        "contentId": "b1812509169d435ba7fde1d3aee54dda"}}}'
    headers:
      Connection:
      - keep-alive
      Content-Type:
      - application/json; charset=utf-8
      Vary:
      - Accept-Encoding
    status:
      code: 200
      message: OK
- request:
    body: null
    headers:
      Accept:
      - application/json
      Accept-Encoding:
      - gzip, deflate
      Connection:
      - keep-alive
    method: GET
    uri: /user/test-user-uniqid/impact/api/projects/7b29e657fc5cde4410c06d002f2b57b3554b270a/content/b1812509169d435ba7fde1d3aee54dda
  response:
    body:
      string: '{"relpath": "Single.mo", "contentType": "MODELICA", "name": "Single",
        "defaultDisabled": false, "id": "b1812509169d435ba7fde1d3aee54dda"}'
    headers:
      Connection:
      - keep-alive
      Content-Type:
      - application/json; charset=utf-8
      Vary:
      - Accept-Encoding
    status:
      code: 200
      message: OK
- request:
    body: null
    headers:
      Accept:
      - application/json
      Accept-Encoding:
      - gzip, deflate
      Connection:
      - keep-alive
    method: GET
    uri: /user/test-user-uniqid/impact/api/workspaces
  response:
    body:
      string: '{"data": {"items": [{"definition": {"name": "impact-python-client-workspace1",
        "description": "", "defaultProjectId": "7b29e657fc5cde4410c06d002f2b57b3554b270a",
        "projects": [{"reference": {"id": "7b29e657fc5cde4410c06d002f2b57b3554b270a"},
        "disabled": false, "disabledContent": []}], "dependencies": [{"reference":
        {"id": "fec43f77925949bd7e7c0f10ac49ebc1189dc840", "name": "Modelica", "version":
        "3.2.3"}, "disabled": true, "disabledContent": []}, {"reference": {"id": "ac04a5da97bc2e11bffb7f41b2485da347846df6",
        "name": "Modelica", "version": "4.0.0"}, "disabled": false, "disabledContent":
        []}], "format": "1.0.0", "guid": "5e64c774fd0946f3af942029c0652c72", "createdBy":
        "test-user-uniqid", "createdAt": 1740061092722}, "id": "impact-python-client-workspace1",
        "conversion": {"state": "UP_TO_DATE"}}]}}'
    headers:
      Connection:
      - keep-alive
      Content-Type:
      - application/json; charset=utf-8
      Vary:
      - Accept-Encoding
    status:
      code: 200
      message: OK
- request:
    body: null
    headers:
      Accept:
      - application/json
      Accept-Encoding:
      - gzip, deflate
      Connection:
      - keep-alive
    method: GET
    uri: /user/test-user-uniqid/impact/api/workspaces/impact-python-client-workspace1
  response:
    body:
      string: '{"definition": {"name": "impact-python-client-workspace1", "description":
        "", "defaultProjectId": "7b29e657fc5cde4410c06d002f2b57b3554b270a", "projects":
        [{"reference": {"id": "7b29e657fc5cde4410c06d002f2b57b3554b270a"}, "disabled":
        false, "disabledContent": []}], "dependencies": [{"reference": {"id": "fec43f77925949bd7e7c0f10ac49ebc1189dc840",
        "name": "Modelica", "version": "3.2.3"}, "disabled": true, "disabledContent":
        []}, {"reference": {"id": "ac04a5da97bc2e11bffb7f41b2485da347846df6", "name":
        "Modelica", "version": "4.0.0"}, "disabled": false, "disabledContent": []}],
        "format": "1.0.0", "guid": "5e64c774fd0946f3af942029c0652c72", "createdBy":
        "test-user-uniqid", "createdAt": 1740061092722}, "id": "impact-python-client-workspace1",
        "conversion": {"state": "UP_TO_DATE"}}'
    headers:
      Connection:
      - keep-alive
      Content-Type:
      - application/json; charset=utf-8
      Vary:
      - Accept-Encoding
    status:
      code: 200
      message: OK
- request:
    body: null
    headers:
      Accept:
      - application/json
      Accept-Encoding:
      - gzip, deflate
      Connection:
      - keep-alive
    method: GET
    uri: /user/test-user-uniqid/impact/api/workspaces/impact-python-client-workspace1/projects
  response:
    body:
      string: '{"data": {"items": [{"id": "7b29e657fc5cde4410c06d002f2b57b3554b270a",
        "definition": {"name": "Project", "format": "1.0.0", "dependencies": [{"name":
        "Modelica", "versionSpecifier": "4.0.0"}], "content": [{"relpath": "Resources/Views",
        "contentType": "VIEWS", "defaultDisabled": false, "id": "b528254aa1a04cc684ef5c8ee45fbab5"},
        {"relpath": "Resources/Favorites", "contentType": "FAVORITES", "defaultDisabled":
        false, "id": "ee17c301c3a84398b0951d19aec146e2"}, {"relpath": "Resources/CustomFunctions",
        "contentType": "CUSTOM_FUNCTIONS", "defaultDisabled": false, "id": "bb57ed72c7164f9d99a7975b0a5cfb0a"},
        {"relpath": "Resources/Custom", "contentType": "GENERIC", "defaultDisabled":
        false, "id": "bbf0d4eee26043be87b2a55754c05482"}, {"relpath": "ReferenceResults",
        "contentType": "REFERENCE_RESULTS", "defaultDisabled": false, "id": "91718e5e3ee9458a8f1782618c75ea19"},
        {"relpath": "Resources/ExperimentDefinitions", "contentType": "EXPERIMENT_DEFINITIONS",
        "defaultDisabled": false, "id": "0bbc73039ce048718481e651f84faafe"}, {"relpath":
        "Single.mo", "contentType": "MODELICA", "name": "Single", "defaultDisabled":
        false, "id": "b1812509169d435ba7fde1d3aee54dda"}], "executionOptions": []},
        "projectType": "LOCAL", "storageLocation": "USERSPACE"}]}}'
    headers:
      Connection:
      - keep-alive
      Content-Type:
      - application/json; charset=utf-8
      Transfer-Encoding:
      - chunked
      Vary:
      - Accept-Encoding
      content-length:
      - '1172'
    status:
      code: 200
      message: OK
- request:
    body: null
    headers:
      Accept:
      - application/json
      Accept-Encoding:
      - gzip, deflate
      Connection:
      - keep-alive
      Content-Length:
      - '0'
    method: DELETE
    uri: /user/test-user-uniqid/impact/api/projects/7b29e657fc5cde4410c06d002f2b57b3554b270a
  response:
    body:
      string: '{"id": "7b29e657fc5cde4410c06d002f2b57b3554b270a", "definition": {"name":
        "Project", "format": "1.0.0", "dependencies": [{"name": "Modelica", "versionSpecifier":
        "4.0.0"}], "content": [{"relpath": "Resources/Views", "contentType": "VIEWS",
        "defaultDisabled": false, "id": "b528254aa1a04cc684ef5c8ee45fbab5"}, {"relpath":
        "Resources/Favorites", "contentType": "FAVORITES", "defaultDisabled": false,
        "id": "ee17c301c3a84398b0951d19aec146e2"}, {"relpath": "Resources/CustomFunctions",
        "contentType": "CUSTOM_FUNCTIONS", "defaultDisabled": false, "id": "bb57ed72c7164f9d99a7975b0a5cfb0a"},
        {"relpath": "Resources/Custom", "contentType": "GENERIC", "defaultDisabled":
        false, "id": "bbf0d4eee26043be87b2a55754c05482"}, {"relpath": "ReferenceResults",
        "contentType": "REFERENCE_RESULTS", "defaultDisabled": false, "id": "91718e5e3ee9458a8f1782618c75ea19"},
        {"relpath": "Resources/ExperimentDefinitions", "contentType": "EXPERIMENT_DEFINITIONS",
        "defaultDisabled": false, "id": "0bbc73039ce048718481e651f84faafe"}, {"relpath":
        "Single.mo", "contentType": "MODELICA", "name": "Single", "defaultDisabled":
        false, "id": "b1812509169d435ba7fde1d3aee54dda"}], "executionOptions": []},
        "projectType": "LOCAL", "storageLocation": "USERSPACE"}'
    headers:
      Connection:
      - keep-alive
      Content-Type:
      - application/json; charset=utf-8
      Transfer-Encoding:
      - chunked
      Vary:
      - Accept-Encoding
      content-length:
      - '1151'
    status:
      code: 200
      message: OK
- request:
    body: null
    headers:
      Accept:
      - application/json
      Accept-Encoding:
      - gzip, deflate
      Connection:
      - keep-alive
      Content-Length:
      - '0'
    method: DELETE
    uri: /user/test-user-uniqid/impact/api/workspaces/impact-python-client-workspace1
  response:
    body:
      string: ''
    headers:
      Connection:
      - keep-alive
      Content-Type:
      - application/json; charset=utf-8
      Vary:
      - Accept-Encoding
    status:
      code: 200
      message: OK
version: 1
