interactions:
- request:
    body: null
    headers:
      Accept:
      - '*/*'
      Accept-Encoding:
      - gzip, deflate
      Connection:
      - keep-alive
    method: GET
    uri: /hub/api/
  response:
    body:
      string: '{"version": "4.0.2"}'
    headers:
      Connection:
      - keep-alive
      Content-Type:
      - application/json
      access-control-allow-headers:
      - accept, content-type, authorization
      x-jupyterhub-version:
      - 4.0.2
    status:
      code: 200
      message: OK
- request:
    body: null
    headers:
      Accept:
      - '*/*'
      Accept-Encoding:
      - gzip, deflate
      Connection:
      - keep-alive
    method: GET
    uri: /hub/api/authorizations/token/dummy
  response:
    body:
      string: '{"name": "test-user", "server": "/user/test-user/"}'
    headers:
      Connection:
      - keep-alive
      Content-Type:
      - application/json
      access-control-allow-headers:
      - accept, content-type, authorization
      x-jupyterhub-version:
      - 4.0.2
    status:
      code: 200
      message: OK
- request:
    body: null
    headers:
      Accept:
      - '*/*'
      Accept-Encoding:
      - gzip, deflate
      Connection:
      - keep-alive
    method: GET
    uri: /user/test-user/impact/api/
  response:
    body:
      string: '{"version": "4.10.0"}'
    headers:
      Connection:
      - keep-alive
      Content-Type:
      - application/json; charset=utf-8
      access-control-allow-headers:
      - '*'
      access-control-allow-methods:
      - POST, PUT, GET, DELETE, OPTIONS
      access-control-allow-origin:
      - '*'
      vary:
      - Accept-Encoding
      x-powered-by:
      - Express
    status:
      code: 200
      message: OK
- request:
    body: '{}'
    headers:
      Accept:
      - '*/*'
      Accept-Encoding:
      - gzip, deflate
      Connection:
      - keep-alive
      Content-Length:
      - '113'
      Content-Type:
      - application/json
    method: POST
    uri: /user/test-user/impact/api/login
  response:
    body:
      string: '{}'
    headers:
      Connection:
      - keep-alive
      Content-Type:
      - application/json; charset=utf-8
      access-control-allow-headers:
      - '*'
      access-control-allow-methods:
      - POST, PUT, GET, DELETE, OPTIONS
      access-control-allow-origin:
      - '*'
      vary:
      - Accept-Encoding
      x-powered-by:
      - Express
    status:
      code: 200
      message: OK
- request:
    body: null
    headers:
      Accept:
      - '*/*'
      Accept-Encoding:
      - gzip, deflate
      Connection:
      - keep-alive
    method: GET
    uri: /user/test-user/impact/api/users/me
  response:
    body:
      string: '{"data": {"id": "njcswjcjnscksnckjsnckndsk", "username": "test-user",
        "firstName": null, "lastName": null, "email": "test-user@modelon.com", "license":
        "impact-pro", "roles": ["impact-editor", "offline_access", "impact-viewer",
        "uma_authorization", "default-roles-modelon", "impact-pro", "impact-executor",
        "impact-workspace-publisher"], "tenant": {"id": "org1", "groupName": "impact-tenant-org1"}}}'
    headers:
      Connection:
      - keep-alive
      Content-Type:
      - application/json; charset=utf-8
      access-control-allow-headers:
      - '*'
      access-control-allow-methods:
      - POST, PUT, GET, DELETE, OPTIONS
      access-control-allow-origin:
      - '*'
      vary:
      - Accept-Encoding
      x-powered-by:
      - Express
    status:
      code: 200
      message: OK
- request:
    body: null
    headers:
      Accept:
      - '*/*'
      Accept-Encoding:
      - gzip, deflate
      Connection:
      - keep-alive
    method: GET
    uri: /user/test-user/impact/api/users/me
  response:
    body:
      string: '{"data": {"id": "njcswjcjnscksnckjsnckndsk", "username": "test-user",
        "firstName": null, "lastName": null, "email": "test-user@modelon.com", "license":
        "impact-pro", "roles": ["impact-editor", "offline_access", "impact-viewer",
        "uma_authorization", "default-roles-modelon", "impact-pro", "impact-executor",
        "impact-workspace-publisher"], "tenant": {"id": "org1", "groupName": "impact-tenant-org1"}}}'
    headers:
      Connection:
      - keep-alive
      Content-Type:
      - application/json; charset=utf-8
      access-control-allow-headers:
      - '*'
      access-control-allow-methods:
      - POST, PUT, GET, DELETE, OPTIONS
      access-control-allow-origin:
      - '*'
      vary:
      - Accept-Encoding
      x-powered-by:
      - Express
    status:
      code: 200
      message: OK
- request:
    body: null
    headers:
      Accept:
      - '*/*'
      Accept-Encoding:
      - gzip, deflate
      Connection:
      - keep-alive
    method: GET
    uri: /user/test-user/impact/api/workspaces
  response:
    body:
      string: '{"data": {"items": []}}'
    headers:
      Connection:
      - keep-alive
      Content-Type:
      - application/json; charset=utf-8
      access-control-allow-headers:
      - '*'
      access-control-allow-methods:
      - POST, PUT, GET, DELETE, OPTIONS
      access-control-allow-origin:
      - '*'
      vary:
      - Accept-Encoding
      x-powered-by:
      - Express
    status:
      code: 200
      message: OK
- request:
    body: '{"new": {"name": "impact-python-client-workspace1"}}'
    headers:
      Accept:
      - '*/*'
      Accept-Encoding:
      - gzip, deflate
      Connection:
      - keep-alive
      Content-Length:
      - '52'
      Content-Type:
      - application/json
    method: POST
    uri: /user/test-user/impact/api/workspaces
  response:
    body:
      string: '{"definition": {"name": "impact-python-client-workspace1", "description":
        "", "defaultProjectId": "5647d3e10045d4d812076676fe6f507df4a505ce", "projects":
        [{"reference": {"id": "5647d3e10045d4d812076676fe6f507df4a505ce"}, "disabled":
        false, "disabledContent": []}], "dependencies": [{"reference": {"id": "fec43f77925949bd7e7c0f10ac49ebc1189dc840",
        "name": "Modelica", "version": "3.2.3"}, "disabled": true, "disabledContent":
        []}, {"reference": {"id": "ac04a5da97bc2e11bffb7f41b2485da347846df6", "name":
        "Modelica", "version": "4.0.0"}, "disabled": false, "disabledContent": []}],
        "format": "1.0.0", "guid": "f841483743cf4a848f5f0991556571b6", "createdBy":
        "ce771b6a-56ea-464b-9ab7-f527a8a3c051", "createdAt": 1714671607516}, "id":
        "impact-python-client-workspace1", "conversion": {"state": "UP_TO_DATE"}}'
    headers:
      Connection:
      - keep-alive
      Content-Type:
      - application/json; charset=utf-8
      access-control-allow-headers:
      - '*'
      access-control-allow-methods:
      - POST, PUT, GET, DELETE, OPTIONS
      access-control-allow-origin:
      - '*'
      vary:
      - Accept-Encoding
      x-powered-by:
      - Express
    status:
      code: 200
      message: OK
- request:
    body: null
    headers:
      Accept:
      - '*/*'
      Accept-Encoding:
      - gzip, deflate
      Connection:
      - keep-alive
    method: GET
    uri: /user/test-user/impact/api/workspaces/impact-python-client-workspace1
  response:
    body:
      string: '{"definition": {"name": "impact-python-client-workspace1", "description":
        "", "defaultProjectId": "5647d3e10045d4d812076676fe6f507df4a505ce", "projects":
        [{"reference": {"id": "5647d3e10045d4d812076676fe6f507df4a505ce"}, "disabled":
        false, "disabledContent": []}], "dependencies": [{"reference": {"id": "fec43f77925949bd7e7c0f10ac49ebc1189dc840",
        "name": "Modelica", "version": "3.2.3"}, "disabled": true, "disabledContent":
        []}, {"reference": {"id": "ac04a5da97bc2e11bffb7f41b2485da347846df6", "name":
        "Modelica", "version": "4.0.0"}, "disabled": false, "disabledContent": []}],
        "format": "1.0.0", "guid": "f841483743cf4a848f5f0991556571b6", "createdBy":
        "ce771b6a-56ea-464b-9ab7-f527a8a3c051", "createdAt": 1714671607516}, "id":
        "impact-python-client-workspace1", "conversion": {"state": "UP_TO_DATE"}}'
    headers:
      Connection:
      - keep-alive
      Content-Type:
      - application/json; charset=utf-8
      access-control-allow-headers:
      - '*'
      access-control-allow-methods:
      - POST, PUT, GET, DELETE, OPTIONS
      access-control-allow-origin:
      - '*'
      vary:
      - Accept-Encoding
      x-powered-by:
      - Express
    status:
      code: 200
      message: OK
- request:
    body: null
    headers:
      Accept:
      - '*/*'
      Accept-Encoding:
      - gzip, deflate
      Connection:
      - keep-alive
    method: GET
    uri: /user/test-user/impact/api/projects/5647d3e10045d4d812076676fe6f507df4a505ce
  response:
    body:
      string: '{"id": "5647d3e10045d4d812076676fe6f507df4a505ce", "definition": {"name":
        "Project", "format": "1.0.0", "dependencies": [{"name": "Modelica", "versionSpecifier":
        "4.0.0"}], "content": [{"relpath": "Resources/Views", "contentType": "VIEWS",
        "defaultDisabled": false, "id": "cdbb901be8324a54ab8248024a476874"}, {"relpath":
        "Resources/Favorites", "contentType": "FAVORITES", "defaultDisabled": false,
        "id": "b32b360abdce4690b988392667ffaeeb"}, {"relpath": "Resources/CustomFunctions",
        "contentType": "CUSTOM_FUNCTIONS", "defaultDisabled": false, "id": "cd8f5f99ca954ffbb1f4fc4c710423ff"},
        {"relpath": "Resources/Custom", "contentType": "GENERIC", "defaultDisabled":
        false, "id": "c338a785f27a4a1d9f06270138db5e68"}, {"relpath": "ReferenceResults",
        "contentType": "REFERENCE_RESULTS", "defaultDisabled": false, "id": "efd5bf20ab4043859123b595d9b997c6"},
        {"relpath": "Resources/ExperimentDefinitions", "contentType": "EXPERIMENT_DEFINITIONS",
        "defaultDisabled": false, "id": "8743c53bd6d24d0799dd01b51b4fe42a"}], "executionOptions":
        []}, "projectType": "LOCAL", "storageLocation": "USERSPACE"}'
    headers:
      Connection:
      - keep-alive
      Content-Type:
      - application/json; charset=utf-8
      access-control-allow-headers:
      - '*'
      access-control-allow-methods:
      - POST, PUT, GET, DELETE, OPTIONS
      access-control-allow-origin:
      - '*'
      vary:
      - Accept-Encoding
      x-powered-by:
      - Express
    status:
      code: 200
      message: OK
- request:
    body: "--95657b10d41ece14aaf405a667d9a149\r\nContent-Disposition: form-data; name=\"file\";
      filename=\"Single.mo\"\r\n\r\npackage Single\n    model Model\n    end Model;\n
      \ annotation (uses(Modelica(version=\"3.2.2\"), ThermalPower(version=\"1.14\")));\nend
      Single;\n\r\n--95657b10d41ece14aaf405a667d9a149\r\nContent-Disposition: form-data;
      name=\"options\"; filename=\"options\"\r\n\r\n{\"contentType\": \"MODELICA\"}\r\n--95657b10d41ece14aaf405a667d9a149--\r\n"
    headers:
      Accept:
      - '*/*'
      Accept-Encoding:
      - gzip, deflate
      Connection:
      - keep-alive
      Content-Length:
      - '416'
      Content-Type:
      - multipart/form-data; boundary=95657b10d41ece14aaf405a667d9a149
    method: POST
    uri: /user/test-user/impact/api/projects/5647d3e10045d4d812076676fe6f507df4a505ce/content-imports
  response:
    body:
      string: '{"data": {"location": "api/projects/5647d3e10045d4d812076676fe6f507df4a505ce/content-imports/ef8db43e1c864d9d9088d4e092ddd85b"}}'
    headers:
      Connection:
      - keep-alive
      Content-Type:
      - application/json; charset=utf-8
      access-control-allow-headers:
      - '*'
      access-control-allow-methods:
      - POST, PUT, GET, DELETE, OPTIONS
      access-control-allow-origin:
      - '*'
      vary:
      - Accept-Encoding
      x-powered-by:
      - Express
    status:
      code: 201
      message: Created
- request:
    body: null
    headers:
      Accept:
      - '*/*'
      Accept-Encoding:
      - gzip, deflate
      Connection:
      - keep-alive
    method: GET
    uri: /user/test-user/impact/api/projects/5647d3e10045d4d812076676fe6f507df4a505ce/content-imports/ef8db43e1c864d9d9088d4e092ddd85b
  response:
    body:
      string: '{"data": {"id": "ef8db43e1c864d9d9088d4e092ddd85b", "status": "ready",
        "data": {"resourceUri": "api/projects/5647d3e10045d4d812076676fe6f507df4a505ce/content/40ba092be6984f42be9e7d8b576b0d36",
        "contentId": "40ba092be6984f42be9e7d8b576b0d36"}}}'
    headers:
      Connection:
      - keep-alive
      Content-Type:
      - application/json; charset=utf-8
      access-control-allow-headers:
      - '*'
      access-control-allow-methods:
      - POST, PUT, GET, DELETE, OPTIONS
      access-control-allow-origin:
      - '*'
      vary:
      - Accept-Encoding
      x-powered-by:
      - Express
    status:
      code: 200
      message: OK
- request:
    body: null
    headers:
      Accept:
      - '*/*'
      Accept-Encoding:
      - gzip, deflate
      Connection:
      - keep-alive
    method: GET
    uri: /user/test-user/impact/api/projects/5647d3e10045d4d812076676fe6f507df4a505ce/content-imports/ef8db43e1c864d9d9088d4e092ddd85b
  response:
    body:
      string: '{"data": {"id": "ef8db43e1c864d9d9088d4e092ddd85b", "status": "ready",
        "data": {"resourceUri": "api/projects/5647d3e10045d4d812076676fe6f507df4a505ce/content/40ba092be6984f42be9e7d8b576b0d36",
        "contentId": "40ba092be6984f42be9e7d8b576b0d36"}}}'
    headers:
      Connection:
      - keep-alive
      Content-Type:
      - application/json; charset=utf-8
      access-control-allow-headers:
      - '*'
      access-control-allow-methods:
      - POST, PUT, GET, DELETE, OPTIONS
      access-control-allow-origin:
      - '*'
      vary:
      - Accept-Encoding
      x-powered-by:
      - Express
    status:
      code: 200
      message: OK
- request:
    body: null
    headers:
      Accept:
      - '*/*'
      Accept-Encoding:
      - gzip, deflate
      Connection:
      - keep-alive
    method: GET
    uri: /user/test-user/impact/api/projects/5647d3e10045d4d812076676fe6f507df4a505ce/content/40ba092be6984f42be9e7d8b576b0d36
  response:
    body:
      string: '{"relpath": "Single.mo", "contentType": "MODELICA", "name": "Single",
        "defaultDisabled": false, "id": "40ba092be6984f42be9e7d8b576b0d36"}'
    headers:
      Connection:
      - keep-alive
      Content-Type:
      - application/json; charset=utf-8
      access-control-allow-headers:
      - '*'
      access-control-allow-methods:
      - POST, PUT, GET, DELETE, OPTIONS
      access-control-allow-origin:
      - '*'
      vary:
      - Accept-Encoding
      x-powered-by:
      - Express
    status:
      code: 200
      message: OK
- request:
    body: null
    headers:
      Accept:
      - '*/*'
      Accept-Encoding:
      - gzip, deflate
      Connection:
      - keep-alive
    method: GET
    uri: /user/test-user/impact/api/workspaces
  response:
    body:
      string: '{"data": {"items": [{"definition": {"name": "impact-python-client-workspace1",
        "description": "", "defaultProjectId": "5647d3e10045d4d812076676fe6f507df4a505ce",
        "projects": [{"reference": {"id": "5647d3e10045d4d812076676fe6f507df4a505ce"},
        "disabled": false, "disabledContent": []}], "dependencies": [{"reference":
        {"id": "fec43f77925949bd7e7c0f10ac49ebc1189dc840", "name": "Modelica", "version":
        "3.2.3"}, "disabled": true, "disabledContent": []}, {"reference": {"id": "ac04a5da97bc2e11bffb7f41b2485da347846df6",
        "name": "Modelica", "version": "4.0.0"}, "disabled": false, "disabledContent":
        []}], "format": "1.0.0", "guid": "f841483743cf4a848f5f0991556571b6", "createdBy":
        "ce771b6a-56ea-464b-9ab7-f527a8a3c051", "createdAt": 1714671607516}, "id":
        "impact-python-client-workspace1", "conversion": {"state": "UP_TO_DATE"}}]}}'
    headers:
      Connection:
      - keep-alive
      Content-Type:
      - application/json; charset=utf-8
      access-control-allow-headers:
      - '*'
      access-control-allow-methods:
      - POST, PUT, GET, DELETE, OPTIONS
      access-control-allow-origin:
      - '*'
      vary:
      - Accept-Encoding
      x-powered-by:
      - Express
    status:
      code: 200
      message: OK
- request:
    body: null
    headers:
      Accept:
      - '*/*'
      Accept-Encoding:
      - gzip, deflate
      Connection:
      - keep-alive
    method: GET
    uri: /user/test-user/impact/api/workspaces/impact-python-client-workspace1
  response:
    body:
      string: '{"definition": {"name": "impact-python-client-workspace1", "description":
        "", "defaultProjectId": "5647d3e10045d4d812076676fe6f507df4a505ce", "projects":
        [{"reference": {"id": "5647d3e10045d4d812076676fe6f507df4a505ce"}, "disabled":
        false, "disabledContent": []}], "dependencies": [{"reference": {"id": "fec43f77925949bd7e7c0f10ac49ebc1189dc840",
        "name": "Modelica", "version": "3.2.3"}, "disabled": true, "disabledContent":
        []}, {"reference": {"id": "ac04a5da97bc2e11bffb7f41b2485da347846df6", "name":
        "Modelica", "version": "4.0.0"}, "disabled": false, "disabledContent": []}],
        "format": "1.0.0", "guid": "f841483743cf4a848f5f0991556571b6", "createdBy":
        "ce771b6a-56ea-464b-9ab7-f527a8a3c051", "createdAt": 1714671607516}, "id":
        "impact-python-client-workspace1", "conversion": {"state": "UP_TO_DATE"}}'
    headers:
      Connection:
      - keep-alive
      Content-Type:
      - application/json; charset=utf-8
      access-control-allow-headers:
      - '*'
      access-control-allow-methods:
      - POST, PUT, GET, DELETE, OPTIONS
      access-control-allow-origin:
      - '*'
      vary:
      - Accept-Encoding
      x-powered-by:
      - Express
    status:
      code: 200
      message: OK
- request:
    body: null
    headers:
      Accept:
      - '*/*'
      Accept-Encoding:
      - gzip, deflate
      Connection:
      - keep-alive
    method: GET
    uri: /user/test-user/impact/api/workspaces/impact-python-client-workspace1/projects
  response:
    body:
      string: '{"data": {"items": [{"id": "5647d3e10045d4d812076676fe6f507df4a505ce",
        "definition": {"name": "Project", "format": "1.0.0", "dependencies": [{"name":
        "Modelica", "versionSpecifier": "4.0.0"}], "content": [{"relpath": "Resources/Views",
        "contentType": "VIEWS", "defaultDisabled": false, "id": "cdbb901be8324a54ab8248024a476874"},
        {"relpath": "Resources/Favorites", "contentType": "FAVORITES", "defaultDisabled":
        false, "id": "b32b360abdce4690b988392667ffaeeb"}, {"relpath": "Resources/CustomFunctions",
        "contentType": "CUSTOM_FUNCTIONS", "defaultDisabled": false, "id": "cd8f5f99ca954ffbb1f4fc4c710423ff"},
        {"relpath": "Resources/Custom", "contentType": "GENERIC", "defaultDisabled":
        false, "id": "c338a785f27a4a1d9f06270138db5e68"}, {"relpath": "ReferenceResults",
        "contentType": "REFERENCE_RESULTS", "defaultDisabled": false, "id": "efd5bf20ab4043859123b595d9b997c6"},
        {"relpath": "Resources/ExperimentDefinitions", "contentType": "EXPERIMENT_DEFINITIONS",
        "defaultDisabled": false, "id": "8743c53bd6d24d0799dd01b51b4fe42a"}, {"relpath":
        "Single.mo", "contentType": "MODELICA", "name": "Single", "defaultDisabled":
        false, "id": "40ba092be6984f42be9e7d8b576b0d36"}], "executionOptions": []},
        "projectType": "LOCAL", "storageLocation": "USERSPACE"}]}}'
    headers:
      Connection:
      - keep-alive
      Content-Type:
      - application/json; charset=utf-8
      access-control-allow-headers:
      - '*'
      access-control-allow-methods:
      - POST, PUT, GET, DELETE, OPTIONS
      access-control-allow-origin:
      - '*'
      content-length:
      - '1172'
      vary:
      - Accept-Encoding
      x-powered-by:
      - Express
    status:
      code: 200
      message: OK
- request:
    body: null
    headers:
      Accept:
      - '*/*'
      Accept-Encoding:
      - gzip, deflate
      Connection:
      - keep-alive
      Content-Length:
      - '0'
    method: DELETE
    uri: /user/test-user/impact/api/projects/5647d3e10045d4d812076676fe6f507df4a505ce
  response:
    body:
      string: '{"id": "5647d3e10045d4d812076676fe6f507df4a505ce", "definition": {"name":
        "Project", "format": "1.0.0", "dependencies": [{"name": "Modelica", "versionSpecifier":
        "4.0.0"}], "content": [{"relpath": "Resources/Views", "contentType": "VIEWS",
        "defaultDisabled": false, "id": "cdbb901be8324a54ab8248024a476874"}, {"relpath":
        "Resources/Favorites", "contentType": "FAVORITES", "defaultDisabled": false,
        "id": "b32b360abdce4690b988392667ffaeeb"}, {"relpath": "Resources/CustomFunctions",
        "contentType": "CUSTOM_FUNCTIONS", "defaultDisabled": false, "id": "cd8f5f99ca954ffbb1f4fc4c710423ff"},
        {"relpath": "Resources/Custom", "contentType": "GENERIC", "defaultDisabled":
        false, "id": "c338a785f27a4a1d9f06270138db5e68"}, {"relpath": "ReferenceResults",
        "contentType": "REFERENCE_RESULTS", "defaultDisabled": false, "id": "efd5bf20ab4043859123b595d9b997c6"},
        {"relpath": "Resources/ExperimentDefinitions", "contentType": "EXPERIMENT_DEFINITIONS",
        "defaultDisabled": false, "id": "8743c53bd6d24d0799dd01b51b4fe42a"}, {"relpath":
        "Single.mo", "contentType": "MODELICA", "name": "Single", "defaultDisabled":
        false, "id": "40ba092be6984f42be9e7d8b576b0d36"}], "executionOptions": []},
        "projectType": "LOCAL", "storageLocation": "USERSPACE"}'
    headers:
      Connection:
      - keep-alive
      Content-Type:
      - application/json; charset=utf-8
      access-control-allow-headers:
      - '*'
      access-control-allow-methods:
      - POST, PUT, GET, DELETE, OPTIONS
      access-control-allow-origin:
      - '*'
      content-length:
      - '1151'
      vary:
      - Accept-Encoding
      x-powered-by:
      - Express
    status:
      code: 200
      message: OK
- request:
    body: null
    headers:
      Accept:
      - '*/*'
      Accept-Encoding:
      - gzip, deflate
      Connection:
      - keep-alive
      Content-Length:
      - '0'
    method: DELETE
    uri: /user/test-user/impact/api/workspaces/impact-python-client-workspace1
  response:
    body:
      string: ''
    headers:
      Connection:
      - keep-alive
      Content-Type:
      - application/json; charset=utf-8
      access-control-allow-headers:
      - '*'
      access-control-allow-methods:
      - POST, PUT, GET, DELETE, OPTIONS
      access-control-allow-origin:
      - '*'
      vary:
      - Accept-Encoding
      x-powered-by:
      - Express
    status:
      code: 200
      message: OK
version: 1
