interactions:
- request:
    body: null
    headers:
      Accept:
      - application/json
      Accept-Encoding:
      - gzip, deflate
      Connection:
      - keep-alive
    method: GET
    uri: /hub/api/
  response:
    body:
      string: '{"version": "5.2.1"}'
    headers:
      Connection:
      - keep-alive
      Content-Type:
      - application/json
      access-control-allow-headers:
      - accept, content-type, authorization
      x-jupyterhub-version:
      - 5.2.1
    status:
      code: 200
      message: OK
- request:
    body: null
    headers:
      Accept:
      - application/json
      Accept-Encoding:
      - gzip, deflate
      Connection:
      - keep-alive
    method: GET
    uri: /hub/api/
  response:
    body:
      string: '{"version": "5.2.1"}'
    headers:
      Connection:
      - keep-alive
      Content-Type:
      - application/json
      access-control-allow-headers:
      - accept, content-type, authorization
      x-jupyterhub-version:
      - 5.2.1
    status:
      code: 200
      message: OK
- request:
    body: null
    headers:
      Accept:
      - application/json
      Accept-Encoding:
      - gzip, deflate
      Connection:
      - keep-alive
    method: GET
    uri: /hub/api/user
  response:
    body:
      string: '{"name": "test-user-uniqid", "server": "/user/test-user-uniqid/"}'
    headers:
      Connection:
      - keep-alive
      Content-Type:
      - application/json
      access-control-allow-headers:
      - accept, content-type, authorization
      x-jupyterhub-version:
      - 5.2.1
    status:
      code: 200
      message: OK
- request:
    body: null
    headers:
      Accept:
      - application/json
      Accept-Encoding:
      - gzip, deflate
      Connection:
      - keep-alive
    method: GET
    uri: /user/test-user-uniqid/impact/api/users/me
  response:
    body:
      string: '{"data": {"id": "test-user-uniqid", "username": "test-user", "firstName":
        null, "lastName": null, "email": "test-user@modelon.com", "license": "impact-pro",
        "roles": ["impact-editor", "offline_access", "impact-viewer", "uma_authorization",
        "default-roles-modelon", "impact-pro", "impact-executor", "impact-workspace-publisher"],
        "tenant": {"id": "org1", "groupName": "impact-tenant-org1"}}}'
    headers:
      Connection:
      - keep-alive
      Content-Type:
      - application/json
    status:
      code: 200
      message: OK
- request:
    body: null
    headers:
      Accept:
      - application/json
      Accept-Encoding:
      - gzip, deflate
      Connection:
      - keep-alive
    method: GET
    uri: /user/test-user-uniqid/impact/api/
  response:
    body:
      string: '{"version": "4.24.0"}'
    headers:
      Connection:
      - keep-alive
      Content-Type:
      - application/json; charset=utf-8
      Vary:
      - Accept-Encoding
    status:
      code: 200
      message: OK
- request:
    body: null
    headers:
      Accept:
      - application/json
      Accept-Encoding:
      - gzip, deflate
      Connection:
      - keep-alive
    method: GET
    uri: /user/test-user-uniqid/impact/api/users/me
  response:
    body:
      string: '{"data": {"id": "test-user-uniqid", "username": "test-user", "firstName":
        null, "lastName": null, "email": "test-user@modelon.com", "license": "impact-pro",
        "roles": ["impact-editor", "offline_access", "impact-viewer", "uma_authorization",
        "default-roles-modelon", "impact-pro", "impact-executor", "impact-workspace-publisher"],
        "tenant": {"id": "org1", "groupName": "impact-tenant-org1"}}}'
    headers:
      Connection:
      - keep-alive
      Content-Type:
      - application/json
    status:
      code: 200
      message: OK
- request:
    body: null
    headers:
      Accept:
      - application/json
      Accept-Encoding:
      - gzip, deflate
      Connection:
      - keep-alive
    method: GET
    uri: /user/test-user-uniqid/impact/api/workspaces
  response:
    body:
      string: '{"data": {"items": []}}'
    headers:
      Connection:
      - keep-alive
      Content-Type:
      - application/json; charset=utf-8
      Vary:
      - Accept-Encoding
    status:
      code: 200
      message: OK
- request:
    body: '{"new": {"name": "impact-python-client-workspace1"}}'
    headers:
      Accept:
      - application/json
      Accept-Encoding:
      - gzip, deflate
      Connection:
      - keep-alive
      Content-Length:
      - '52'
      Content-Type:
      - application/json
    method: POST
    uri: /user/test-user-uniqid/impact/api/workspaces
  response:
    body:
      string: '{"definition": {"name": "impact-python-client-workspace1", "description":
        "", "defaultProjectId": "7b29e657fc5cde4410c06d002f2b57b3554b270a", "projects":
        [{"reference": {"id": "7b29e657fc5cde4410c06d002f2b57b3554b270a"}, "disabled":
        false, "disabledContent": []}], "dependencies": [{"reference": {"id": "fec43f77925949bd7e7c0f10ac49ebc1189dc840",
        "name": "Modelica", "version": "3.2.3"}, "disabled": true, "disabledContent":
        []}, {"reference": {"id": "ac04a5da97bc2e11bffb7f41b2485da347846df6", "name":
        "Modelica", "version": "4.0.0"}, "disabled": false, "disabledContent": []}],
        "format": "1.0.0", "guid": "7d0d12b6258a4ce092fded6d8f90663e", "createdBy":
        "test-user-uniqid", "createdAt": 1740061085166}, "id": "impact-python-client-workspace1",
        "conversion": {"state": "UP_TO_DATE"}}'
    headers:
      Connection:
      - keep-alive
      Content-Type:
      - application/json; charset=utf-8
      Vary:
      - Accept-Encoding
    status:
      code: 200
      message: OK
- request:
    body: null
    headers:
      Accept:
      - application/json
      Accept-Encoding:
      - gzip, deflate
      Connection:
      - keep-alive
    method: GET
    uri: /user/test-user-uniqid/impact/api/workspaces/impact-python-client-workspace1
  response:
    body:
      string: '{"definition": {"name": "impact-python-client-workspace1", "description":
        "", "defaultProjectId": "7b29e657fc5cde4410c06d002f2b57b3554b270a", "projects":
        [{"reference": {"id": "7b29e657fc5cde4410c06d002f2b57b3554b270a"}, "disabled":
        false, "disabledContent": []}], "dependencies": [{"reference": {"id": "fec43f77925949bd7e7c0f10ac49ebc1189dc840",
        "name": "Modelica", "version": "3.2.3"}, "disabled": true, "disabledContent":
        []}, {"reference": {"id": "ac04a5da97bc2e11bffb7f41b2485da347846df6", "name":
        "Modelica", "version": "4.0.0"}, "disabled": false, "disabledContent": []}],
        "format": "1.0.0", "guid": "7d0d12b6258a4ce092fded6d8f90663e", "createdBy":
        "test-user-uniqid", "createdAt": 1740061085166}, "id": "impact-python-client-workspace1",
        "conversion": {"state": "UP_TO_DATE"}}'
    headers:
      Connection:
      - keep-alive
      Content-Type:
      - application/json; charset=utf-8
      Vary:
      - Accept-Encoding
    status:
      code: 200
      message: OK
- request:
    body: null
    headers:
      Accept:
      - application/json
      Accept-Encoding:
      - gzip, deflate
      Connection:
      - keep-alive
    method: GET
    uri: /user/test-user-uniqid/impact/api/projects/7b29e657fc5cde4410c06d002f2b57b3554b270a
  response:
    body:
      string: '{"id": "7b29e657fc5cde4410c06d002f2b57b3554b270a", "definition": {"name":
        "Project", "format": "1.0.0", "dependencies": [{"name": "Modelica", "versionSpecifier":
        "4.0.0"}], "content": [{"relpath": "Resources/Views", "contentType": "VIEWS",
        "defaultDisabled": false, "id": "7206c957a57448a2a80ede5393f4d55a"}, {"relpath":
        "Resources/Favorites", "contentType": "FAVORITES", "defaultDisabled": false,
        "id": "d6a9c14e900d426ab6c5ca3f93cdc900"}, {"relpath": "Resources/CustomFunctions",
        "contentType": "CUSTOM_FUNCTIONS", "defaultDisabled": false, "id": "a2892e68c2604c9fbf45b132dead96ab"},
        {"relpath": "Resources/Custom", "contentType": "GENERIC", "defaultDisabled":
        false, "id": "8120dc55987a4e6690b933eebdd5be10"}, {"relpath": "ReferenceResults",
        "contentType": "REFERENCE_RESULTS", "defaultDisabled": false, "id": "3de2585eb35943189482ef4a0d2e29fd"},
        {"relpath": "Resources/ExperimentDefinitions", "contentType": "EXPERIMENT_DEFINITIONS",
        "defaultDisabled": false, "id": "305ec5498f8d4e198dab6ae6df60e2c4"}], "executionOptions":
        []}, "projectType": "LOCAL", "storageLocation": "USERSPACE"}'
    headers:
      Connection:
      - keep-alive
      Content-Type:
      - application/json; charset=utf-8
      Vary:
      - Accept-Encoding
    status:
      code: 200
      message: OK
- request:
    body: null
    headers:
      Accept:
      - application/json
      Accept-Encoding:
      - gzip, deflate
      Connection:
      - keep-alive
    method: GET
    uri: /user/test-user-uniqid/impact/api/projects/7b29e657fc5cde4410c06d002f2b57b3554b270a
  response:
    body:
      string: '{"id": "7b29e657fc5cde4410c06d002f2b57b3554b270a", "definition": {"name":
        "Project", "format": "1.0.0", "dependencies": [{"name": "Modelica", "versionSpecifier":
        "4.0.0"}], "content": [{"relpath": "Resources/Views", "contentType": "VIEWS",
        "defaultDisabled": false, "id": "7206c957a57448a2a80ede5393f4d55a"}, {"relpath":
        "Resources/Favorites", "contentType": "FAVORITES", "defaultDisabled": false,
        "id": "d6a9c14e900d426ab6c5ca3f93cdc900"}, {"relpath": "Resources/CustomFunctions",
        "contentType": "CUSTOM_FUNCTIONS", "defaultDisabled": false, "id": "a2892e68c2604c9fbf45b132dead96ab"},
        {"relpath": "Resources/Custom", "contentType": "GENERIC", "defaultDisabled":
        false, "id": "8120dc55987a4e6690b933eebdd5be10"}, {"relpath": "ReferenceResults",
        "contentType": "REFERENCE_RESULTS", "defaultDisabled": false, "id": "3de2585eb35943189482ef4a0d2e29fd"},
        {"relpath": "Resources/ExperimentDefinitions", "contentType": "EXPERIMENT_DEFINITIONS",
        "defaultDisabled": false, "id": "305ec5498f8d4e198dab6ae6df60e2c4"}], "executionOptions":
        []}, "projectType": "LOCAL", "storageLocation": "USERSPACE"}'
    headers:
      Connection:
      - keep-alive
      Content-Type:
      - application/json; charset=utf-8
      Vary:
      - Accept-Encoding
    status:
      code: 200
      message: OK
- request:
    body: null
    headers:
      Accept:
      - application/json
      Accept-Encoding:
      - gzip, deflate
      Connection:
      - keep-alive
    method: GET
    uri: /user/test-user-uniqid/impact/api/projects/7b29e657fc5cde4410c06d002f2b57b3554b270a/content/7206c957a57448a2a80ede5393f4d55a
  response:
    body:
      string: '{"relpath": "Resources/Views", "contentType": "VIEWS", "defaultDisabled":
        false, "id": "7206c957a57448a2a80ede5393f4d55a"}'
    headers:
      Connection:
      - keep-alive
      Content-Type:
      - application/json; charset=utf-8
      Vary:
      - Accept-Encoding
    status:
      code: 200
      message: OK
- request:
    body: null
    headers:
      Accept:
      - application/json
      Accept-Encoding:
      - gzip, deflate
      Connection:
      - keep-alive
    method: GET
    uri: /user/test-user-uniqid/impact/api/workspaces
  response:
    body:
      string: '{"data": {"items": [{"definition": {"name": "impact-python-client-workspace1",
        "description": "", "defaultProjectId": "7b29e657fc5cde4410c06d002f2b57b3554b270a",
        "projects": [{"reference": {"id": "7b29e657fc5cde4410c06d002f2b57b3554b270a"},
        "disabled": false, "disabledContent": []}], "dependencies": [{"reference":
        {"id": "fec43f77925949bd7e7c0f10ac49ebc1189dc840", "name": "Modelica", "version":
        "3.2.3"}, "disabled": true, "disabledContent": []}, {"reference": {"id": "ac04a5da97bc2e11bffb7f41b2485da347846df6",
        "name": "Modelica", "version": "4.0.0"}, "disabled": false, "disabledContent":
        []}], "format": "1.0.0", "guid": "7d0d12b6258a4ce092fded6d8f90663e", "createdBy":
        "test-user-uniqid", "createdAt": 1740061085166}, "id": "impact-python-client-workspace1",
        "conversion": {"state": "UP_TO_DATE"}}]}}'
    headers:
      Connection:
      - keep-alive
      Content-Type:
      - application/json; charset=utf-8
      Vary:
      - Accept-Encoding
    status:
      code: 200
      message: OK
- request:
    body: null
    headers:
      Accept:
      - application/json
      Accept-Encoding:
      - gzip, deflate
      Connection:
      - keep-alive
    method: GET
    uri: /user/test-user-uniqid/impact/api/workspaces/impact-python-client-workspace1
  response:
    body:
      string: '{"definition": {"name": "impact-python-client-workspace1", "description":
        "", "defaultProjectId": "7b29e657fc5cde4410c06d002f2b57b3554b270a", "projects":
        [{"reference": {"id": "7b29e657fc5cde4410c06d002f2b57b3554b270a"}, "disabled":
        false, "disabledContent": []}], "dependencies": [{"reference": {"id": "fec43f77925949bd7e7c0f10ac49ebc1189dc840",
        "name": "Modelica", "version": "3.2.3"}, "disabled": true, "disabledContent":
        []}, {"reference": {"id": "ac04a5da97bc2e11bffb7f41b2485da347846df6", "name":
        "Modelica", "version": "4.0.0"}, "disabled": false, "disabledContent": []}],
        "format": "1.0.0", "guid": "7d0d12b6258a4ce092fded6d8f90663e", "createdBy":
        "test-user-uniqid", "createdAt": 1740061085166}, "id": "impact-python-client-workspace1",
        "conversion": {"state": "UP_TO_DATE"}}'
    headers:
      Connection:
      - keep-alive
      Content-Type:
      - application/json; charset=utf-8
      Vary:
      - Accept-Encoding
    status:
      code: 200
      message: OK
- request:
    body: null
    headers:
      Accept:
      - application/json
      Accept-Encoding:
      - gzip, deflate
      Connection:
      - keep-alive
    method: GET
    uri: /user/test-user-uniqid/impact/api/workspaces/impact-python-client-workspace1/projects
  response:
    body:
      string: '{"data": {"items": [{"id": "7b29e657fc5cde4410c06d002f2b57b3554b270a",
        "definition": {"name": "Project", "format": "1.0.0", "dependencies": [{"name":
        "Modelica", "versionSpecifier": "4.0.0"}], "content": [{"relpath": "Resources/Views",
        "contentType": "VIEWS", "defaultDisabled": false, "id": "7206c957a57448a2a80ede5393f4d55a"},
        {"relpath": "Resources/Favorites", "contentType": "FAVORITES", "defaultDisabled":
        false, "id": "d6a9c14e900d426ab6c5ca3f93cdc900"}, {"relpath": "Resources/CustomFunctions",
        "contentType": "CUSTOM_FUNCTIONS", "defaultDisabled": false, "id": "a2892e68c2604c9fbf45b132dead96ab"},
        {"relpath": "Resources/Custom", "contentType": "GENERIC", "defaultDisabled":
        false, "id": "8120dc55987a4e6690b933eebdd5be10"}, {"relpath": "ReferenceResults",
        "contentType": "REFERENCE_RESULTS", "defaultDisabled": false, "id": "3de2585eb35943189482ef4a0d2e29fd"},
        {"relpath": "Resources/ExperimentDefinitions", "contentType": "EXPERIMENT_DEFINITIONS",
        "defaultDisabled": false, "id": "305ec5498f8d4e198dab6ae6df60e2c4"}], "executionOptions":
        []}, "projectType": "LOCAL", "storageLocation": "USERSPACE"}]}}'
    headers:
      Connection:
      - keep-alive
      Content-Type:
      - application/json; charset=utf-8
      Transfer-Encoding:
      - chunked
      Vary:
      - Accept-Encoding
      content-length:
      - '1043'
    status:
      code: 200
      message: OK
- request:
    body: null
    headers:
      Accept:
      - application/json
      Accept-Encoding:
      - gzip, deflate
      Connection:
      - keep-alive
      Content-Length:
      - '0'
    method: DELETE
    uri: /user/test-user-uniqid/impact/api/projects/7b29e657fc5cde4410c06d002f2b57b3554b270a
  response:
    body:
      string: '{"id": "7b29e657fc5cde4410c06d002f2b57b3554b270a", "definition": {"name":
        "Project", "format": "1.0.0", "dependencies": [{"name": "Modelica", "versionSpecifier":
        "4.0.0"}], "content": [{"relpath": "Resources/Views", "contentType": "VIEWS",
        "defaultDisabled": false, "id": "7206c957a57448a2a80ede5393f4d55a"}, {"relpath":
        "Resources/Favorites", "contentType": "FAVORITES", "defaultDisabled": false,
        "id": "d6a9c14e900d426ab6c5ca3f93cdc900"}, {"relpath": "Resources/CustomFunctions",
        "contentType": "CUSTOM_FUNCTIONS", "defaultDisabled": false, "id": "a2892e68c2604c9fbf45b132dead96ab"},
        {"relpath": "Resources/Custom", "contentType": "GENERIC", "defaultDisabled":
        false, "id": "8120dc55987a4e6690b933eebdd5be10"}, {"relpath": "ReferenceResults",
        "contentType": "REFERENCE_RESULTS", "defaultDisabled": false, "id": "3de2585eb35943189482ef4a0d2e29fd"},
        {"relpath": "Resources/ExperimentDefinitions", "contentType": "EXPERIMENT_DEFINITIONS",
        "defaultDisabled": false, "id": "305ec5498f8d4e198dab6ae6df60e2c4"}], "executionOptions":
        []}, "projectType": "LOCAL", "storageLocation": "USERSPACE"}'
    headers:
      Connection:
      - keep-alive
      Content-Type:
      - application/json; charset=utf-8
      Vary:
      - Accept-Encoding
    status:
      code: 200
      message: OK
- request:
    body: null
    headers:
      Accept:
      - application/json
      Accept-Encoding:
      - gzip, deflate
      Connection:
      - keep-alive
      Content-Length:
      - '0'
    method: DELETE
    uri: /user/test-user-uniqid/impact/api/workspaces/impact-python-client-workspace1
  response:
    body:
      string: ''
    headers:
      Connection:
      - keep-alive
      Content-Type:
      - application/json; charset=utf-8
      Vary:
      - Accept-Encoding
    status:
      code: 200
      message: OK
version: 1
