interactions:
- request:
    body: null
    headers:
      Accept:
      - '*/*'
      Accept-Encoding:
      - gzip, deflate
      Connection:
      - keep-alive
    method: GET
    uri: /hub/api/
  response:
    body:
      string: '{"version": "4.0.2"}'
    headers:
      Connection:
      - keep-alive
      Content-Type:
      - application/json
      access-control-allow-headers:
      - accept, content-type, authorization
      x-jupyterhub-version:
      - 4.0.2
    status:
      code: 200
      message: OK
- request:
    body: null
    headers:
      Accept:
      - '*/*'
      Accept-Encoding:
      - gzip, deflate
      Connection:
      - keep-alive
    method: GET
    uri: /hub/api/authorizations/token/dummy
  response:
    body:
      string: '{"name": "test@dummy.com", "server": "/user/test@dummy.com/"}'
    headers:
      Connection:
      - keep-alive
      Content-Type:
      - application/json
      access-control-allow-headers:
      - accept, content-type, authorization
      x-jupyterhub-version:
      - 4.0.2
    status:
      code: 200
      message: OK
- request:
    body: null
    headers:
      Accept:
      - '*/*'
      Accept-Encoding:
      - gzip, deflate
      Connection:
      - keep-alive
    method: GET
    uri: /user/test@dummy.com/impact/api/
  response:
    body:
      string: '{"version": "4.10.0"}'
    headers:
      Connection:
      - keep-alive
      Content-Type:
      - application/json; charset=utf-8
      access-control-allow-headers:
      - '*'
      access-control-allow-methods:
      - POST, PUT, GET, DELETE, OPTIONS
      access-control-allow-origin:
      - '*'
      vary:
      - Accept-Encoding
      x-powered-by:
      - Express
    status:
      code: 200
      message: OK
- request:
    body: '{}'
    headers:
      Accept:
      - '*/*'
      Accept-Encoding:
      - gzip, deflate
      Connection:
      - keep-alive
      Content-Length:
      - '113'
      Content-Type:
      - application/json
    method: POST
    uri: /user/test@dummy.com/impact/api/login
  response:
    body:
      string: '{}'
    headers:
      Connection:
      - keep-alive
      Content-Type:
      - application/json; charset=utf-8
      access-control-allow-headers:
      - '*'
      access-control-allow-methods:
      - POST, PUT, GET, DELETE, OPTIONS
      access-control-allow-origin:
      - '*'
      vary:
      - Accept-Encoding
      x-powered-by:
      - Express
    status:
      code: 200
      message: OK
- request:
    body: null
    headers:
      Accept:
      - '*/*'
      Accept-Encoding:
      - gzip, deflate
      Connection:
      - keep-alive
    method: GET
    uri: /user/test@dummy.com/impact/api/users/me
  response:
    body:
      string: '{"data": {"license": "impact-pro", "username": "test@dummy.com"}}'
    headers:
      Connection:
      - keep-alive
      Content-Type:
      - application/json; charset=utf-8
      access-control-allow-headers:
      - '*'
      access-control-allow-methods:
      - POST, PUT, GET, DELETE, OPTIONS
      access-control-allow-origin:
      - '*'
      vary:
      - Accept-Encoding
      x-powered-by:
      - Express
    status:
      code: 200
      message: OK
- request:
    body: null
    headers:
      Accept:
      - '*/*'
      Accept-Encoding:
      - gzip, deflate
      Connection:
      - keep-alive
    method: GET
    uri: /user/test@dummy.com/impact/api/users/me
  response:
    body:
      string: '{"data": {"license": "impact-pro", "username": "test@dummy.com"}}'
    headers:
      Connection:
      - keep-alive
      Content-Type:
      - application/json; charset=utf-8
      access-control-allow-headers:
      - '*'
      access-control-allow-methods:
      - POST, PUT, GET, DELETE, OPTIONS
      access-control-allow-origin:
      - '*'
      vary:
      - Accept-Encoding
      x-powered-by:
      - Express
    status:
      code: 200
      message: OK
- request:
    body: null
    headers:
      Accept:
      - '*/*'
      Accept-Encoding:
      - gzip, deflate
      Connection:
      - keep-alive
    method: GET
    uri: /user/test@dummy.com/impact/api/workspaces
  response:
    body:
      string: '{"data": {"items": []}}'
    headers:
      Connection:
      - keep-alive
      Content-Type:
      - application/json; charset=utf-8
      access-control-allow-headers:
      - '*'
      access-control-allow-methods:
      - POST, PUT, GET, DELETE, OPTIONS
      access-control-allow-origin:
      - '*'
      vary:
      - Accept-Encoding
      x-powered-by:
      - Express
    status:
      code: 200
      message: OK
- request:
    body: '{"new": {"name": "impact-python-client-workspace1"}}'
    headers:
      Accept:
      - '*/*'
      Accept-Encoding:
      - gzip, deflate
      Connection:
      - keep-alive
      Content-Length:
      - '52'
      Content-Type:
      - application/json
    method: POST
    uri: /user/test@dummy.com/impact/api/workspaces
  response:
    body:
      string: '{"definition": {"name": "impact-python-client-workspace1", "description":
        "", "defaultProjectId": "8846294a20508e6aa118a9663cb8f0a41ccdc038", "projects":
        [{"reference": {"id": "8846294a20508e6aa118a9663cb8f0a41ccdc038"}, "disabled":
        false, "disabledContent": []}], "dependencies": [{"reference": {"id": "fec43f77925949bd7e7c0f10ac49ebc1189dc840",
        "name": "Modelica", "version": "3.2.3"}, "disabled": true, "disabledContent":
        []}, {"reference": {"id": "ac04a5da97bc2e11bffb7f41b2485da347846df6", "name":
        "Modelica", "version": "4.0.0"}, "disabled": false, "disabledContent": []}],
        "format": "1.0.0", "guid": "fdbed0a901da499c81a7196bf250b00d", "createdBy":
        "ce771b6a-56ea-464b-9ab7-f527a8a3c051", "createdAt": 1712898338049}, "id":
        "impact-python-client-workspace1", "conversion": {"state": "UP_TO_DATE"}}'
    headers:
      Connection:
      - keep-alive
      Content-Type:
      - application/json; charset=utf-8
      access-control-allow-headers:
      - '*'
      access-control-allow-methods:
      - POST, PUT, GET, DELETE, OPTIONS
      access-control-allow-origin:
      - '*'
      vary:
      - Accept-Encoding
      x-powered-by:
      - Express
    status:
      code: 200
      message: OK
- request:
    body: null
    headers:
      Accept:
      - '*/*'
      Accept-Encoding:
      - gzip, deflate
      Connection:
      - keep-alive
    method: GET
    uri: /user/test@dummy.com/impact/api/workspaces/impact-python-client-workspace1/custom-functions/dynamic
  response:
    body:
      string: '{"name": "dynamic", "version": "0.0.1", "description": "Performs a
        dynamic simulation", "can_initialize_from": false, "parameters": [{"name":
        "start_time", "type": "Number", "description": "The start time of the simulation",
        "optional": "false", "defaultValue": 0}, {"name": "final_time", "type": "Number",
        "description": "The final time of the simulation", "optional": "false", "defaultValue":
        1}, {"name": "interval", "type": "Number", "description": "The time resolution
        for the result grid, default is based on solver settings", "optional": "true",
        "defaultValue": 0}]}'
    headers:
      Connection:
      - keep-alive
      Content-Type:
      - application/json; charset=utf-8
      access-control-allow-headers:
      - '*'
      access-control-allow-methods:
      - POST, PUT, GET, DELETE, OPTIONS
      access-control-allow-origin:
      - '*'
      vary:
      - Accept-Encoding
      x-powered-by:
      - Express
    status:
      code: 200
      message: OK
- request:
    body: null
    headers:
      Accept:
      - '*/*'
      Accept-Encoding:
      - gzip, deflate
      Connection:
      - keep-alive
    method: GET
    uri: /user/test@dummy.com/impact/api/workspaces/impact-python-client-workspace1
  response:
    body:
      string: '{"definition": {"name": "impact-python-client-workspace1", "description":
        "", "defaultProjectId": "8846294a20508e6aa118a9663cb8f0a41ccdc038", "projects":
        [{"reference": {"id": "8846294a20508e6aa118a9663cb8f0a41ccdc038"}, "disabled":
        false, "disabledContent": []}], "dependencies": [{"reference": {"id": "fec43f77925949bd7e7c0f10ac49ebc1189dc840",
        "name": "Modelica", "version": "3.2.3"}, "disabled": true, "disabledContent":
        []}, {"reference": {"id": "ac04a5da97bc2e11bffb7f41b2485da347846df6", "name":
        "Modelica", "version": "4.0.0"}, "disabled": false, "disabledContent": []}],
        "format": "1.0.0", "guid": "fdbed0a901da499c81a7196bf250b00d", "createdBy":
        "ce771b6a-56ea-464b-9ab7-f527a8a3c051", "createdAt": 1712898338049}, "id":
        "impact-python-client-workspace1", "conversion": {"state": "UP_TO_DATE"}}'
    headers:
      Connection:
      - keep-alive
      Content-Type:
      - application/json; charset=utf-8
      access-control-allow-headers:
      - '*'
      access-control-allow-methods:
      - POST, PUT, GET, DELETE, OPTIONS
      access-control-allow-origin:
      - '*'
      vary:
      - Accept-Encoding
      x-powered-by:
      - Express
    status:
      code: 200
      message: OK
- request:
    body: null
    headers:
      Accept:
      - '*/*'
      Accept-Encoding:
      - gzip, deflate
      Connection:
      - keep-alive
    method: GET
    uri: /user/test@dummy.com/impact/api/projects/8846294a20508e6aa118a9663cb8f0a41ccdc038
  response:
    body:
      string: '{"id": "8846294a20508e6aa118a9663cb8f0a41ccdc038", "definition": {"name":
        "Project", "format": "1.0.0", "dependencies": [{"name": "Modelica", "versionSpecifier":
        "4.0.0"}], "content": [{"relpath": "Resources/Views", "contentType": "VIEWS",
        "defaultDisabled": false, "id": "f44f1c2e1bfd4ff6af9fbc162b22a417"}, {"relpath":
        "Resources/Favorites", "contentType": "FAVORITES", "defaultDisabled": false,
        "id": "7451664988404671a1ed25c5ac914614"}, {"relpath": "Resources/CustomFunctions",
        "contentType": "CUSTOM_FUNCTIONS", "defaultDisabled": false, "id": "3933f45e932242b898ca9afcbefb506b"},
        {"relpath": "Resources/Custom", "contentType": "GENERIC", "defaultDisabled":
        false, "id": "3e6ad1f2d41b4dd6afd75a5d0718ad3a"}, {"relpath": "ReferenceResults",
        "contentType": "REFERENCE_RESULTS", "defaultDisabled": false, "id": "2fb0864ff54e4f2794d55a383314144e"},
        {"relpath": "Resources/ExperimentDefinitions", "contentType": "EXPERIMENT_DEFINITIONS",
        "defaultDisabled": false, "id": "bcf5fda2d02a49a98db1643915960bde"}], "executionOptions":
        []}, "projectType": "LOCAL", "storageLocation": "USERSPACE"}'
    headers:
      Connection:
      - keep-alive
      Content-Type:
      - application/json; charset=utf-8
      access-control-allow-headers:
      - '*'
      access-control-allow-methods:
      - POST, PUT, GET, DELETE, OPTIONS
      access-control-allow-origin:
      - '*'
      vary:
      - Accept-Encoding
      x-powered-by:
      - Express
    status:
      code: 200
      message: OK
- request:
    body: null
    headers:
      Accept:
      - '*/*'
      Accept-Encoding:
      - gzip, deflate
      Connection:
      - keep-alive
    method: GET
    uri: /user/test@dummy.com/impact/api/workspaces/impact-python-client-workspace1/custom-functions/dynamic/options
  response:
    body:
      string: '{"compiler": {"c_compiler": "gcc", "generate_html_diagnostics": false,
        "include_protected_variables": false}, "runtime": {}, "simulation": {"ncp":
        500, "dynamic_diagnostics": false}, "solver": {}}'
    headers:
      Connection:
      - keep-alive
      Content-Type:
      - application/json; charset=utf-8
      access-control-allow-headers:
      - '*'
      access-control-allow-methods:
      - POST, PUT, GET, DELETE, OPTIONS
      access-control-allow-origin:
      - '*'
      vary:
      - Accept-Encoding
      x-powered-by:
      - Express
    status:
      code: 200
      message: OK
- request:
    body: null
    headers:
      Accept:
      - '*/*'
      Accept-Encoding:
      - gzip, deflate
      Connection:
      - keep-alive
    method: GET
    uri: /user/test@dummy.com/impact/api/workspaces/impact-python-client-workspace1/custom-functions/dynamic/options
  response:
    body:
      string: '{"compiler": {"c_compiler": "gcc", "generate_html_diagnostics": false,
        "include_protected_variables": false}, "runtime": {}, "simulation": {"ncp":
        500, "dynamic_diagnostics": false}, "solver": {}}'
    headers:
      Connection:
      - keep-alive
      Content-Type:
      - application/json; charset=utf-8
      access-control-allow-headers:
      - '*'
      access-control-allow-methods:
      - POST, PUT, GET, DELETE, OPTIONS
      access-control-allow-origin:
      - '*'
      vary:
      - Accept-Encoding
      x-powered-by:
      - Express
    status:
      code: 200
      message: OK
- request:
    body: null
    headers:
      Accept:
      - '*/*'
      Accept-Encoding:
      - gzip, deflate
      Connection:
      - keep-alive
    method: GET
    uri: /user/test@dummy.com/impact/api/workspaces/impact-python-client-workspace1/custom-functions/dynamic/options
  response:
    body:
      string: '{"compiler": {"c_compiler": "gcc", "generate_html_diagnostics": false,
        "include_protected_variables": false}, "runtime": {}, "simulation": {"ncp":
        500, "dynamic_diagnostics": false}, "solver": {}}'
    headers:
      Connection:
      - keep-alive
      Content-Type:
      - application/json; charset=utf-8
      access-control-allow-headers:
      - '*'
      access-control-allow-methods:
      - POST, PUT, GET, DELETE, OPTIONS
      access-control-allow-origin:
      - '*'
      vary:
      - Accept-Encoding
      x-powered-by:
      - Express
    status:
      code: 200
      message: OK
- request:
    body: null
    headers:
      Accept:
      - '*/*'
      Accept-Encoding:
      - gzip, deflate
      Connection:
      - keep-alive
    method: GET
    uri: /user/test@dummy.com/impact/api/workspaces/impact-python-client-workspace1/custom-functions/dynamic/options
  response:
    body:
      string: '{"compiler": {"c_compiler": "gcc", "generate_html_diagnostics": false,
        "include_protected_variables": false}, "runtime": {}, "simulation": {"ncp":
        500, "dynamic_diagnostics": false}, "solver": {}}'
    headers:
      Connection:
      - keep-alive
      Content-Type:
      - application/json; charset=utf-8
      access-control-allow-headers:
      - '*'
      access-control-allow-methods:
      - POST, PUT, GET, DELETE, OPTIONS
      access-control-allow-origin:
      - '*'
      vary:
      - Accept-Encoding
      x-powered-by:
      - Express
    status:
      code: 200
      message: OK
- request:
    body: '{"experiment": {"version": 2, "base": {"model": {"modelica": {"className":
      "Modelica.Blocks.Examples.PID_Controller", "compilerOptions": {"c_compiler":
      "gcc", "generate_html_diagnostics": false, "include_protected_variables": false},
      "runtimeOptions": {}, "compilerLogLevel": "warning", "fmiTarget": "me", "fmiVersion":
      "2.0", "platform": "auto"}}, "modifiers": {"variables": {"PI.yMax": "range(12,13,4)"}},
      "analysis": {"type": "dynamic", "parameters": {"start_time": 0, "final_time":
      1, "interval": 0}, "simulationOptions": {"ncp": 500, "dynamic_diagnostics":
      false}, "solverOptions": {}, "simulationLogLevel": "WARNING"}, "expansion":
      {"algorithm": "FULLFACTORIAL"}}, "extensions": []}}'
    headers:
      Accept:
      - '*/*'
      Accept-Encoding:
      - gzip, deflate
      Connection:
      - keep-alive
      Content-Length:
      - '689'
      Content-Type:
      - application/json
    method: POST
    uri: /user/test@dummy.com/impact/api/workspaces/impact-python-client-workspace1/experiments
  response:
    body:
      string: '{"experiment_id": "modelica_blocks_examples_pid_controller_20240412_050539_3d2f23e"}'
    headers:
      Connection:
      - keep-alive
      Content-Type:
      - application/json; charset=utf-8
      access-control-allow-headers:
      - '*'
      access-control-allow-methods:
      - POST, PUT, GET, DELETE, OPTIONS
      access-control-allow-origin:
      - '*'
      vary:
      - Accept-Encoding
      x-powered-by:
      - Express
    status:
      code: 200
      message: OK
- request:
    body: '{"includeCases": {"ids": []}}'
    headers:
      Accept:
      - '*/*'
      Accept-Encoding:
      - gzip, deflate
      Connection:
      - keep-alive
      Content-Length:
      - '29'
      Content-Type:
      - application/json
    method: POST
    uri: /user/test@dummy.com/impact/api/workspaces/impact-python-client-workspace1/experiments/modelica_blocks_examples_pid_controller_20240412_050539_3d2f23e/execution
  response:
    body:
      string: ''
    headers:
      Connection:
      - keep-alive
      Content-Type:
      - application/json; charset=utf-8
      access-control-allow-headers:
      - '*'
      access-control-allow-methods:
      - POST, PUT, GET, DELETE, OPTIONS
      access-control-allow-origin:
      - '*'
      vary:
      - Accept-Encoding
      x-powered-by:
      - Express
    status:
      code: 200
      message: OK
- request:
    body: null
    headers:
      Accept:
      - '*/*'
      Accept-Encoding:
      - gzip, deflate
      Connection:
      - keep-alive
    method: GET
    uri: /user/test@dummy.com/impact/api/workspaces/impact-python-client-workspace1/experiments/modelica_blocks_examples_pid_controller_20240412_050539_3d2f23e/execution
  response:
    body:
      string: '{"finished_executions": 0, "total_executions": 1, "status": "running",
        "progresses": [{"message": "Simulating", "percentage": 0.0, "done": false,
        "stage": "compilation"}]}'
    headers:
      Connection:
      - keep-alive
      Content-Type:
      - application/json; charset=utf-8
      access-control-allow-headers:
      - '*'
      access-control-allow-methods:
      - POST, PUT, GET, DELETE, OPTIONS
      access-control-allow-origin:
      - '*'
      vary:
      - Accept-Encoding
      x-powered-by:
      - Express
    status:
      code: 200
      message: OK
- request:
    body: null
    headers:
      Accept:
      - '*/*'
      Accept-Encoding:
      - gzip, deflate
      Connection:
      - keep-alive
    method: GET
    uri: /user/test@dummy.com/impact/api/workspaces/impact-python-client-workspace1/experiments/modelica_blocks_examples_pid_controller_20240412_050539_3d2f23e/execution
  response:
    body:
      string: '{"finished_executions": 0, "total_executions": 1, "status": "running",
        "progresses": [{"message": "Simulating", "percentage": 0.0, "done": false,
        "stage": "compilation"}]}'
    headers:
      Connection:
      - keep-alive
      Content-Type:
      - application/json; charset=utf-8
      access-control-allow-headers:
      - '*'
      access-control-allow-methods:
      - POST, PUT, GET, DELETE, OPTIONS
      access-control-allow-origin:
      - '*'
      vary:
      - Accept-Encoding
      x-powered-by:
      - Express
    status:
      code: 200
      message: OK
- request:
    body: null
    headers:
      Accept:
      - '*/*'
      Accept-Encoding:
      - gzip, deflate
      Connection:
      - keep-alive
    method: GET
    uri: /user/test@dummy.com/impact/api/workspaces/impact-python-client-workspace1/experiments/modelica_blocks_examples_pid_controller_20240412_050539_3d2f23e/execution
  response:
    body:
      string: '{"finished_executions": 0, "total_executions": 1, "status": "running",
        "progresses": [{"message": "Simulating", "percentage": 0.0, "done": false,
        "stage": "compilation"}]}'
    headers:
      Connection:
      - keep-alive
      Content-Type:
      - application/json; charset=utf-8
      access-control-allow-headers:
      - '*'
      access-control-allow-methods:
      - POST, PUT, GET, DELETE, OPTIONS
      access-control-allow-origin:
      - '*'
      vary:
      - Accept-Encoding
      x-powered-by:
      - Express
    status:
      code: 200
      message: OK
- request:
    body: null
    headers:
      Accept:
      - '*/*'
      Accept-Encoding:
      - gzip, deflate
      Connection:
      - keep-alive
    method: GET
    uri: /user/test@dummy.com/impact/api/workspaces/impact-python-client-workspace1/experiments/modelica_blocks_examples_pid_controller_20240412_050539_3d2f23e/execution
  response:
    body:
      string: '{"finished_executions": 0, "total_executions": 1, "status": "running",
        "progresses": [{"message": "Simulating", "percentage": 0.0, "done": false,
        "stage": "compilation"}]}'
    headers:
      Connection:
      - keep-alive
      Content-Type:
      - application/json; charset=utf-8
      access-control-allow-headers:
      - '*'
      access-control-allow-methods:
      - POST, PUT, GET, DELETE, OPTIONS
      access-control-allow-origin:
      - '*'
      vary:
      - Accept-Encoding
      x-powered-by:
      - Express
    status:
      code: 200
      message: OK
- request:
    body: null
    headers:
      Accept:
      - '*/*'
      Accept-Encoding:
      - gzip, deflate
      Connection:
      - keep-alive
    method: GET
    uri: /user/test@dummy.com/impact/api/workspaces/impact-python-client-workspace1/experiments/modelica_blocks_examples_pid_controller_20240412_050539_3d2f23e/execution
  response:
    body:
      string: '{"finished_executions": 0, "total_executions": 1, "status": "running",
        "progresses": [{"message": "Simulating", "percentage": 0.0, "done": false,
        "stage": "compilation"}]}'
    headers:
      Connection:
      - keep-alive
      Content-Type:
      - application/json; charset=utf-8
      access-control-allow-headers:
      - '*'
      access-control-allow-methods:
      - POST, PUT, GET, DELETE, OPTIONS
      access-control-allow-origin:
      - '*'
      vary:
      - Accept-Encoding
      x-powered-by:
      - Express
    status:
      code: 200
      message: OK
- request:
    body: null
    headers:
      Accept:
      - '*/*'
      Accept-Encoding:
      - gzip, deflate
      Connection:
      - keep-alive
    method: GET
    uri: /user/test@dummy.com/impact/api/workspaces/impact-python-client-workspace1/experiments/modelica_blocks_examples_pid_controller_20240412_050539_3d2f23e/execution
  response:
    body:
      string: '{"finished_executions": 0, "total_executions": 1, "status": "running",
        "progresses": [{"message": "Simulating", "percentage": 0.0, "done": false,
        "stage": "compilation"}]}'
    headers:
      Connection:
      - keep-alive
      Content-Type:
      - application/json; charset=utf-8
      access-control-allow-headers:
      - '*'
      access-control-allow-methods:
      - POST, PUT, GET, DELETE, OPTIONS
      access-control-allow-origin:
      - '*'
      vary:
      - Accept-Encoding
      x-powered-by:
      - Express
    status:
      code: 200
      message: OK
- request:
    body: null
    headers:
      Accept:
      - '*/*'
      Accept-Encoding:
      - gzip, deflate
      Connection:
      - keep-alive
    method: GET
    uri: /user/test@dummy.com/impact/api/workspaces/impact-python-client-workspace1/experiments/modelica_blocks_examples_pid_controller_20240412_050539_3d2f23e/execution
  response:
    body:
      string: '{"finished_executions": 1, "total_executions": 4, "status": "running",
        "progresses": [{"message": "Simulating", "percentage": 0.0, "done": true,
        "stage": "compilation"}, {"message": "Simulating", "percentage": 0.0, "done":
        false, "stage": "compilation"}, {"message": "Simulating", "percentage": 0.0,
        "done": false, "stage": "compilation"}, {"message": "Simulating", "percentage":
        0.0, "done": false, "stage": "compilation"}]}'
    headers:
      Connection:
      - keep-alive
      Content-Type:
      - application/json; charset=utf-8
      access-control-allow-headers:
      - '*'
      access-control-allow-methods:
      - POST, PUT, GET, DELETE, OPTIONS
      access-control-allow-origin:
      - '*'
      vary:
      - Accept-Encoding
      x-powered-by:
      - Express
    status:
      code: 200
      message: OK
- request:
    body: null
    headers:
      Accept:
      - '*/*'
      Accept-Encoding:
      - gzip, deflate
      Connection:
      - keep-alive
    method: GET
    uri: /user/test@dummy.com/impact/api/workspaces/impact-python-client-workspace1/experiments/modelica_blocks_examples_pid_controller_20240412_050539_3d2f23e/execution
  response:
    body:
      string: '{"finished_executions": 1, "total_executions": 4, "status": "running",
        "progresses": [{"message": "Simulating", "percentage": 0.0, "done": true,
        "stage": "compilation"}, {"message": "Simulating", "percentage": 0.0, "done":
        false, "stage": "compilation"}, {"message": "Simulating", "percentage": 0.0,
        "done": false, "stage": "compilation"}, {"message": "Simulating", "percentage":
        0.0, "done": false, "stage": "compilation"}]}'
    headers:
      Connection:
      - keep-alive
      Content-Type:
      - application/json; charset=utf-8
      access-control-allow-headers:
      - '*'
      access-control-allow-methods:
      - POST, PUT, GET, DELETE, OPTIONS
      access-control-allow-origin:
      - '*'
      vary:
      - Accept-Encoding
      x-powered-by:
      - Express
    status:
      code: 200
      message: OK
- request:
    body: null
    headers:
      Accept:
      - '*/*'
      Accept-Encoding:
      - gzip, deflate
      Connection:
      - keep-alive
    method: GET
    uri: /user/test@dummy.com/impact/api/workspaces/impact-python-client-workspace1/experiments/modelica_blocks_examples_pid_controller_20240412_050539_3d2f23e/execution
  response:
    body:
      string: '{"finished_executions": 1, "total_executions": 4, "status": "running",
        "progresses": [{"message": "Simulating", "percentage": 0.0, "done": true,
        "stage": "compilation"}, {"message": "Simulating", "percentage": 0.0, "done":
        false, "stage": "compilation"}, {"message": "Simulating", "percentage": 0.0,
        "done": false, "stage": "compilation"}, {"message": "Simulating", "percentage":
        0.0, "done": false, "stage": "compilation"}]}'
    headers:
      Connection:
      - keep-alive
      Content-Type:
      - application/json; charset=utf-8
      access-control-allow-headers:
      - '*'
      access-control-allow-methods:
      - POST, PUT, GET, DELETE, OPTIONS
      access-control-allow-origin:
      - '*'
      vary:
      - Accept-Encoding
      x-powered-by:
      - Express
    status:
      code: 200
      message: OK
- request:
    body: null
    headers:
      Accept:
      - '*/*'
      Accept-Encoding:
      - gzip, deflate
      Connection:
      - keep-alive
    method: GET
    uri: /user/test@dummy.com/impact/api/workspaces/impact-python-client-workspace1/experiments/modelica_blocks_examples_pid_controller_20240412_050539_3d2f23e/execution
  response:
    body:
      string: '{"finished_executions": 1, "total_executions": 4, "status": "running",
        "progresses": [{"message": "Simulating", "percentage": 0.0, "done": true,
        "stage": "compilation"}, {"message": "Simulating", "percentage": 0.0, "done":
        false, "stage": "compilation"}, {"message": "Simulating", "percentage": 0.0,
        "done": false, "stage": "compilation"}, {"message": "Simulating", "percentage":
        0.0, "done": false, "stage": "compilation"}]}'
    headers:
      Connection:
      - keep-alive
      Content-Type:
      - application/json; charset=utf-8
      access-control-allow-headers:
      - '*'
      access-control-allow-methods:
      - POST, PUT, GET, DELETE, OPTIONS
      access-control-allow-origin:
      - '*'
      vary:
      - Accept-Encoding
      x-powered-by:
      - Express
    status:
      code: 200
      message: OK
- request:
    body: null
    headers:
      Accept:
      - '*/*'
      Accept-Encoding:
      - gzip, deflate
      Connection:
      - keep-alive
    method: GET
    uri: /user/test@dummy.com/impact/api/workspaces/impact-python-client-workspace1/experiments/modelica_blocks_examples_pid_controller_20240412_050539_3d2f23e/execution
  response:
    body:
      string: '{"finished_executions": 1, "total_executions": 4, "status": "running",
        "progresses": [{"message": "Simulating", "percentage": 0.0, "done": true,
        "stage": "compilation"}, {"message": "Simulating", "percentage": 0.0, "done":
        false, "stage": "compilation"}, {"message": "Simulating", "percentage": 0.0,
        "done": false, "stage": "compilation"}, {"message": "Simulating", "percentage":
        0.0, "done": false, "stage": "compilation"}]}'
    headers:
      Connection:
      - keep-alive
      Content-Type:
      - application/json; charset=utf-8
      access-control-allow-headers:
      - '*'
      access-control-allow-methods:
      - POST, PUT, GET, DELETE, OPTIONS
      access-control-allow-origin:
      - '*'
      vary:
      - Accept-Encoding
      x-powered-by:
      - Express
    status:
      code: 200
      message: OK
- request:
    body: null
    headers:
      Accept:
      - '*/*'
      Accept-Encoding:
      - gzip, deflate
      Connection:
      - keep-alive
    method: GET
    uri: /user/test@dummy.com/impact/api/workspaces/impact-python-client-workspace1/experiments/modelica_blocks_examples_pid_controller_20240412_050539_3d2f23e/execution
  response:
    body:
      string: '{"finished_executions": 1, "total_executions": 4, "status": "running",
        "progresses": [{"message": "Simulating", "percentage": 0.0, "done": true,
        "stage": "compilation"}, {"message": "Simulating", "percentage": 0.0, "done":
        false, "stage": "compilation"}, {"message": "Simulating", "percentage": 0.0,
        "done": false, "stage": "compilation"}, {"message": "Simulating", "percentage":
        0.0, "done": false, "stage": "compilation"}]}'
    headers:
      Connection:
      - keep-alive
      Content-Type:
      - application/json; charset=utf-8
      access-control-allow-headers:
      - '*'
      access-control-allow-methods:
      - POST, PUT, GET, DELETE, OPTIONS
      access-control-allow-origin:
      - '*'
      vary:
      - Accept-Encoding
      x-powered-by:
      - Express
    status:
      code: 200
      message: OK
- request:
    body: null
    headers:
      Accept:
      - '*/*'
      Accept-Encoding:
      - gzip, deflate
      Connection:
      - keep-alive
    method: GET
    uri: /user/test@dummy.com/impact/api/workspaces/impact-python-client-workspace1/experiments/modelica_blocks_examples_pid_controller_20240412_050539_3d2f23e/execution
  response:
    body:
      string: '{"finished_executions": 1, "total_executions": 4, "status": "pending",
        "progresses": [{"message": "Simulating", "percentage": 0.0, "done": true,
        "stage": "compilation"}, {"message": "Simulating", "percentage": 0.0, "done":
        false, "stage": "compilation"}, {"message": "Simulating", "percentage": 0.0,
        "done": false, "stage": "compilation"}, {"message": "Simulating", "percentage":
        0.0, "done": false, "stage": "compilation"}]}'
    headers:
      Connection:
      - keep-alive
      Content-Type:
      - application/json; charset=utf-8
      access-control-allow-headers:
      - '*'
      access-control-allow-methods:
      - POST, PUT, GET, DELETE, OPTIONS
      access-control-allow-origin:
      - '*'
      vary:
      - Accept-Encoding
      x-powered-by:
      - Express
    status:
      code: 200
      message: OK
- request:
    body: null
    headers:
      Accept:
      - '*/*'
      Accept-Encoding:
      - gzip, deflate
      Connection:
      - keep-alive
    method: GET
    uri: /user/test@dummy.com/impact/api/workspaces/impact-python-client-workspace1/experiments/modelica_blocks_examples_pid_controller_20240412_050539_3d2f23e/execution
  response:
    body:
      string: '{"finished_executions": 2, "total_executions": 4, "status": "running",
        "progresses": [{"message": "Simulating", "percentage": 0.0, "done": true,
        "stage": "compilation"}, {"message": "Simulating", "percentage": 0.0, "done":
        true, "stage": "compilation"}, {"message": "Simulating", "percentage": 0.0,
        "done": false, "stage": "compilation"}, {"message": "Simulating", "percentage":
        0.0, "done": false, "stage": "compilation"}]}'
    headers:
      Connection:
      - keep-alive
      Content-Type:
      - application/json; charset=utf-8
      access-control-allow-headers:
      - '*'
      access-control-allow-methods:
      - POST, PUT, GET, DELETE, OPTIONS
      access-control-allow-origin:
      - '*'
      vary:
      - Accept-Encoding
      x-powered-by:
      - Express
    status:
      code: 200
      message: OK
- request:
    body: null
    headers:
      Accept:
      - '*/*'
      Accept-Encoding:
      - gzip, deflate
      Connection:
      - keep-alive
    method: GET
    uri: /user/test@dummy.com/impact/api/workspaces/impact-python-client-workspace1/experiments/modelica_blocks_examples_pid_controller_20240412_050539_3d2f23e/execution
  response:
    body:
      string: '{"finished_executions": 2, "total_executions": 4, "status": "running",
        "progresses": [{"message": "Simulating", "percentage": 0.0, "done": true,
        "stage": "compilation"}, {"message": "Simulating", "percentage": 0.0, "done":
        true, "stage": "compilation"}, {"message": "Simulating", "percentage": 0.0,
        "done": false, "stage": "compilation"}, {"message": "Simulating", "percentage":
        0.0, "done": false, "stage": "compilation"}]}'
    headers:
      Connection:
      - keep-alive
      Content-Type:
      - application/json; charset=utf-8
      access-control-allow-headers:
      - '*'
      access-control-allow-methods:
      - POST, PUT, GET, DELETE, OPTIONS
      access-control-allow-origin:
      - '*'
      vary:
      - Accept-Encoding
      x-powered-by:
      - Express
    status:
      code: 200
      message: OK
- request:
    body: null
    headers:
      Accept:
      - '*/*'
      Accept-Encoding:
      - gzip, deflate
      Connection:
      - keep-alive
    method: GET
    uri: /user/test@dummy.com/impact/api/workspaces/impact-python-client-workspace1/experiments/modelica_blocks_examples_pid_controller_20240412_050539_3d2f23e/execution
  response:
    body:
      string: '{"finished_executions": 2, "total_executions": 4, "status": "running",
        "progresses": [{"message": "Simulating", "percentage": 0.0, "done": true,
        "stage": "compilation"}, {"message": "Simulating", "percentage": 0.0, "done":
        true, "stage": "compilation"}, {"message": "Simulating", "percentage": 0.0,
        "done": false, "stage": "compilation"}, {"message": "Simulating", "percentage":
        0.0, "done": false, "stage": "compilation"}]}'
    headers:
      Connection:
      - keep-alive
      Content-Type:
      - application/json; charset=utf-8
      access-control-allow-headers:
      - '*'
      access-control-allow-methods:
      - POST, PUT, GET, DELETE, OPTIONS
      access-control-allow-origin:
      - '*'
      vary:
      - Accept-Encoding
      x-powered-by:
      - Express
    status:
      code: 200
      message: OK
- request:
    body: null
    headers:
      Accept:
      - '*/*'
      Accept-Encoding:
      - gzip, deflate
      Connection:
      - keep-alive
    method: GET
    uri: /user/test@dummy.com/impact/api/workspaces/impact-python-client-workspace1/experiments/modelica_blocks_examples_pid_controller_20240412_050539_3d2f23e/execution
  response:
    body:
      string: '{"finished_executions": 2, "total_executions": 4, "status": "running",
        "progresses": [{"message": "Simulating", "percentage": 0.0, "done": true,
        "stage": "compilation"}, {"message": "Simulating", "percentage": 0.0, "done":
        true, "stage": "compilation"}, {"message": "Simulating", "percentage": 0.0,
        "done": false, "stage": "compilation"}, {"message": "Simulating", "percentage":
        0.0, "done": false, "stage": "compilation"}]}'
    headers:
      Connection:
      - keep-alive
      Content-Type:
      - application/json; charset=utf-8
      access-control-allow-headers:
      - '*'
      access-control-allow-methods:
      - POST, PUT, GET, DELETE, OPTIONS
      access-control-allow-origin:
      - '*'
      vary:
      - Accept-Encoding
      x-powered-by:
      - Express
    status:
      code: 200
      message: OK
- request:
    body: null
    headers:
      Accept:
      - '*/*'
      Accept-Encoding:
      - gzip, deflate
      Connection:
      - keep-alive
    method: GET
    uri: /user/test@dummy.com/impact/api/workspaces/impact-python-client-workspace1/experiments/modelica_blocks_examples_pid_controller_20240412_050539_3d2f23e/execution
  response:
    body:
      string: '{"finished_executions": 2, "total_executions": 4, "status": "running",
        "progresses": [{"message": "Simulating", "percentage": 0.0, "done": true,
        "stage": "compilation"}, {"message": "Simulating", "percentage": 0.0, "done":
        true, "stage": "compilation"}, {"message": "Simulating", "percentage": 0.0,
        "done": false, "stage": "compilation"}, {"message": "Simulating", "percentage":
        0.0, "done": false, "stage": "compilation"}]}'
    headers:
      Connection:
      - keep-alive
      Content-Type:
      - application/json; charset=utf-8
      access-control-allow-headers:
      - '*'
      access-control-allow-methods:
      - POST, PUT, GET, DELETE, OPTIONS
      access-control-allow-origin:
      - '*'
      vary:
      - Accept-Encoding
      x-powered-by:
      - Express
    status:
      code: 200
      message: OK
- request:
    body: null
    headers:
      Accept:
      - '*/*'
      Accept-Encoding:
      - gzip, deflate
      Connection:
      - keep-alive
    method: GET
    uri: /user/test@dummy.com/impact/api/workspaces/impact-python-client-workspace1/experiments/modelica_blocks_examples_pid_controller_20240412_050539_3d2f23e/execution
  response:
    body:
      string: '{"finished_executions": 3, "total_executions": 4, "status": "pending",
        "progresses": [{"message": "Simulating", "percentage": 0.0, "done": true,
        "stage": "compilation"}, {"message": "Simulating", "percentage": 0.0, "done":
        true, "stage": "compilation"}, {"message": "Simulating", "percentage": 0.0,
        "done": true, "stage": "compilation"}, {"message": "Simulating", "percentage":
        0.0, "done": false, "stage": "compilation"}]}'
    headers:
      Connection:
      - keep-alive
      Content-Type:
      - application/json; charset=utf-8
      access-control-allow-headers:
      - '*'
      access-control-allow-methods:
      - POST, PUT, GET, DELETE, OPTIONS
      access-control-allow-origin:
      - '*'
      vary:
      - Accept-Encoding
      x-powered-by:
      - Express
    status:
      code: 200
      message: OK
- request:
    body: null
    headers:
      Accept:
      - '*/*'
      Accept-Encoding:
      - gzip, deflate
      Connection:
      - keep-alive
    method: GET
    uri: /user/test@dummy.com/impact/api/workspaces/impact-python-client-workspace1/experiments/modelica_blocks_examples_pid_controller_20240412_050539_3d2f23e/execution
  response:
    body:
      string: '{"finished_executions": 3, "total_executions": 4, "status": "running",
        "progresses": [{"message": "Simulating", "percentage": 0.0, "done": true,
        "stage": "compilation"}, {"message": "Simulating", "percentage": 0.0, "done":
        true, "stage": "compilation"}, {"message": "Simulating", "percentage": 0.0,
        "done": true, "stage": "compilation"}, {"message": "Simulating", "percentage":
        0.0, "done": false, "stage": "compilation"}]}'
    headers:
      Connection:
      - keep-alive
      Content-Type:
      - application/json; charset=utf-8
      access-control-allow-headers:
      - '*'
      access-control-allow-methods:
      - POST, PUT, GET, DELETE, OPTIONS
      access-control-allow-origin:
      - '*'
      vary:
      - Accept-Encoding
      x-powered-by:
      - Express
    status:
      code: 200
      message: OK
- request:
    body: null
    headers:
      Accept:
      - '*/*'
      Accept-Encoding:
      - gzip, deflate
      Connection:
      - keep-alive
    method: GET
    uri: /user/test@dummy.com/impact/api/workspaces/impact-python-client-workspace1/experiments/modelica_blocks_examples_pid_controller_20240412_050539_3d2f23e/execution
  response:
    body:
      string: '{"finished_executions": 3, "total_executions": 4, "status": "running",
        "progresses": [{"message": "Simulating", "percentage": 0.0, "done": true,
        "stage": "compilation"}, {"message": "Simulating", "percentage": 0.0, "done":
        true, "stage": "compilation"}, {"message": "Simulating", "percentage": 0.0,
        "done": true, "stage": "compilation"}, {"message": "Simulating", "percentage":
        0.0, "done": false, "stage": "compilation"}]}'
    headers:
      Connection:
      - keep-alive
      Content-Type:
      - application/json; charset=utf-8
      access-control-allow-headers:
      - '*'
      access-control-allow-methods:
      - POST, PUT, GET, DELETE, OPTIONS
      access-control-allow-origin:
      - '*'
      vary:
      - Accept-Encoding
      x-powered-by:
      - Express
    status:
      code: 200
      message: OK
- request:
    body: null
    headers:
      Accept:
      - '*/*'
      Accept-Encoding:
      - gzip, deflate
      Connection:
      - keep-alive
    method: GET
    uri: /user/test@dummy.com/impact/api/workspaces/impact-python-client-workspace1/experiments/modelica_blocks_examples_pid_controller_20240412_050539_3d2f23e/execution
  response:
    body:
      string: '{"finished_executions": 3, "total_executions": 4, "status": "running",
        "progresses": [{"message": "Simulating", "percentage": 0.0, "done": true,
        "stage": "compilation"}, {"message": "Simulating", "percentage": 0.0, "done":
        true, "stage": "compilation"}, {"message": "Simulating", "percentage": 0.0,
        "done": true, "stage": "compilation"}, {"message": "Simulating", "percentage":
        0.0, "done": false, "stage": "compilation"}]}'
    headers:
      Connection:
      - keep-alive
      Content-Type:
      - application/json; charset=utf-8
      access-control-allow-headers:
      - '*'
      access-control-allow-methods:
      - POST, PUT, GET, DELETE, OPTIONS
      access-control-allow-origin:
      - '*'
      vary:
      - Accept-Encoding
      x-powered-by:
      - Express
    status:
      code: 200
      message: OK
- request:
    body: null
    headers:
      Accept:
      - '*/*'
      Accept-Encoding:
      - gzip, deflate
      Connection:
      - keep-alive
    method: GET
    uri: /user/test@dummy.com/impact/api/workspaces/impact-python-client-workspace1/experiments/modelica_blocks_examples_pid_controller_20240412_050539_3d2f23e/execution
  response:
    body:
      string: '{"finished_executions": 3, "total_executions": 4, "status": "running",
        "progresses": [{"message": "Simulating", "percentage": 0.0, "done": true,
        "stage": "compilation"}, {"message": "Simulating", "percentage": 0.0, "done":
        true, "stage": "compilation"}, {"message": "Simulating", "percentage": 0.0,
        "done": true, "stage": "compilation"}, {"message": "Simulating", "percentage":
        0.0, "done": false, "stage": "compilation"}]}'
    headers:
      Connection:
      - keep-alive
      Content-Type:
      - application/json; charset=utf-8
      access-control-allow-headers:
      - '*'
      access-control-allow-methods:
      - POST, PUT, GET, DELETE, OPTIONS
      access-control-allow-origin:
      - '*'
      vary:
      - Accept-Encoding
      x-powered-by:
      - Express
    status:
      code: 200
      message: OK
- request:
    body: null
    headers:
      Accept:
      - '*/*'
      Accept-Encoding:
      - gzip, deflate
      Connection:
      - keep-alive
    method: GET
    uri: /user/test@dummy.com/impact/api/workspaces/impact-python-client-workspace1/experiments/modelica_blocks_examples_pid_controller_20240412_050539_3d2f23e/execution
  response:
    body:
      string: '{"finished_executions": 3, "total_executions": 4, "status": "running",
        "progresses": [{"message": "Simulating", "percentage": 0.0, "done": true,
        "stage": "compilation"}, {"message": "Simulating", "percentage": 0.0, "done":
        true, "stage": "compilation"}, {"message": "Simulating", "percentage": 0.0,
        "done": true, "stage": "compilation"}, {"message": "Simulating", "percentage":
        0.0, "done": false, "stage": "compilation"}]}'
    headers:
      Connection:
      - keep-alive
      Content-Type:
      - application/json; charset=utf-8
      access-control-allow-headers:
      - '*'
      access-control-allow-methods:
      - POST, PUT, GET, DELETE, OPTIONS
      access-control-allow-origin:
      - '*'
      vary:
      - Accept-Encoding
      x-powered-by:
      - Express
    status:
      code: 200
      message: OK
- request:
    body: null
    headers:
      Accept:
      - '*/*'
      Accept-Encoding:
      - gzip, deflate
      Connection:
      - keep-alive
    method: GET
    uri: /user/test@dummy.com/impact/api/workspaces/impact-python-client-workspace1/experiments/modelica_blocks_examples_pid_controller_20240412_050539_3d2f23e/execution
  response:
    body:
      string: '{"finished_executions": 4, "total_executions": 4, "status": "done",
        "progresses": [{"message": "Simulating", "percentage": 0.0, "done": true,
        "stage": "compilation"}, {"message": "Simulating", "percentage": 0.0, "done":
        true, "stage": "compilation"}, {"message": "Simulating", "percentage": 0.0,
        "done": true, "stage": "compilation"}, {"message": "Simulating", "percentage":
        0.0, "done": true, "stage": "compilation"}]}'
    headers:
      Connection:
      - keep-alive
      Content-Type:
      - application/json; charset=utf-8
      access-control-allow-headers:
      - '*'
      access-control-allow-methods:
      - POST, PUT, GET, DELETE, OPTIONS
      access-control-allow-origin:
      - '*'
      vary:
      - Accept-Encoding
      x-powered-by:
      - Express
    status:
      code: 200
      message: OK
- request:
    body: null
    headers:
      Accept:
      - '*/*'
      Accept-Encoding:
      - gzip, deflate
      Connection:
      - keep-alive
    method: GET
    uri: /user/test@dummy.com/impact/api/workspaces/impact-python-client-workspace1/experiments/modelica_blocks_examples_pid_controller_20240412_050539_3d2f23e/execution
  response:
    body:
      string: '{"finished_executions": 4, "total_executions": 4, "status": "done",
        "progresses": [{"message": "Simulating", "percentage": 0.0, "done": true,
        "stage": "compilation"}, {"message": "Simulating", "percentage": 0.0, "done":
        true, "stage": "compilation"}, {"message": "Simulating", "percentage": 0.0,
        "done": true, "stage": "compilation"}, {"message": "Simulating", "percentage":
        0.0, "done": true, "stage": "compilation"}]}'
    headers:
      Connection:
      - keep-alive
      Content-Type:
      - application/json; charset=utf-8
      access-control-allow-headers:
      - '*'
      access-control-allow-methods:
      - POST, PUT, GET, DELETE, OPTIONS
      access-control-allow-origin:
      - '*'
      vary:
      - Accept-Encoding
      x-powered-by:
      - Express
    status:
      code: 200
      message: OK
- request:
    body: null
    headers:
      Accept:
      - '*/*'
      Accept-Encoding:
      - gzip, deflate
      Connection:
      - keep-alive
    method: GET
    uri: /user/test@dummy.com/impact/api/workspaces/impact-python-client-workspace1/experiments/modelica_blocks_examples_pid_controller_20240412_050539_3d2f23e/execution
  response:
    body:
      string: '{"finished_executions": 4, "total_executions": 4, "status": "done",
        "progresses": [{"message": "Simulating", "percentage": 0.0, "done": true,
        "stage": "compilation"}, {"message": "Simulating", "percentage": 0.0, "done":
        true, "stage": "compilation"}, {"message": "Simulating", "percentage": 0.0,
        "done": true, "stage": "compilation"}, {"message": "Simulating", "percentage":
        0.0, "done": true, "stage": "compilation"}]}'
    headers:
      Connection:
      - keep-alive
      Content-Type:
      - application/json; charset=utf-8
      access-control-allow-headers:
      - '*'
      access-control-allow-methods:
      - POST, PUT, GET, DELETE, OPTIONS
      access-control-allow-origin:
      - '*'
      vary:
      - Accept-Encoding
      x-powered-by:
      - Express
    status:
      code: 200
      message: OK
- request:
    body: null
    headers:
      Accept:
      - '*/*'
      Accept-Encoding:
      - gzip, deflate
      Connection:
      - keep-alive
    method: GET
    uri: /user/test@dummy.com/impact/api/workspaces/impact-python-client-workspace1/experiments/modelica_blocks_examples_pid_controller_20240412_050539_3d2f23e/cases
  response:
    body:
      string: '{"data": {"items": [{"id": "case_1", "input": {"fmu_id": "modelica_blocks_examples_pid_controller_20240412_050540_d4e9285",
        "analysis": {"analysis_function": "dynamic", "parameters": {"start_time":
        0, "final_time": 1, "interval": 0}, "simulation_options": {"ncp": 500, "dynamic_diagnostics":
        false}, "solver_options": {}, "simulation_log_level": "WARNING"}, "parametrization":
        {}, "structural_parametrization": {"PI.yMax": 12}, "fmu_base_parametrization":
        {}, "initialize_from_case": null, "initialize_from_external_result": null},
        "meta": {"label": null}, "run_info": {"status": "not_started", "datetime_started":
        1712898342765, "consistent": false}}, {"id": "case_2", "input": {"fmu_id":
        "modelica_blocks_examples_pid_controller_20240412_050542_03e180a", "analysis":
        {"analysis_function": "dynamic", "parameters": {"start_time": 0, "final_time":
        1, "interval": 0}, "simulation_options": {"ncp": 500, "dynamic_diagnostics":
        false}, "solver_options": {}, "simulation_log_level": "WARNING"}, "parametrization":
        {}, "structural_parametrization": {"PI.yMax": 12.333333333333334}, "fmu_base_parametrization":
        {}, "initialize_from_case": null, "initialize_from_external_result": null},
        "meta": {"label": null}, "run_info": {"status": "not_started", "datetime_started":
        1712898345807, "consistent": false}}, {"id": "case_3", "input": {"fmu_id":
        "modelica_blocks_examples_pid_controller_20240412_050542_bb4406a", "analysis":
        {"analysis_function": "dynamic", "parameters": {"start_time": 0, "final_time":
        1, "interval": 0}, "simulation_options": {"ncp": 500, "dynamic_diagnostics":
        false}, "solver_options": {}, "simulation_log_level": "WARNING"}, "parametrization":
        {}, "structural_parametrization": {"PI.yMax": 12.666666666666666}, "fmu_base_parametrization":
        {}, "initialize_from_case": null, "initialize_from_external_result": null},
        "meta": {"label": null}, "run_info": {"status": "not_started", "datetime_started":
        1712898348790, "consistent": false}}, {"id": "case_4", "input": {"fmu_id":
        "modelica_blocks_examples_pid_controller_20240412_050542_0fda831", "analysis":
        {"analysis_function": "dynamic", "parameters": {"start_time": 0, "final_time":
        1, "interval": 0}, "simulation_options": {"ncp": 500, "dynamic_diagnostics":
        false}, "solver_options": {}, "simulation_log_level": "WARNING"}, "parametrization":
        {}, "structural_parametrization": {"PI.yMax": 13}, "fmu_base_parametrization":
        {}, "initialize_from_case": null, "initialize_from_external_result": null},
        "meta": {"label": null}, "run_info": {"status": "not_started", "datetime_started":
        1712898351643, "consistent": false}}]}}'
    headers:
      Connection:
      - keep-alive
      Content-Type:
      - application/json; charset=utf-8
      access-control-allow-headers:
      - '*'
      access-control-allow-methods:
      - POST, PUT, GET, DELETE, OPTIONS
      access-control-allow-origin:
      - '*'
      content-length:
      - '2585'
      vary:
      - Accept-Encoding
      x-powered-by:
      - Express
    status:
      code: 200
      message: OK
- request:
    body: '{"includeCases": {"ids": ["case_3"]}}'
    headers:
      Accept:
      - '*/*'
      Accept-Encoding:
      - gzip, deflate
      Connection:
      - keep-alive
      Content-Length:
      - '37'
      Content-Type:
      - application/json
    method: POST
    uri: /user/test@dummy.com/impact/api/workspaces/impact-python-client-workspace1/experiments/modelica_blocks_examples_pid_controller_20240412_050539_3d2f23e/execution
  response:
    body:
      string: ''
    headers:
      Connection:
      - keep-alive
      Content-Type:
      - application/json; charset=utf-8
      access-control-allow-headers:
      - '*'
      access-control-allow-methods:
      - POST, PUT, GET, DELETE, OPTIONS
      access-control-allow-origin:
      - '*'
      vary:
      - Accept-Encoding
      x-powered-by:
      - Express
    status:
      code: 200
      message: OK
- request:
    body: null
    headers:
      Accept:
      - '*/*'
      Accept-Encoding:
      - gzip, deflate
      Connection:
      - keep-alive
    method: GET
    uri: /user/test@dummy.com/impact/api/workspaces/impact-python-client-workspace1/experiments/modelica_blocks_examples_pid_controller_20240412_050539_3d2f23e/execution
  response:
    body:
      string: '{"finished_executions": 4, "total_executions": 4, "status": "done",
        "progresses": [{"message": "Simulating", "percentage": 0.0, "done": true,
        "stage": "compilation"}, {"message": "Simulating", "percentage": 0.0, "done":
        true, "stage": "compilation"}, {"message": "Simulating", "percentage": 0.0,
        "done": true, "stage": "compilation"}, {"message": "Simulation at time 1",
        "percentage": 1.0, "done": true, "stage": "simulation"}]}'
    headers:
      Connection:
      - keep-alive
      Content-Type:
      - application/json; charset=utf-8
      access-control-allow-headers:
      - '*'
      access-control-allow-methods:
      - POST, PUT, GET, DELETE, OPTIONS
      access-control-allow-origin:
      - '*'
      vary:
      - Accept-Encoding
      x-powered-by:
      - Express
    status:
      code: 200
      message: OK
- request:
    body: null
    headers:
      Accept:
      - '*/*'
      Accept-Encoding:
      - gzip, deflate
      Connection:
      - keep-alive
    method: GET
    uri: /user/test@dummy.com/impact/api/workspaces/impact-python-client-workspace1/experiments/modelica_blocks_examples_pid_controller_20240412_050539_3d2f23e/execution
  response:
    body:
      string: '{"finished_executions": 4, "total_executions": 4, "status": "done",
        "progresses": [{"message": "Simulating", "percentage": 0.0, "done": true,
        "stage": "compilation"}, {"message": "Simulating", "percentage": 0.0, "done":
        true, "stage": "compilation"}, {"message": "Simulating", "percentage": 0.0,
        "done": true, "stage": "compilation"}, {"message": "Simulation at time 1",
        "percentage": 1.0, "done": true, "stage": "simulation"}]}'
    headers:
      Connection:
      - keep-alive
      Content-Type:
      - application/json; charset=utf-8
      access-control-allow-headers:
      - '*'
      access-control-allow-methods:
      - POST, PUT, GET, DELETE, OPTIONS
      access-control-allow-origin:
      - '*'
      vary:
      - Accept-Encoding
      x-powered-by:
      - Express
    status:
      code: 200
      message: OK
- request:
    body: null
    headers:
      Accept:
      - '*/*'
      Accept-Encoding:
      - gzip, deflate
      Connection:
      - keep-alive
    method: GET
    uri: /user/test@dummy.com/impact/api/workspaces/impact-python-client-workspace1/experiments/modelica_blocks_examples_pid_controller_20240412_050539_3d2f23e/execution
  response:
    body:
      string: '{"finished_executions": 4, "total_executions": 4, "status": "done",
        "progresses": [{"message": "Simulating", "percentage": 0.0, "done": true,
        "stage": "compilation"}, {"message": "Simulating", "percentage": 0.0, "done":
        true, "stage": "compilation"}, {"message": "Simulating", "percentage": 0.0,
        "done": true, "stage": "compilation"}, {"message": "Simulation at time 1",
        "percentage": 1.0, "done": true, "stage": "simulation"}]}'
    headers:
      Connection:
      - keep-alive
      Content-Type:
      - application/json; charset=utf-8
      access-control-allow-headers:
      - '*'
      access-control-allow-methods:
      - POST, PUT, GET, DELETE, OPTIONS
      access-control-allow-origin:
      - '*'
      vary:
      - Accept-Encoding
      x-powered-by:
      - Express
    status:
      code: 200
      message: OK
- request:
    body: null
    headers:
      Accept:
      - application/vnd.impact.experiment.v2+json
      Accept-Encoding:
      - gzip, deflate
      Connection:
      - keep-alive
    method: GET
    uri: /user/test@dummy.com/impact/api/workspaces/impact-python-client-workspace1/experiments/modelica_blocks_examples_pid_controller_20240412_050539_3d2f23e
  response:
    body:
      string: '{"id": "modelica_blocks_examples_pid_controller_20240412_050539_3d2f23e",
        "experiment": {"version": 2, "base": {"model": {"modelica": {"className":
        "Modelica.Blocks.Examples.PID_Controller", "compilerOptions": {"c_compiler":
        "gcc", "generate_html_diagnostics": false, "include_protected_variables":
        false}, "runtimeOptions": {}, "compilerLogLevel": "warning", "fmiTarget":
        "me", "fmiVersion": "2.0", "platform": "auto"}}, "analysis": {"parameters":
        {"start_time": 0, "final_time": 1, "interval": 0}, "simulationOptions": {"ncp":
        500, "dynamic_diagnostics": false}, "solverOptions": {}, "type": "dynamic",
        "simulationLogLevel": "WARNING"}, "modifiers": {"variables": {"PI.yMax": "range(12,13,4)"}},
        "expansion": {"algorithm": "FULLFACTORIAL"}}, "extensions": []}, "meta_data":
        {"created_epoch": 1712898339, "experiment_hash": "378a5fda01897e8e2a8cb9032c6d070a",
        "label": "", "model_names": ["Modelica.Blocks.Examples.PID_Controller"]},
        "run_info": {"status": "done", "datetime_started": 1712898353263, "datetime_finished":
        1712898353605, "failed": 0, "successful": 1, "cancelled": 0, "not_started":
        3}}'
    headers:
      Connection:
      - keep-alive
      Content-Type:
      - application/json; charset=utf-8
      access-control-allow-headers:
      - '*'
      access-control-allow-methods:
      - POST, PUT, GET, DELETE, OPTIONS
      access-control-allow-origin:
      - '*'
      content-length:
      - '1101'
      vary:
      - Accept-Encoding
      x-powered-by:
      - Express
    status:
      code: 200
      message: OK
- request:
    body: null
    headers:
      Accept:
      - application/vnd.impact.experiment.v2+json
      Accept-Encoding:
      - gzip, deflate
      Connection:
      - keep-alive
    method: GET
    uri: /user/test@dummy.com/impact/api/workspaces/impact-python-client-workspace1/experiments/modelica_blocks_examples_pid_controller_20240412_050539_3d2f23e
  response:
    body:
      string: '{"id": "modelica_blocks_examples_pid_controller_20240412_050539_3d2f23e",
        "experiment": {"version": 2, "base": {"model": {"modelica": {"className":
        "Modelica.Blocks.Examples.PID_Controller", "compilerOptions": {"c_compiler":
        "gcc", "generate_html_diagnostics": false, "include_protected_variables":
        false}, "runtimeOptions": {}, "compilerLogLevel": "warning", "fmiTarget":
        "me", "fmiVersion": "2.0", "platform": "auto"}}, "analysis": {"parameters":
        {"start_time": 0, "final_time": 1, "interval": 0}, "simulationOptions": {"ncp":
        500, "dynamic_diagnostics": false}, "solverOptions": {}, "type": "dynamic",
        "simulationLogLevel": "WARNING"}, "modifiers": {"variables": {"PI.yMax": "range(12,13,4)"}},
        "expansion": {"algorithm": "FULLFACTORIAL"}}, "extensions": []}, "meta_data":
        {"created_epoch": 1712898339, "experiment_hash": "378a5fda01897e8e2a8cb9032c6d070a",
        "label": "", "model_names": ["Modelica.Blocks.Examples.PID_Controller"]},
        "run_info": {"status": "done", "datetime_started": 1712898353263, "datetime_finished":
        1712898353605, "failed": 0, "successful": 1, "cancelled": 0, "not_started":
        3}}'
    headers:
      Connection:
      - keep-alive
      Content-Type:
      - application/json; charset=utf-8
      access-control-allow-headers:
      - '*'
      access-control-allow-methods:
      - POST, PUT, GET, DELETE, OPTIONS
      access-control-allow-origin:
      - '*'
      content-length:
      - '1101'
      vary:
      - Accept-Encoding
      x-powered-by:
      - Express
    status:
      code: 200
      message: OK
- request:
    body: null
    headers:
      Accept:
      - '*/*'
      Accept-Encoding:
      - gzip, deflate
      Connection:
      - keep-alive
    method: GET
    uri: /user/test@dummy.com/impact/api/workspaces/impact-python-client-workspace1/experiments/modelica_blocks_examples_pid_controller_20240412_050539_3d2f23e/cases
  response:
    body:
      string: '{"data": {"items": [{"id": "case_1", "input": {"fmu_id": "modelica_blocks_examples_pid_controller_20240412_050540_d4e9285",
        "analysis": {"analysis_function": "dynamic", "parameters": {"start_time":
        0, "final_time": 1, "interval": 0}, "simulation_options": {"ncp": 500, "dynamic_diagnostics":
        false}, "solver_options": {}, "simulation_log_level": "WARNING"}, "parametrization":
        {}, "structural_parametrization": {"PI.yMax": 12}, "fmu_base_parametrization":
        {}, "initialize_from_case": null, "initialize_from_external_result": null},
        "meta": {"label": null}, "run_info": {"status": "not_started", "datetime_started":
        1712898342765, "consistent": false}}, {"id": "case_2", "input": {"fmu_id":
        "modelica_blocks_examples_pid_controller_20240412_050542_03e180a", "analysis":
        {"analysis_function": "dynamic", "parameters": {"start_time": 0, "final_time":
        1, "interval": 0}, "simulation_options": {"ncp": 500, "dynamic_diagnostics":
        false}, "solver_options": {}, "simulation_log_level": "WARNING"}, "parametrization":
        {}, "structural_parametrization": {"PI.yMax": 12.333333333333334}, "fmu_base_parametrization":
        {}, "initialize_from_case": null, "initialize_from_external_result": null},
        "meta": {"label": null}, "run_info": {"status": "not_started", "datetime_started":
        1712898345807, "consistent": false}}, {"id": "case_3", "input": {"fmu_id":
        "modelica_blocks_examples_pid_controller_20240412_050542_bb4406a", "analysis":
        {"analysis_function": "dynamic", "parameters": {"start_time": 0, "final_time":
        1, "interval": 0}, "simulation_options": {"ncp": 500, "dynamic_diagnostics":
        false}, "solver_options": {}, "simulation_log_level": "WARNING"}, "parametrization":
        {}, "structural_parametrization": {"PI.yMax": 12.666666666666666}, "fmu_base_parametrization":
        {}, "initialize_from_case": null, "initialize_from_external_result": null},
        "meta": {"label": null}, "run_info": {"status": "successful", "datetime_started":
        1712898353501, "consistent": true, "datetime_finished": 1712898353564}}, {"id":
        "case_4", "input": {"fmu_id": "modelica_blocks_examples_pid_controller_20240412_050542_0fda831",
        "analysis": {"analysis_function": "dynamic", "parameters": {"start_time":
        0, "final_time": 1, "interval": 0}, "simulation_options": {"ncp": 500, "dynamic_diagnostics":
        false}, "solver_options": {}, "simulation_log_level": "WARNING"}, "parametrization":
        {}, "structural_parametrization": {"PI.yMax": 13}, "fmu_base_parametrization":
        {}, "initialize_from_case": null, "initialize_from_external_result": null},
        "meta": {"label": null}, "run_info": {"status": "not_started", "datetime_started":
        1712898351643, "consistent": false}}]}}'
    headers:
      Connection:
      - keep-alive
      Content-Type:
      - application/json; charset=utf-8
      access-control-allow-headers:
      - '*'
      access-control-allow-methods:
      - POST, PUT, GET, DELETE, OPTIONS
      access-control-allow-origin:
      - '*'
      content-length:
      - '2619'
      vary:
      - Accept-Encoding
      x-powered-by:
      - Express
    status:
      code: 200
      message: OK
- request:
    body: null
    headers:
      Accept:
      - '*/*'
      Accept-Encoding:
      - gzip, deflate
      Connection:
      - keep-alive
    method: GET
    uri: /user/test@dummy.com/impact/api/workspaces
  response:
    body:
      string: '{"data": {"items": [{"definition": {"name": "impact-python-client-workspace1",
        "description": "", "defaultProjectId": "8846294a20508e6aa118a9663cb8f0a41ccdc038",
        "projects": [{"reference": {"id": "8846294a20508e6aa118a9663cb8f0a41ccdc038"},
        "disabled": false, "disabledContent": []}], "dependencies": [{"reference":
        {"id": "fec43f77925949bd7e7c0f10ac49ebc1189dc840", "name": "Modelica", "version":
        "3.2.3"}, "disabled": true, "disabledContent": []}, {"reference": {"id": "ac04a5da97bc2e11bffb7f41b2485da347846df6",
        "name": "Modelica", "version": "4.0.0"}, "disabled": false, "disabledContent":
        []}], "format": "1.0.0", "guid": "fdbed0a901da499c81a7196bf250b00d", "createdBy":
        "ce771b6a-56ea-464b-9ab7-f527a8a3c051", "createdAt": 1712898338049}, "id":
        "impact-python-client-workspace1", "conversion": {"state": "UP_TO_DATE"}}]}}'
    headers:
      Connection:
      - keep-alive
      Content-Type:
      - application/json; charset=utf-8
      access-control-allow-headers:
      - '*'
      access-control-allow-methods:
      - POST, PUT, GET, DELETE, OPTIONS
      access-control-allow-origin:
      - '*'
      vary:
      - Accept-Encoding
      x-powered-by:
      - Express
    status:
      code: 200
      message: OK
- request:
    body: null
    headers:
      Accept:
      - '*/*'
      Accept-Encoding:
      - gzip, deflate
      Connection:
      - keep-alive
    method: GET
    uri: /user/test@dummy.com/impact/api/workspaces/impact-python-client-workspace1
  response:
    body:
      string: '{"definition": {"name": "impact-python-client-workspace1", "description":
        "", "defaultProjectId": "8846294a20508e6aa118a9663cb8f0a41ccdc038", "projects":
        [{"reference": {"id": "8846294a20508e6aa118a9663cb8f0a41ccdc038"}, "disabled":
        false, "disabledContent": []}], "dependencies": [{"reference": {"id": "fec43f77925949bd7e7c0f10ac49ebc1189dc840",
        "name": "Modelica", "version": "3.2.3"}, "disabled": true, "disabledContent":
        []}, {"reference": {"id": "ac04a5da97bc2e11bffb7f41b2485da347846df6", "name":
        "Modelica", "version": "4.0.0"}, "disabled": false, "disabledContent": []}],
        "format": "1.0.0", "guid": "fdbed0a901da499c81a7196bf250b00d", "createdBy":
        "ce771b6a-56ea-464b-9ab7-f527a8a3c051", "createdAt": 1712898338049}, "id":
        "impact-python-client-workspace1", "conversion": {"state": "UP_TO_DATE"}}'
    headers:
      Connection:
      - keep-alive
      Content-Type:
      - application/json; charset=utf-8
      access-control-allow-headers:
      - '*'
      access-control-allow-methods:
      - POST, PUT, GET, DELETE, OPTIONS
      access-control-allow-origin:
      - '*'
      vary:
      - Accept-Encoding
      x-powered-by:
      - Express
    status:
      code: 200
      message: OK
- request:
    body: null
    headers:
      Accept:
      - '*/*'
      Accept-Encoding:
      - gzip, deflate
      Connection:
      - keep-alive
    method: GET
    uri: /user/test@dummy.com/impact/api/workspaces/impact-python-client-workspace1/projects
  response:
    body:
      string: '{"data": {"items": [{"id": "8846294a20508e6aa118a9663cb8f0a41ccdc038",
        "definition": {"name": "Project", "format": "1.0.0", "dependencies": [{"name":
        "Modelica", "versionSpecifier": "4.0.0"}], "content": [{"relpath": "Resources/Views",
        "contentType": "VIEWS", "defaultDisabled": false, "id": "f44f1c2e1bfd4ff6af9fbc162b22a417"},
        {"relpath": "Resources/Favorites", "contentType": "FAVORITES", "defaultDisabled":
        false, "id": "7451664988404671a1ed25c5ac914614"}, {"relpath": "Resources/CustomFunctions",
        "contentType": "CUSTOM_FUNCTIONS", "defaultDisabled": false, "id": "3933f45e932242b898ca9afcbefb506b"},
        {"relpath": "Resources/Custom", "contentType": "GENERIC", "defaultDisabled":
        false, "id": "3e6ad1f2d41b4dd6afd75a5d0718ad3a"}, {"relpath": "ReferenceResults",
        "contentType": "REFERENCE_RESULTS", "defaultDisabled": false, "id": "2fb0864ff54e4f2794d55a383314144e"},
        {"relpath": "Resources/ExperimentDefinitions", "contentType": "EXPERIMENT_DEFINITIONS",
        "defaultDisabled": false, "id": "bcf5fda2d02a49a98db1643915960bde"}], "executionOptions":
        []}, "projectType": "LOCAL", "storageLocation": "USERSPACE"}]}}'
    headers:
      Connection:
      - keep-alive
      Content-Type:
      - application/json; charset=utf-8
      access-control-allow-headers:
      - '*'
      access-control-allow-methods:
      - POST, PUT, GET, DELETE, OPTIONS
      access-control-allow-origin:
      - '*'
      content-length:
      - '1043'
      vary:
      - Accept-Encoding
      x-powered-by:
      - Express
    status:
      code: 200
      message: OK
- request:
    body: null
    headers:
      Accept:
      - '*/*'
      Accept-Encoding:
      - gzip, deflate
      Connection:
      - keep-alive
      Content-Length:
      - '0'
    method: DELETE
    uri: /user/test@dummy.com/impact/api/projects/8846294a20508e6aa118a9663cb8f0a41ccdc038
  response:
    body:
      string: '{"id": "8846294a20508e6aa118a9663cb8f0a41ccdc038", "definition": {"name":
        "Project", "format": "1.0.0", "dependencies": [{"name": "Modelica", "versionSpecifier":
        "4.0.0"}], "content": [{"relpath": "Resources/Views", "contentType": "VIEWS",
        "defaultDisabled": false, "id": "f44f1c2e1bfd4ff6af9fbc162b22a417"}, {"relpath":
        "Resources/Favorites", "contentType": "FAVORITES", "defaultDisabled": false,
        "id": "7451664988404671a1ed25c5ac914614"}, {"relpath": "Resources/CustomFunctions",
        "contentType": "CUSTOM_FUNCTIONS", "defaultDisabled": false, "id": "3933f45e932242b898ca9afcbefb506b"},
        {"relpath": "Resources/Custom", "contentType": "GENERIC", "defaultDisabled":
        false, "id": "3e6ad1f2d41b4dd6afd75a5d0718ad3a"}, {"relpath": "ReferenceResults",
        "contentType": "REFERENCE_RESULTS", "defaultDisabled": false, "id": "2fb0864ff54e4f2794d55a383314144e"},
        {"relpath": "Resources/ExperimentDefinitions", "contentType": "EXPERIMENT_DEFINITIONS",
        "defaultDisabled": false, "id": "bcf5fda2d02a49a98db1643915960bde"}], "executionOptions":
        []}, "projectType": "LOCAL", "storageLocation": "USERSPACE"}'
    headers:
      Connection:
      - keep-alive
      Content-Type:
      - application/json; charset=utf-8
      access-control-allow-headers:
      - '*'
      access-control-allow-methods:
      - POST, PUT, GET, DELETE, OPTIONS
      access-control-allow-origin:
      - '*'
      vary:
      - Accept-Encoding
      x-powered-by:
      - Express
    status:
      code: 200
      message: OK
- request:
    body: null
    headers:
      Accept:
      - '*/*'
      Accept-Encoding:
      - gzip, deflate
      Connection:
      - keep-alive
      Content-Length:
      - '0'
    method: DELETE
    uri: /user/test@dummy.com/impact/api/workspaces/impact-python-client-workspace1
  response:
    body:
      string: ''
    headers:
      Connection:
      - keep-alive
      Content-Type:
      - application/json; charset=utf-8
      access-control-allow-headers:
      - '*'
      access-control-allow-methods:
      - POST, PUT, GET, DELETE, OPTIONS
      access-control-allow-origin:
      - '*'
      vary:
      - Accept-Encoding
      x-powered-by:
      - Express
    status:
      code: 200
      message: OK
version: 1
