interactions:
- request:
    body: null
    headers:
      Accept:
      - application/json
      Accept-Encoding:
      - gzip, deflate
      Connection:
      - keep-alive
    method: GET
    uri: /hub/api/
  response:
    body:
      string: '{"version": "5.2.1"}'
    headers:
      Connection:
      - keep-alive
      Content-Type:
      - application/json
      access-control-allow-headers:
      - accept, content-type, authorization
      x-jupyterhub-version:
      - 5.2.1
    status:
      code: 200
      message: OK
- request:
    body: null
    headers:
      Accept:
      - application/json
      Accept-Encoding:
      - gzip, deflate
      Connection:
      - keep-alive
    method: GET
    uri: /hub/api/
  response:
    body:
      string: '{"version": "5.2.1"}'
    headers:
      Connection:
      - keep-alive
      Content-Type:
      - application/json
      access-control-allow-headers:
      - accept, content-type, authorization
      x-jupyterhub-version:
      - 5.2.1
    status:
      code: 200
      message: OK
- request:
    body: null
    headers:
      Accept:
      - application/json
      Accept-Encoding:
      - gzip, deflate
      Connection:
      - keep-alive
    method: GET
    uri: /hub/api/user
  response:
    body:
      string: '{"name": "test-user-uniqid", "server": "/user/test-user-uniqid/"}'
    headers:
      Connection:
      - keep-alive
      Content-Type:
      - application/json
      access-control-allow-headers:
      - accept, content-type, authorization
      x-jupyterhub-version:
      - 5.2.1
    status:
      code: 200
      message: OK
- request:
    body: null
    headers:
      Accept:
      - application/json
      Accept-Encoding:
      - gzip, deflate
      Connection:
      - keep-alive
    method: GET
    uri: /user/test-user-uniqid/impact/api/users/me
  response:
    body:
      string: '{"data": {"id": "test-user-uniqid", "username": "test-user", "firstName":
        null, "lastName": null, "email": "test-user@modelon.com", "license": "impact-pro",
        "roles": ["impact-editor", "offline_access", "impact-viewer", "uma_authorization",
        "default-roles-modelon", "impact-pro", "impact-executor", "impact-workspace-publisher"],
        "tenant": {"id": "org1", "groupName": "impact-tenant-org1"}}}'
    headers:
      Connection:
      - keep-alive
      Content-Type:
      - application/json
    status:
      code: 200
      message: OK
- request:
    body: null
    headers:
      Accept:
      - application/json
      Accept-Encoding:
      - gzip, deflate
      Connection:
      - keep-alive
    method: GET
    uri: /user/test-user-uniqid/impact/api/
  response:
    body:
      string: '{"version": "4.24.0"}'
    headers:
      Connection:
      - keep-alive
      Content-Type:
      - application/json; charset=utf-8
      Vary:
      - Accept-Encoding
    status:
      code: 200
      message: OK
- request:
    body: null
    headers:
      Accept:
      - application/json
      Accept-Encoding:
      - gzip, deflate
      Connection:
      - keep-alive
    method: GET
    uri: /user/test-user-uniqid/impact/api/users/me
  response:
    body:
      string: '{"data": {"id": "test-user-uniqid", "username": "test-user", "firstName":
        null, "lastName": null, "email": "test-user@modelon.com", "license": "impact-pro",
        "roles": ["impact-editor", "offline_access", "impact-viewer", "uma_authorization",
        "default-roles-modelon", "impact-pro", "impact-executor", "impact-workspace-publisher"],
        "tenant": {"id": "org1", "groupName": "impact-tenant-org1"}}}'
    headers:
      Connection:
      - keep-alive
      Content-Type:
      - application/json
    status:
      code: 200
      message: OK
- request:
    body: null
    headers:
      Accept:
      - application/json
      Accept-Encoding:
      - gzip, deflate
      Connection:
      - keep-alive
    method: GET
    uri: /user/test-user-uniqid/impact/api/workspaces
  response:
    body:
      string: '{"data": {"items": []}}'
    headers:
      Connection:
      - keep-alive
      Content-Type:
      - application/json; charset=utf-8
      Vary:
      - Accept-Encoding
    status:
      code: 200
      message: OK
- request:
    body: '{"new": {"name": "impact-python-client-workspace1"}}'
    headers:
      Accept:
      - application/json
      Accept-Encoding:
      - gzip, deflate
      Connection:
      - keep-alive
      Content-Length:
      - '52'
      Content-Type:
      - application/json
    method: POST
    uri: /user/test-user-uniqid/impact/api/workspaces
  response:
    body:
      string: '{"definition": {"name": "impact-python-client-workspace1", "description":
        "", "defaultProjectId": "7b29e657fc5cde4410c06d002f2b57b3554b270a", "projects":
        [{"reference": {"id": "7b29e657fc5cde4410c06d002f2b57b3554b270a"}, "disabled":
        false, "disabledContent": []}], "dependencies": [{"reference": {"id": "fec43f77925949bd7e7c0f10ac49ebc1189dc840",
        "name": "Modelica", "version": "3.2.3"}, "disabled": true, "disabledContent":
        []}, {"reference": {"id": "ac04a5da97bc2e11bffb7f41b2485da347846df6", "name":
        "Modelica", "version": "4.0.0"}, "disabled": false, "disabledContent": []}],
        "format": "1.0.0", "guid": "507cf4911e874a9f99a03505fffb14d1", "createdBy":
        "test-user-uniqid", "createdAt": 1740060971441}, "id": "impact-python-client-workspace1",
        "conversion": {"state": "UP_TO_DATE"}}'
    headers:
      Connection:
      - keep-alive
      Content-Type:
      - application/json; charset=utf-8
      Vary:
      - Accept-Encoding
    status:
      code: 200
      message: OK
- request:
    body: null
    headers:
      Accept:
      - application/json
      Accept-Encoding:
      - gzip, deflate
      Connection:
      - keep-alive
    method: GET
    uri: /user/test-user-uniqid/impact/api/workspaces/impact-python-client-workspace1/custom-functions/dynamic
  response:
    body:
      string: '{"name": "dynamic", "version": "0.0.1", "description": "Performs a
        dynamic simulation", "can_initialize_from": false, "kind": "EXECUTOR", "parameters":
        [{"name": "start_time", "type": "Number", "description": "The start time of
        the simulation", "optional": false, "defaultValue": 0}, {"name": "final_time",
        "type": "Number", "description": "The final time of the simulation", "optional":
        false, "defaultValue": 1}, {"name": "interval", "type": "Number", "description":
        "The time resolution for the result grid, default is based on solver settings",
        "optional": true, "defaultValue": 0}]}'
    headers:
      Connection:
      - keep-alive
      Content-Type:
      - application/json; charset=utf-8
      Vary:
      - Accept-Encoding
    status:
      code: 200
      message: OK
- request:
    body: null
    headers:
      Accept:
      - application/json
      Accept-Encoding:
      - gzip, deflate
      Connection:
      - keep-alive
    method: GET
    uri: /user/test-user-uniqid/impact/api/workspaces/impact-python-client-workspace1
  response:
    body:
      string: '{"definition": {"name": "impact-python-client-workspace1", "description":
        "", "defaultProjectId": "7b29e657fc5cde4410c06d002f2b57b3554b270a", "projects":
        [{"reference": {"id": "7b29e657fc5cde4410c06d002f2b57b3554b270a"}, "disabled":
        false, "disabledContent": []}], "dependencies": [{"reference": {"id": "fec43f77925949bd7e7c0f10ac49ebc1189dc840",
        "name": "Modelica", "version": "3.2.3"}, "disabled": true, "disabledContent":
        []}, {"reference": {"id": "ac04a5da97bc2e11bffb7f41b2485da347846df6", "name":
        "Modelica", "version": "4.0.0"}, "disabled": false, "disabledContent": []}],
        "format": "1.0.0", "guid": "507cf4911e874a9f99a03505fffb14d1", "createdBy":
        "test-user-uniqid", "createdAt": 1740060971441}, "id": "impact-python-client-workspace1",
        "conversion": {"state": "UP_TO_DATE"}}'
    headers:
      Connection:
      - keep-alive
      Content-Type:
      - application/json; charset=utf-8
      Vary:
      - Accept-Encoding
    status:
      code: 200
      message: OK
- request:
    body: null
    headers:
      Accept:
      - application/json
      Accept-Encoding:
      - gzip, deflate
      Connection:
      - keep-alive
    method: GET
    uri: /user/test-user-uniqid/impact/api/projects/7b29e657fc5cde4410c06d002f2b57b3554b270a
  response:
    body:
      string: '{"id": "7b29e657fc5cde4410c06d002f2b57b3554b270a", "definition": {"name":
        "Project", "format": "1.0.0", "dependencies": [{"name": "Modelica", "versionSpecifier":
        "4.0.0"}], "content": [{"relpath": "Resources/Views", "contentType": "VIEWS",
        "defaultDisabled": false, "id": "e7e5eb5a7a134fafa2fc2a97eb2f9b0d"}, {"relpath":
        "Resources/Favorites", "contentType": "FAVORITES", "defaultDisabled": false,
        "id": "afc8ad0ff0b64999824ee10f8b0ceab2"}, {"relpath": "Resources/CustomFunctions",
        "contentType": "CUSTOM_FUNCTIONS", "defaultDisabled": false, "id": "2534f31f3c92403985649e07b7ed9155"},
        {"relpath": "Resources/Custom", "contentType": "GENERIC", "defaultDisabled":
        false, "id": "0bf5e0ee3c154a158b4ca82a9710271a"}, {"relpath": "ReferenceResults",
        "contentType": "REFERENCE_RESULTS", "defaultDisabled": false, "id": "c15ebc5dc5e64788bf101a5f630df0ae"},
        {"relpath": "Resources/ExperimentDefinitions", "contentType": "EXPERIMENT_DEFINITIONS",
        "defaultDisabled": false, "id": "bf591416fa0543539ed7de46a6e069cd"}], "executionOptions":
        []}, "projectType": "LOCAL", "storageLocation": "USERSPACE"}'
    headers:
      Connection:
      - keep-alive
      Content-Type:
      - application/json; charset=utf-8
      Vary:
      - Accept-Encoding
    status:
      code: 200
      message: OK
- request:
    body: null
    headers:
      Accept:
      - application/json
      Accept-Encoding:
      - gzip, deflate
      Connection:
      - keep-alive
    method: GET
    uri: /user/test-user-uniqid/impact/api/workspaces/impact-python-client-workspace1/custom-functions/dynamic/options
  response:
    body:
      string: '{"compiler": {"c_compiler": "gcc", "generate_html_diagnostics": false,
        "include_protected_variables": false}, "runtime": {}, "simulation": {"ncp":
        500, "dynamic_diagnostics": false}, "solver": {}}'
    headers:
      Connection:
      - keep-alive
      Content-Type:
      - application/json; charset=utf-8
      Vary:
      - Accept-Encoding
    status:
      code: 200
      message: OK
- request:
    body: null
    headers:
      Accept:
      - application/json
      Accept-Encoding:
      - gzip, deflate
      Connection:
      - keep-alive
    method: GET
    uri: /user/test-user-uniqid/impact/api/workspaces/impact-python-client-workspace1/custom-functions/dynamic/options
  response:
    body:
      string: '{"compiler": {"c_compiler": "gcc", "generate_html_diagnostics": false,
        "include_protected_variables": false}, "runtime": {}, "simulation": {"ncp":
        500, "dynamic_diagnostics": false}, "solver": {}}'
    headers:
      Connection:
      - keep-alive
      Content-Type:
      - application/json; charset=utf-8
      Vary:
      - Accept-Encoding
    status:
      code: 200
      message: OK
- request:
    body: null
    headers:
      Accept:
      - application/json
      Accept-Encoding:
      - gzip, deflate
      Connection:
      - keep-alive
    method: GET
    uri: /user/test-user-uniqid/impact/api/workspaces/impact-python-client-workspace1/custom-functions/dynamic/options
  response:
    body:
      string: '{"compiler": {"c_compiler": "gcc", "generate_html_diagnostics": false,
        "include_protected_variables": false}, "runtime": {}, "simulation": {"ncp":
        500, "dynamic_diagnostics": false}, "solver": {}}'
    headers:
      Connection:
      - keep-alive
      Content-Type:
      - application/json; charset=utf-8
      Vary:
      - Accept-Encoding
    status:
      code: 200
      message: OK
- request:
    body: null
    headers:
      Accept:
      - application/json
      Accept-Encoding:
      - gzip, deflate
      Connection:
      - keep-alive
    method: GET
    uri: /user/test-user-uniqid/impact/api/workspaces/impact-python-client-workspace1/custom-functions/dynamic/options
  response:
    body:
      string: '{"compiler": {"c_compiler": "gcc", "generate_html_diagnostics": false,
        "include_protected_variables": false}, "runtime": {}, "simulation": {"ncp":
        500, "dynamic_diagnostics": false}, "solver": {}}'
    headers:
      Connection:
      - keep-alive
      Content-Type:
      - application/json; charset=utf-8
      Vary:
      - Accept-Encoding
    status:
      code: 200
      message: OK
- request:
    body: '{"experiment": {"version": 3, "base": {"model": {"modelica": {"className":
      "Modelica.Blocks.Examples.PID_Controller", "compilerOptions": {"c_compiler":
      "gcc", "generate_html_diagnostics": false, "include_protected_variables": false},
      "runtimeOptions": {}, "compilerLogLevel": "warning", "fmiTarget": "me", "fmiVersion":
      "2.0", "platform": "auto"}}, "modifiers": {"variables": [{"kind": "range", "name":
      "PI.yMax", "start": 12, "end": 13, "steps": 2}]}, "analysis": {"type": "dynamic",
      "parameters": [{"name": "start_time", "value": 0}, {"name": "final_time", "value":
      1}, {"name": "interval", "value": 0}], "simulationOptions": {"ncp": 500, "dynamic_diagnostics":
      false}, "solverOptions": {}, "simulationLogLevel": "WARNING"}, "expansion":
      {"algorithm": "FULLFACTORIAL"}}, "extensions": []}}'
    headers:
      Accept:
      - application/json
      Accept-Encoding:
      - gzip, deflate
      Connection:
      - keep-alive
      Content-Length:
      - '791'
      Content-type:
      - application/vnd.impact.experiment.v3+json
    method: POST
    uri: /user/test-user-uniqid/impact/api/workspaces/impact-python-client-workspace1/experiments
  response:
    body:
      string: '{"experiment_id": "modelica_blocks_examples_pid_controller_20250220_141611_624e679"}'
    headers:
      Connection:
      - keep-alive
      Content-Type:
      - application/json; charset=utf-8
      Vary:
      - Accept-Encoding
    status:
      code: 200
      message: OK
- request:
    body: null
    headers:
      Accept:
      - application/json
      Accept-Encoding:
      - gzip, deflate
      Connection:
      - keep-alive
      Content-Length:
      - '0'
    method: POST
    uri: /user/test-user-uniqid/impact/api/workspaces/impact-python-client-workspace1/experiments/modelica_blocks_examples_pid_controller_20250220_141611_624e679/execution
  response:
    body:
      string: ''
    headers:
      Connection:
      - keep-alive
      Content-Type:
      - application/json; charset=utf-8
      Vary:
      - Accept-Encoding
    status:
      code: 200
      message: OK
- request:
    body: null
    headers:
      Accept:
      - application/json
      Accept-Encoding:
      - gzip, deflate
      Connection:
      - keep-alive
      Content-Length:
      - '0'
    method: DELETE
    uri: /user/test-user-uniqid/impact/api/workspaces/impact-python-client-workspace1/experiments/modelica_blocks_examples_pid_controller_20250220_141611_624e679/execution
  response:
    body:
      string: ''
    headers:
      Connection:
      - keep-alive
      Content-Type:
      - application/json; charset=utf-8
      Vary:
      - Accept-Encoding
    status:
      code: 200
      message: OK
- request:
    body: null
    headers:
      Accept:
      - application/json
      Accept-Encoding:
      - gzip, deflate
      Connection:
      - keep-alive
    method: GET
    uri: /user/test-user-uniqid/impact/api/workspaces/impact-python-client-workspace1/experiments/modelica_blocks_examples_pid_controller_20250220_141611_624e679/execution
  response:
    body:
      string: '{"finished_executions": 0, "total_executions": 1, "status": "cancelled",
        "progresses": [{"message": "Simulating", "percentage": 0.0, "done": false,
        "stage": "compilation"}]}'
    headers:
      Connection:
      - keep-alive
      Content-Type:
      - application/json; charset=utf-8
      Vary:
      - Accept-Encoding
    status:
      code: 200
      message: OK
- request:
    body: null
    headers:
      Accept:
      - application/json
      Accept-Encoding:
      - gzip, deflate
      Connection:
      - keep-alive
    method: GET
    uri: /user/test-user-uniqid/impact/api/workspaces/impact-python-client-workspace1/experiments/modelica_blocks_examples_pid_controller_20250220_141611_624e679/execution
  response:
    body:
      string: '{"finished_executions": 0, "total_executions": 1, "status": "cancelled",
        "progresses": [{"message": "Simulating", "percentage": 0.0, "done": false,
        "stage": "compilation"}]}'
    headers:
      Connection:
      - keep-alive
      Content-Type:
      - application/json; charset=utf-8
      Vary:
      - Accept-Encoding
    status:
      code: 200
      message: OK
- request:
    body: null
    headers:
      Accept:
      - application/json
      Accept-Encoding:
      - gzip, deflate
      Connection:
      - keep-alive
    method: GET
    uri: /user/test-user-uniqid/impact/api/workspaces/impact-python-client-workspace1/experiments/modelica_blocks_examples_pid_controller_20250220_141611_624e679/execution
  response:
    body:
      string: '{"finished_executions": 0, "total_executions": 1, "status": "cancelled",
        "progresses": [{"message": "Simulating", "percentage": 0.0, "done": false,
        "stage": "compilation"}]}'
    headers:
      Connection:
      - keep-alive
      Content-Type:
      - application/json; charset=utf-8
      Vary:
      - Accept-Encoding
    status:
      code: 200
      message: OK
- request:
    body: null
    headers:
      Accept:
      - application/vnd.impact.experiment.v3+json
      Accept-Encoding:
      - gzip, deflate
      Connection:
      - keep-alive
    method: GET
    uri: /user/test-user-uniqid/impact/api/workspaces/impact-python-client-workspace1/experiments/modelica_blocks_examples_pid_controller_20250220_141611_624e679
  response:
    body:
      string: '{"id": "modelica_blocks_examples_pid_controller_20250220_141611_624e679",
        "experiment": {"version": 3, "base": {"model": {"modelica": {"className":
        "Modelica.Blocks.Examples.PID_Controller", "compilerOptions": {"c_compiler":
        "gcc", "generate_html_diagnostics": false, "include_protected_variables":
        false}, "runtimeOptions": {}, "compilerLogLevel": "warning", "fmiTarget":
        "me", "fmiVersion": "2.0", "platform": "auto"}}, "analysis": {"parameters":
        [{"name": "start_time", "value": 0}, {"name": "final_time", "value": 1}, {"name":
        "interval", "value": 0}], "simulationOptions": {"ncp": 500, "dynamic_diagnostics":
        false}, "solverOptions": {}, "type": "dynamic", "simulationLogLevel": "WARNING"},
        "modifiers": {"variables": [{"kind": "range", "name": "PI.yMax", "start":
        12.0, "end": 13.0, "steps": 2}]}, "expansion": {"algorithm": "FULLFACTORIAL"}},
        "extensions": []}, "meta_data": {"created_epoch": 1740060971, "experiment_hash":
        "1653e2afe977ebdf592007c93d6ed225", "label": "", "model_names": ["Modelica.Blocks.Examples.PID_Controller"]},
        "run_info": {"status": "cancelled", "datetime_started": 1740060972010, "datetime_finished":
        1740060972222, "failed": 0, "successful": 0, "cancelled": 0, "not_started":
        0}}'
    headers:
      Connection:
      - keep-alive
      Content-Type:
      - application/json; charset=utf-8
      Transfer-Encoding:
      - chunked
      Vary:
      - Accept-Encoding
      content-length:
      - '1212'
    status:
      code: 200
      message: OK
- request:
    body: null
    headers:
      Accept:
      - application/vnd.impact.experiment.v3+json
      Accept-Encoding:
      - gzip, deflate
      Connection:
      - keep-alive
    method: GET
    uri: /user/test-user-uniqid/impact/api/workspaces/impact-python-client-workspace1/experiments/modelica_blocks_examples_pid_controller_20250220_141611_624e679
  response:
    body:
      string: '{"id": "modelica_blocks_examples_pid_controller_20250220_141611_624e679",
        "experiment": {"version": 3, "base": {"model": {"modelica": {"className":
        "Modelica.Blocks.Examples.PID_Controller", "compilerOptions": {"c_compiler":
        "gcc", "generate_html_diagnostics": false, "include_protected_variables":
        false}, "runtimeOptions": {}, "compilerLogLevel": "warning", "fmiTarget":
        "me", "fmiVersion": "2.0", "platform": "auto"}}, "analysis": {"parameters":
        [{"name": "start_time", "value": 0}, {"name": "final_time", "value": 1}, {"name":
        "interval", "value": 0}], "simulationOptions": {"ncp": 500, "dynamic_diagnostics":
        false}, "solverOptions": {}, "type": "dynamic", "simulationLogLevel": "WARNING"},
        "modifiers": {"variables": [{"kind": "range", "name": "PI.yMax", "start":
        12.0, "end": 13.0, "steps": 2}]}, "expansion": {"algorithm": "FULLFACTORIAL"}},
        "extensions": []}, "meta_data": {"created_epoch": 1740060971, "experiment_hash":
        "1653e2afe977ebdf592007c93d6ed225", "label": "", "model_names": ["Modelica.Blocks.Examples.PID_Controller"]},
        "run_info": {"status": "cancelled", "datetime_started": 1740060972010, "datetime_finished":
        1740060972222, "failed": 0, "successful": 0, "cancelled": 0, "not_started":
        0}}'
    headers:
      Connection:
      - keep-alive
      Content-Type:
      - application/json; charset=utf-8
      Transfer-Encoding:
      - chunked
      Vary:
      - Accept-Encoding
      content-length:
      - '1212'
    status:
      code: 200
      message: OK
- request:
    body: null
    headers:
      Accept:
      - application/json
      Accept-Encoding:
      - gzip, deflate
      Connection:
      - keep-alive
    method: GET
    uri: /user/test-user-uniqid/impact/api/workspaces
  response:
    body:
      string: '{"data": {"items": [{"definition": {"name": "impact-python-client-workspace1",
        "description": "", "defaultProjectId": "7b29e657fc5cde4410c06d002f2b57b3554b270a",
        "projects": [{"reference": {"id": "7b29e657fc5cde4410c06d002f2b57b3554b270a"},
        "disabled": false, "disabledContent": []}], "dependencies": [{"reference":
        {"id": "fec43f77925949bd7e7c0f10ac49ebc1189dc840", "name": "Modelica", "version":
        "3.2.3"}, "disabled": true, "disabledContent": []}, {"reference": {"id": "ac04a5da97bc2e11bffb7f41b2485da347846df6",
        "name": "Modelica", "version": "4.0.0"}, "disabled": false, "disabledContent":
        []}], "format": "1.0.0", "guid": "507cf4911e874a9f99a03505fffb14d1", "createdBy":
        "test-user-uniqid", "createdAt": 1740060971441}, "id": "impact-python-client-workspace1",
        "conversion": {"state": "UP_TO_DATE"}}]}}'
    headers:
      Connection:
      - keep-alive
      Content-Type:
      - application/json; charset=utf-8
      Vary:
      - Accept-Encoding
    status:
      code: 200
      message: OK
- request:
    body: null
    headers:
      Accept:
      - application/json
      Accept-Encoding:
      - gzip, deflate
      Connection:
      - keep-alive
    method: GET
    uri: /user/test-user-uniqid/impact/api/workspaces/impact-python-client-workspace1
  response:
    body:
      string: '{"definition": {"name": "impact-python-client-workspace1", "description":
        "", "defaultProjectId": "7b29e657fc5cde4410c06d002f2b57b3554b270a", "projects":
        [{"reference": {"id": "7b29e657fc5cde4410c06d002f2b57b3554b270a"}, "disabled":
        false, "disabledContent": []}], "dependencies": [{"reference": {"id": "fec43f77925949bd7e7c0f10ac49ebc1189dc840",
        "name": "Modelica", "version": "3.2.3"}, "disabled": true, "disabledContent":
        []}, {"reference": {"id": "ac04a5da97bc2e11bffb7f41b2485da347846df6", "name":
        "Modelica", "version": "4.0.0"}, "disabled": false, "disabledContent": []}],
        "format": "1.0.0", "guid": "507cf4911e874a9f99a03505fffb14d1", "createdBy":
        "test-user-uniqid", "createdAt": 1740060971441}, "id": "impact-python-client-workspace1",
        "conversion": {"state": "UP_TO_DATE"}}'
    headers:
      Connection:
      - keep-alive
      Content-Type:
      - application/json; charset=utf-8
      Vary:
      - Accept-Encoding
    status:
      code: 200
      message: OK
- request:
    body: null
    headers:
      Accept:
      - application/json
      Accept-Encoding:
      - gzip, deflate
      Connection:
      - keep-alive
    method: GET
    uri: /user/test-user-uniqid/impact/api/workspaces/impact-python-client-workspace1/projects
  response:
    body:
      string: '{"data": {"items": [{"id": "7b29e657fc5cde4410c06d002f2b57b3554b270a",
        "definition": {"name": "Project", "format": "1.0.0", "dependencies": [{"name":
        "Modelica", "versionSpecifier": "4.0.0"}], "content": [{"relpath": "Resources/Views",
        "contentType": "VIEWS", "defaultDisabled": false, "id": "e7e5eb5a7a134fafa2fc2a97eb2f9b0d"},
        {"relpath": "Resources/Favorites", "contentType": "FAVORITES", "defaultDisabled":
        false, "id": "afc8ad0ff0b64999824ee10f8b0ceab2"}, {"relpath": "Resources/CustomFunctions",
        "contentType": "CUSTOM_FUNCTIONS", "defaultDisabled": false, "id": "2534f31f3c92403985649e07b7ed9155"},
        {"relpath": "Resources/Custom", "contentType": "GENERIC", "defaultDisabled":
        false, "id": "0bf5e0ee3c154a158b4ca82a9710271a"}, {"relpath": "ReferenceResults",
        "contentType": "REFERENCE_RESULTS", "defaultDisabled": false, "id": "c15ebc5dc5e64788bf101a5f630df0ae"},
        {"relpath": "Resources/ExperimentDefinitions", "contentType": "EXPERIMENT_DEFINITIONS",
        "defaultDisabled": false, "id": "bf591416fa0543539ed7de46a6e069cd"}], "executionOptions":
        []}, "projectType": "LOCAL", "storageLocation": "USERSPACE"}]}}'
    headers:
      Connection:
      - keep-alive
      Content-Type:
      - application/json; charset=utf-8
      Transfer-Encoding:
      - chunked
      Vary:
      - Accept-Encoding
      content-length:
      - '1043'
    status:
      code: 200
      message: OK
- request:
    body: null
    headers:
      Accept:
      - application/json
      Accept-Encoding:
      - gzip, deflate
      Connection:
      - keep-alive
      Content-Length:
      - '0'
    method: DELETE
    uri: /user/test-user-uniqid/impact/api/projects/7b29e657fc5cde4410c06d002f2b57b3554b270a
  response:
    body:
      string: '{"id": "7b29e657fc5cde4410c06d002f2b57b3554b270a", "definition": {"name":
        "Project", "format": "1.0.0", "dependencies": [{"name": "Modelica", "versionSpecifier":
        "4.0.0"}], "content": [{"relpath": "Resources/Views", "contentType": "VIEWS",
        "defaultDisabled": false, "id": "e7e5eb5a7a134fafa2fc2a97eb2f9b0d"}, {"relpath":
        "Resources/Favorites", "contentType": "FAVORITES", "defaultDisabled": false,
        "id": "afc8ad0ff0b64999824ee10f8b0ceab2"}, {"relpath": "Resources/CustomFunctions",
        "contentType": "CUSTOM_FUNCTIONS", "defaultDisabled": false, "id": "2534f31f3c92403985649e07b7ed9155"},
        {"relpath": "Resources/Custom", "contentType": "GENERIC", "defaultDisabled":
        false, "id": "0bf5e0ee3c154a158b4ca82a9710271a"}, {"relpath": "ReferenceResults",
        "contentType": "REFERENCE_RESULTS", "defaultDisabled": false, "id": "c15ebc5dc5e64788bf101a5f630df0ae"},
        {"relpath": "Resources/ExperimentDefinitions", "contentType": "EXPERIMENT_DEFINITIONS",
        "defaultDisabled": false, "id": "bf591416fa0543539ed7de46a6e069cd"}], "executionOptions":
        []}, "projectType": "LOCAL", "storageLocation": "USERSPACE"}'
    headers:
      Connection:
      - keep-alive
      Content-Type:
      - application/json; charset=utf-8
      Vary:
      - Accept-Encoding
    status:
      code: 200
      message: OK
- request:
    body: null
    headers:
      Accept:
      - application/json
      Accept-Encoding:
      - gzip, deflate
      Connection:
      - keep-alive
      Content-Length:
      - '0'
    method: DELETE
    uri: /user/test-user-uniqid/impact/api/workspaces/impact-python-client-workspace1
  response:
    body:
      string: ''
    headers:
      Connection:
      - keep-alive
      Content-Type:
      - application/json; charset=utf-8
      Vary:
      - Accept-Encoding
    status:
      code: 200
      message: OK
version: 1
