interactions:
- request:
    body: null
    headers:
      Accept:
      - '*/*'
      Accept-Encoding:
      - gzip, deflate
      Connection:
      - keep-alive
    method: GET
    uri: /hub/api/
  response:
    body:
      string: '{"version": "4.0.2"}'
    headers:
      Connection:
      - keep-alive
      Content-Type:
      - application/json
      access-control-allow-headers:
      - accept, content-type, authorization
      x-jupyterhub-version:
      - 4.0.2
    status:
      code: 200
      message: OK
- request:
    body: null
    headers:
      Accept:
      - '*/*'
      Accept-Encoding:
      - gzip, deflate
      Connection:
      - keep-alive
    method: GET
    uri: /hub/api/authorizations/token/dummy
  response:
    body:
      string: '{"name": "test-user", "server": "/user/test-user/"}'
    headers:
      Connection:
      - keep-alive
      Content-Type:
      - application/json
      access-control-allow-headers:
      - accept, content-type, authorization
      x-jupyterhub-version:
      - 4.0.2
    status:
      code: 200
      message: OK
- request:
    body: null
    headers:
      Accept:
      - '*/*'
      Accept-Encoding:
      - gzip, deflate
      Connection:
      - keep-alive
    method: GET
    uri: /user/test-user/impact/api/
  response:
    body:
      string: '{"version": "4.10.0"}'
    headers:
      Connection:
      - keep-alive
      Content-Type:
      - application/json; charset=utf-8
      access-control-allow-headers:
      - '*'
      access-control-allow-methods:
      - POST, PUT, GET, DELETE, OPTIONS
      access-control-allow-origin:
      - '*'
      vary:
      - Accept-Encoding
      x-powered-by:
      - Express
    status:
      code: 200
      message: OK
- request:
    body: '{}'
    headers:
      Accept:
      - '*/*'
      Accept-Encoding:
      - gzip, deflate
      Connection:
      - keep-alive
      Content-Length:
      - '113'
      Content-Type:
      - application/json
    method: POST
    uri: /user/test-user/impact/api/login
  response:
    body:
      string: '{}'
    headers:
      Connection:
      - keep-alive
      Content-Type:
      - application/json; charset=utf-8
      access-control-allow-headers:
      - '*'
      access-control-allow-methods:
      - POST, PUT, GET, DELETE, OPTIONS
      access-control-allow-origin:
      - '*'
      vary:
      - Accept-Encoding
      x-powered-by:
      - Express
    status:
      code: 200
      message: OK
- request:
    body: null
    headers:
      Accept:
      - '*/*'
      Accept-Encoding:
      - gzip, deflate
      Connection:
      - keep-alive
    method: GET
    uri: /user/test-user/impact/api/users/me
  response:
    body:
      string: '{"data": {"id": "njcswjcjnscksnckjsnckndsk", "username": "test-user",
        "firstName": null, "lastName": null, "email": "test-user@modelon.com", "license":
        "impact-pro", "roles": ["impact-editor", "offline_access", "impact-viewer",
        "uma_authorization", "default-roles-modelon", "impact-pro", "impact-executor",
        "impact-workspace-publisher"], "tenant": {"id": "org1", "groupName": "impact-tenant-org1"}}}'
    headers:
      Connection:
      - keep-alive
      Content-Type:
      - application/json; charset=utf-8
      access-control-allow-headers:
      - '*'
      access-control-allow-methods:
      - POST, PUT, GET, DELETE, OPTIONS
      access-control-allow-origin:
      - '*'
      vary:
      - Accept-Encoding
      x-powered-by:
      - Express
    status:
      code: 200
      message: OK
- request:
    body: null
    headers:
      Accept:
      - '*/*'
      Accept-Encoding:
      - gzip, deflate
      Connection:
      - keep-alive
    method: GET
    uri: /user/test-user/impact/api/users/me
  response:
    body:
      string: '{"data": {"id": "njcswjcjnscksnckjsnckndsk", "username": "test-user",
        "firstName": null, "lastName": null, "email": "test-user@modelon.com", "license":
        "impact-pro", "roles": ["impact-editor", "offline_access", "impact-viewer",
        "uma_authorization", "default-roles-modelon", "impact-pro", "impact-executor",
        "impact-workspace-publisher"], "tenant": {"id": "org1", "groupName": "impact-tenant-org1"}}}'
    headers:
      Connection:
      - keep-alive
      Content-Type:
      - application/json; charset=utf-8
      access-control-allow-headers:
      - '*'
      access-control-allow-methods:
      - POST, PUT, GET, DELETE, OPTIONS
      access-control-allow-origin:
      - '*'
      vary:
      - Accept-Encoding
      x-powered-by:
      - Express
    status:
      code: 200
      message: OK
- request:
    body: null
    headers:
      Accept:
      - '*/*'
      Accept-Encoding:
      - gzip, deflate
      Connection:
      - keep-alive
    method: GET
    uri: /user/test-user/impact/api/workspaces
  response:
    body:
      string: '{"data": {"items": []}}'
    headers:
      Connection:
      - keep-alive
      Content-Type:
      - application/json; charset=utf-8
      access-control-allow-headers:
      - '*'
      access-control-allow-methods:
      - POST, PUT, GET, DELETE, OPTIONS
      access-control-allow-origin:
      - '*'
      vary:
      - Accept-Encoding
      x-powered-by:
      - Express
    status:
      code: 200
      message: OK
- request:
    body: '{"new": {"name": "impact-python-client-workspace1"}}'
    headers:
      Accept:
      - '*/*'
      Accept-Encoding:
      - gzip, deflate
      Connection:
      - keep-alive
      Content-Length:
      - '52'
      Content-Type:
      - application/json
    method: POST
    uri: /user/test-user/impact/api/workspaces
  response:
    body:
      string: '{"definition": {"name": "impact-python-client-workspace1", "description":
        "", "defaultProjectId": "5647d3e10045d4d812076676fe6f507df4a505ce", "projects":
        [{"reference": {"id": "5647d3e10045d4d812076676fe6f507df4a505ce"}, "disabled":
        false, "disabledContent": []}], "dependencies": [{"reference": {"id": "fec43f77925949bd7e7c0f10ac49ebc1189dc840",
        "name": "Modelica", "version": "3.2.3"}, "disabled": true, "disabledContent":
        []}, {"reference": {"id": "ac04a5da97bc2e11bffb7f41b2485da347846df6", "name":
        "Modelica", "version": "4.0.0"}, "disabled": false, "disabledContent": []}],
        "format": "1.0.0", "guid": "5ced7ad794054b43afe7c6ad3772416b", "createdBy":
        "ce771b6a-56ea-464b-9ab7-f527a8a3c051", "createdAt": 1714671152397}, "id":
        "impact-python-client-workspace1", "conversion": {"state": "UP_TO_DATE"}}'
    headers:
      Connection:
      - keep-alive
      Content-Type:
      - application/json; charset=utf-8
      access-control-allow-headers:
      - '*'
      access-control-allow-methods:
      - POST, PUT, GET, DELETE, OPTIONS
      access-control-allow-origin:
      - '*'
      vary:
      - Accept-Encoding
      x-powered-by:
      - Express
    status:
      code: 200
      message: OK
- request:
    body: null
    headers:
      Accept:
      - '*/*'
      Accept-Encoding:
      - gzip, deflate
      Connection:
      - keep-alive
    method: GET
    uri: /user/test-user/impact/api/workspaces/impact-python-client-workspace1
  response:
    body:
      string: '{"definition": {"name": "impact-python-client-workspace1", "description":
        "", "defaultProjectId": "5647d3e10045d4d812076676fe6f507df4a505ce", "projects":
        [{"reference": {"id": "5647d3e10045d4d812076676fe6f507df4a505ce"}, "disabled":
        false, "disabledContent": []}], "dependencies": [{"reference": {"id": "fec43f77925949bd7e7c0f10ac49ebc1189dc840",
        "name": "Modelica", "version": "3.2.3"}, "disabled": true, "disabledContent":
        []}, {"reference": {"id": "ac04a5da97bc2e11bffb7f41b2485da347846df6", "name":
        "Modelica", "version": "4.0.0"}, "disabled": false, "disabledContent": []}],
        "format": "1.0.0", "guid": "5ced7ad794054b43afe7c6ad3772416b", "createdBy":
        "ce771b6a-56ea-464b-9ab7-f527a8a3c051", "createdAt": 1714671152397}, "id":
        "impact-python-client-workspace1", "conversion": {"state": "UP_TO_DATE"}}'
    headers:
      Connection:
      - keep-alive
      Content-Type:
      - application/json; charset=utf-8
      access-control-allow-headers:
      - '*'
      access-control-allow-methods:
      - POST, PUT, GET, DELETE, OPTIONS
      access-control-allow-origin:
      - '*'
      vary:
      - Accept-Encoding
      x-powered-by:
      - Express
    status:
      code: 200
      message: OK
- request:
    body: null
    headers:
      Accept:
      - '*/*'
      Accept-Encoding:
      - gzip, deflate
      Connection:
      - keep-alive
    method: GET
    uri: /user/test-user/impact/api/projects/5647d3e10045d4d812076676fe6f507df4a505ce
  response:
    body:
      string: '{"id": "5647d3e10045d4d812076676fe6f507df4a505ce", "definition": {"name":
        "Project", "format": "1.0.0", "dependencies": [{"name": "Modelica", "versionSpecifier":
        "4.0.0"}], "content": [{"relpath": "Resources/Views", "contentType": "VIEWS",
        "defaultDisabled": false, "id": "dd9cf440ad29491e9ff1c9cd12e40c95"}, {"relpath":
        "Resources/Favorites", "contentType": "FAVORITES", "defaultDisabled": false,
        "id": "bc03d60b3fd045e9bbaadad58acb63a0"}, {"relpath": "Resources/CustomFunctions",
        "contentType": "CUSTOM_FUNCTIONS", "defaultDisabled": false, "id": "7c782ba6a1d0470e9761c6ab1dc93913"},
        {"relpath": "Resources/Custom", "contentType": "GENERIC", "defaultDisabled":
        false, "id": "041d41e580874c65a403073665f9e162"}, {"relpath": "ReferenceResults",
        "contentType": "REFERENCE_RESULTS", "defaultDisabled": false, "id": "ed8e1d596b2a46de8de4df2b8c3a9f27"},
        {"relpath": "Resources/ExperimentDefinitions", "contentType": "EXPERIMENT_DEFINITIONS",
        "defaultDisabled": false, "id": "c9c5979098ba411a8421cb5ae90983f4"}], "executionOptions":
        []}, "projectType": "LOCAL", "storageLocation": "USERSPACE"}'
    headers:
      Connection:
      - keep-alive
      Content-Type:
      - application/json; charset=utf-8
      access-control-allow-headers:
      - '*'
      access-control-allow-methods:
      - POST, PUT, GET, DELETE, OPTIONS
      access-control-allow-origin:
      - '*'
      vary:
      - Accept-Encoding
      x-powered-by:
      - Express
    status:
      code: 200
      message: OK
- request:
    body: null
    headers:
      Accept:
      - '*/*'
      Accept-Encoding:
      - gzip, deflate
      Connection:
      - keep-alive
    method: GET
    uri: /user/test-user/impact/api/workspaces/impact-python-client-workspace1/custom-functions/dynamic
  response:
    body:
      string: '{"name": "dynamic", "version": "0.0.1", "description": "Performs a
        dynamic simulation", "can_initialize_from": false, "parameters": [{"name":
        "start_time", "type": "Number", "description": "The start time of the simulation",
        "optional": "false", "defaultValue": 0}, {"name": "final_time", "type": "Number",
        "description": "The final time of the simulation", "optional": "false", "defaultValue":
        1}, {"name": "interval", "type": "Number", "description": "The time resolution
        for the result grid, default is based on solver settings", "optional": "true",
        "defaultValue": 0}]}'
    headers:
      Connection:
      - keep-alive
      Content-Type:
      - application/json; charset=utf-8
      access-control-allow-headers:
      - '*'
      access-control-allow-methods:
      - POST, PUT, GET, DELETE, OPTIONS
      access-control-allow-origin:
      - '*'
      vary:
      - Accept-Encoding
      x-powered-by:
      - Express
    status:
      code: 200
      message: OK
- request:
    body: null
    headers:
      Accept:
      - '*/*'
      Accept-Encoding:
      - gzip, deflate
      Connection:
      - keep-alive
    method: GET
    uri: /user/test-user/impact/api/workspaces/impact-python-client-workspace1/projects/5647d3e10045d4d812076676fe6f507df4a505ce/custom-functions/dynamic/options
  response:
    body:
      string: '{"compiler": {"c_compiler": "gcc", "generate_html_diagnostics": false,
        "include_protected_variables": false}, "runtime": {}, "simulation": {"ncp":
        500, "dynamic_diagnostics": false}, "solver": {}}'
    headers:
      Connection:
      - keep-alive
      Content-Type:
      - application/json; charset=utf-8
      access-control-allow-headers:
      - '*'
      access-control-allow-methods:
      - POST, PUT, GET, DELETE, OPTIONS
      access-control-allow-origin:
      - '*'
      vary:
      - Accept-Encoding
      x-powered-by:
      - Express
    status:
      code: 200
      message: OK
- request:
    body: null
    headers:
      Accept:
      - '*/*'
      Accept-Encoding:
      - gzip, deflate
      Connection:
      - keep-alive
    method: GET
    uri: /user/test-user/impact/api/workspaces
  response:
    body:
      string: '{"data": {"items": [{"definition": {"name": "impact-python-client-workspace1",
        "description": "", "defaultProjectId": "5647d3e10045d4d812076676fe6f507df4a505ce",
        "projects": [{"reference": {"id": "5647d3e10045d4d812076676fe6f507df4a505ce"},
        "disabled": false, "disabledContent": []}], "dependencies": [{"reference":
        {"id": "fec43f77925949bd7e7c0f10ac49ebc1189dc840", "name": "Modelica", "version":
        "3.2.3"}, "disabled": true, "disabledContent": []}, {"reference": {"id": "ac04a5da97bc2e11bffb7f41b2485da347846df6",
        "name": "Modelica", "version": "4.0.0"}, "disabled": false, "disabledContent":
        []}], "format": "1.0.0", "guid": "5ced7ad794054b43afe7c6ad3772416b", "createdBy":
        "ce771b6a-56ea-464b-9ab7-f527a8a3c051", "createdAt": 1714671152397}, "id":
        "impact-python-client-workspace1", "conversion": {"state": "UP_TO_DATE"}}]}}'
    headers:
      Connection:
      - keep-alive
      Content-Type:
      - application/json; charset=utf-8
      access-control-allow-headers:
      - '*'
      access-control-allow-methods:
      - POST, PUT, GET, DELETE, OPTIONS
      access-control-allow-origin:
      - '*'
      vary:
      - Accept-Encoding
      x-powered-by:
      - Express
    status:
      code: 200
      message: OK
- request:
    body: null
    headers:
      Accept:
      - '*/*'
      Accept-Encoding:
      - gzip, deflate
      Connection:
      - keep-alive
    method: GET
    uri: /user/test-user/impact/api/workspaces/impact-python-client-workspace1
  response:
    body:
      string: '{"definition": {"name": "impact-python-client-workspace1", "description":
        "", "defaultProjectId": "5647d3e10045d4d812076676fe6f507df4a505ce", "projects":
        [{"reference": {"id": "5647d3e10045d4d812076676fe6f507df4a505ce"}, "disabled":
        false, "disabledContent": []}], "dependencies": [{"reference": {"id": "fec43f77925949bd7e7c0f10ac49ebc1189dc840",
        "name": "Modelica", "version": "3.2.3"}, "disabled": true, "disabledContent":
        []}, {"reference": {"id": "ac04a5da97bc2e11bffb7f41b2485da347846df6", "name":
        "Modelica", "version": "4.0.0"}, "disabled": false, "disabledContent": []}],
        "format": "1.0.0", "guid": "5ced7ad794054b43afe7c6ad3772416b", "createdBy":
        "ce771b6a-56ea-464b-9ab7-f527a8a3c051", "createdAt": 1714671152397}, "id":
        "impact-python-client-workspace1", "conversion": {"state": "UP_TO_DATE"}}'
    headers:
      Connection:
      - keep-alive
      Content-Type:
      - application/json; charset=utf-8
      access-control-allow-headers:
      - '*'
      access-control-allow-methods:
      - POST, PUT, GET, DELETE, OPTIONS
      access-control-allow-origin:
      - '*'
      vary:
      - Accept-Encoding
      x-powered-by:
      - Express
    status:
      code: 200
      message: OK
- request:
    body: null
    headers:
      Accept:
      - '*/*'
      Accept-Encoding:
      - gzip, deflate
      Connection:
      - keep-alive
    method: GET
    uri: /user/test-user/impact/api/workspaces/impact-python-client-workspace1/projects
  response:
    body:
      string: '{"data": {"items": [{"id": "5647d3e10045d4d812076676fe6f507df4a505ce",
        "definition": {"name": "Project", "format": "1.0.0", "dependencies": [{"name":
        "Modelica", "versionSpecifier": "4.0.0"}], "content": [{"relpath": "Resources/Views",
        "contentType": "VIEWS", "defaultDisabled": false, "id": "dd9cf440ad29491e9ff1c9cd12e40c95"},
        {"relpath": "Resources/Favorites", "contentType": "FAVORITES", "defaultDisabled":
        false, "id": "bc03d60b3fd045e9bbaadad58acb63a0"}, {"relpath": "Resources/CustomFunctions",
        "contentType": "CUSTOM_FUNCTIONS", "defaultDisabled": false, "id": "7c782ba6a1d0470e9761c6ab1dc93913"},
        {"relpath": "Resources/Custom", "contentType": "GENERIC", "defaultDisabled":
        false, "id": "041d41e580874c65a403073665f9e162"}, {"relpath": "ReferenceResults",
        "contentType": "REFERENCE_RESULTS", "defaultDisabled": false, "id": "ed8e1d596b2a46de8de4df2b8c3a9f27"},
        {"relpath": "Resources/ExperimentDefinitions", "contentType": "EXPERIMENT_DEFINITIONS",
        "defaultDisabled": false, "id": "c9c5979098ba411a8421cb5ae90983f4"}], "executionOptions":
        []}, "projectType": "LOCAL", "storageLocation": "USERSPACE"}]}}'
    headers:
      Connection:
      - keep-alive
      Content-Type:
      - application/json; charset=utf-8
      access-control-allow-headers:
      - '*'
      access-control-allow-methods:
      - POST, PUT, GET, DELETE, OPTIONS
      access-control-allow-origin:
      - '*'
      content-length:
      - '1043'
      vary:
      - Accept-Encoding
      x-powered-by:
      - Express
    status:
      code: 200
      message: OK
- request:
    body: null
    headers:
      Accept:
      - '*/*'
      Accept-Encoding:
      - gzip, deflate
      Connection:
      - keep-alive
      Content-Length:
      - '0'
    method: DELETE
    uri: /user/test-user/impact/api/projects/5647d3e10045d4d812076676fe6f507df4a505ce
  response:
    body:
      string: '{"id": "5647d3e10045d4d812076676fe6f507df4a505ce", "definition": {"name":
        "Project", "format": "1.0.0", "dependencies": [{"name": "Modelica", "versionSpecifier":
        "4.0.0"}], "content": [{"relpath": "Resources/Views", "contentType": "VIEWS",
        "defaultDisabled": false, "id": "dd9cf440ad29491e9ff1c9cd12e40c95"}, {"relpath":
        "Resources/Favorites", "contentType": "FAVORITES", "defaultDisabled": false,
        "id": "bc03d60b3fd045e9bbaadad58acb63a0"}, {"relpath": "Resources/CustomFunctions",
        "contentType": "CUSTOM_FUNCTIONS", "defaultDisabled": false, "id": "7c782ba6a1d0470e9761c6ab1dc93913"},
        {"relpath": "Resources/Custom", "contentType": "GENERIC", "defaultDisabled":
        false, "id": "041d41e580874c65a403073665f9e162"}, {"relpath": "ReferenceResults",
        "contentType": "REFERENCE_RESULTS", "defaultDisabled": false, "id": "ed8e1d596b2a46de8de4df2b8c3a9f27"},
        {"relpath": "Resources/ExperimentDefinitions", "contentType": "EXPERIMENT_DEFINITIONS",
        "defaultDisabled": false, "id": "c9c5979098ba411a8421cb5ae90983f4"}], "executionOptions":
        []}, "projectType": "LOCAL", "storageLocation": "USERSPACE"}'
    headers:
      Connection:
      - keep-alive
      Content-Type:
      - application/json; charset=utf-8
      access-control-allow-headers:
      - '*'
      access-control-allow-methods:
      - POST, PUT, GET, DELETE, OPTIONS
      access-control-allow-origin:
      - '*'
      vary:
      - Accept-Encoding
      x-powered-by:
      - Express
    status:
      code: 200
      message: OK
- request:
    body: null
    headers:
      Accept:
      - '*/*'
      Accept-Encoding:
      - gzip, deflate
      Connection:
      - keep-alive
      Content-Length:
      - '0'
    method: DELETE
    uri: /user/test-user/impact/api/workspaces/impact-python-client-workspace1
  response:
    body:
      string: ''
    headers:
      Connection:
      - keep-alive
      Content-Type:
      - application/json; charset=utf-8
      access-control-allow-headers:
      - '*'
      access-control-allow-methods:
      - POST, PUT, GET, DELETE, OPTIONS
      access-control-allow-origin:
      - '*'
      vary:
      - Accept-Encoding
      x-powered-by:
      - Express
    status:
      code: 200
      message: OK
version: 1
