interactions:
- request:
    body: null
    headers:
      Accept:
      - '*/*'
      Accept-Encoding:
      - gzip, deflate
      Connection:
      - keep-alive
    method: GET
    uri: /hub/api/
  response:
    body:
      string: '{"version": "4.0.2"}'
    headers:
      Connection:
      - keep-alive
      Content-Type:
      - application/json
      access-control-allow-headers:
      - accept, content-type, authorization
      x-jupyterhub-version:
      - 4.0.2
    status:
      code: 200
      message: OK
- request:
    body: null
    headers:
      Accept:
      - '*/*'
      Accept-Encoding:
      - gzip, deflate
      Connection:
      - keep-alive
    method: GET
    uri: /hub/api/
  response:
    body:
      string: '{"version": "4.0.2"}'
    headers:
      Connection:
      - keep-alive
      Content-Type:
      - application/json
      access-control-allow-headers:
      - accept, content-type, authorization
      x-jupyterhub-version:
      - 4.0.2
    status:
      code: 200
      message: OK
- request:
    body: null
    headers:
      Accept:
      - '*/*'
      Accept-Encoding:
      - gzip, deflate
      Connection:
      - keep-alive
    method: GET
    uri: /hub/api/user
  response:
    body:
      string: '{"name": "5c18f9f3-ef07-453a-9965-9de61f6d53f4", "server": "/user/5c18f9f3-ef07-453a-9965-9de61f6d53f4/"}'
    headers:
      Connection:
      - keep-alive
      Content-Type:
      - application/json
      access-control-allow-headers:
      - accept, content-type, authorization
      x-jupyterhub-version:
      - 4.0.2
    status:
      code: 200
      message: OK
- request:
    body: null
    headers:
      Accept:
      - '*/*'
      Accept-Encoding:
      - gzip, deflate
      Connection:
      - keep-alive
    method: GET
    uri: /user/5c18f9f3-ef07-453a-9965-9de61f6d53f4/impact/api/users/me
  response:
    body:
      string: '{"data": {"id": "njcswjcjnscksnckjsnckndsk", "username": "test-user",
        "firstName": null, "lastName": null, "email": "test-user@modelon.com", "license":
        "impact-pro", "roles": ["impact-editor", "offline_access", "impact-viewer",
        "uma_authorization", "default-roles-modelon", "impact-pro", "impact-executor",
        "impact-workspace-publisher"], "tenant": {"id": "org1", "groupName": "impact-tenant-org1"}}}'
    headers:
      Connection:
      - keep-alive
      Content-Type:
      - application/json; charset=utf-8
      access-control-allow-headers:
      - '*'
      access-control-allow-methods:
      - POST, PUT, GET, DELETE, OPTIONS
      access-control-allow-origin:
      - '*'
      vary:
      - Accept-Encoding
      x-powered-by:
      - Express
    status:
      code: 200
      message: OK
- request:
    body: null
    headers:
      Accept:
      - '*/*'
      Accept-Encoding:
      - gzip, deflate
      Connection:
      - keep-alive
    method: GET
    uri: /user/5c18f9f3-ef07-453a-9965-9de61f6d53f4/impact/api/
  response:
    body:
      string: ''
    headers:
      Connection:
      - keep-alive
      Content-Type:
      - text/html; charset=UTF-8
      access-control-allow-origin:
      - '*'
      location:
      - /hub/api/oauth2/authorize
      x-content-type-options:
      - nosniff
      x-jupyterhub-version:
      - 4.0.2
    status:
      code: 302
      message: Found
- request:
    body: null
    headers:
      Accept:
      - '*/*'
      Accept-Encoding:
      - gzip, deflate
      Connection:
      - keep-alive
    method: GET
    uri: /hub/api/oauth2/authorize
  response:
    body:
      string: ''
    headers:
      Connection:
      - keep-alive
      Content-Type:
      - text/html
      access-control-allow-headers:
      - accept, content-type, authorization
      location:
      - /hub/login
      x-jupyterhub-version:
      - 4.0.2
    status:
      code: 302
      message: Found
- request:
    body: null
    headers:
      Accept:
      - '*/*'
      Accept-Encoding:
      - gzip, deflate
      Connection:
      - keep-alive
    method: GET
    uri: /hub/login
  response:
    body:
      string: ''
    headers:
      Connection:
      - keep-alive
      Content-Type:
      - text/html
      access-control-allow-headers:
      - accept, content-type, authorization
      location:
      - /hub/api/oauth2/authorize
      x-jupyterhub-version:
      - 4.0.2
    status:
      code: 302
      message: Found
- request:
    body: null
    headers:
      Accept:
      - '*/*'
      Accept-Encoding:
      - gzip, deflate
      Connection:
      - keep-alive
    method: GET
    uri: /hub/api/oauth2/authorize
  response:
    body:
      string: ''
    headers:
      Connection:
      - keep-alive
      Content-Type:
      - text/html
      access-control-allow-headers:
      - accept, content-type, authorization
      location:
      - /user/5c18f9f3-ef07-453a-9965-9de61f6d53f4/oauth_callback
      x-jupyterhub-version:
      - 4.0.2
    status:
      code: 302
      message: Found
- request:
    body: null
    headers:
      Accept:
      - '*/*'
      Accept-Encoding:
      - gzip, deflate
      Connection:
      - keep-alive
    method: GET
    uri: /user/5c18f9f3-ef07-453a-9965-9de61f6d53f4/oauth_callback
  response:
    body:
      string: ''
    headers:
      Connection:
      - keep-alive
      Content-Type:
      - text/html; charset=UTF-8
      access-control-allow-origin:
      - '*'
      location:
      - /user/5c18f9f3-ef07-453a-9965-9de61f6d53f4/impact/api/
      x-content-type-options:
      - nosniff
      x-jupyterhub-version:
      - 4.0.2
    status:
      code: 302
      message: Found
- request:
    body: null
    headers:
      Accept:
      - '*/*'
      Accept-Encoding:
      - gzip, deflate
      Connection:
      - keep-alive
    method: GET
    uri: /user/5c18f9f3-ef07-453a-9965-9de61f6d53f4/impact/api/
  response:
    body:
      string: '{"version": "4.21.0"}'
    headers:
      Connection:
      - keep-alive
      Content-Type:
      - application/json; charset=utf-8
      access-control-allow-headers:
      - '*'
      access-control-allow-methods:
      - POST, PUT, GET, DELETE, OPTIONS
      access-control-allow-origin:
      - '*'
      vary:
      - Accept-Encoding
      x-powered-by:
      - Express
    status:
      code: 200
      message: OK
- request:
    body: null
    headers:
      Accept:
      - '*/*'
      Accept-Encoding:
      - gzip, deflate
      Connection:
      - keep-alive
    method: GET
    uri: /user/5c18f9f3-ef07-453a-9965-9de61f6d53f4/impact/api/users/me
  response:
    body:
      string: '{"data": {"id": "njcswjcjnscksnckjsnckndsk", "username": "test-user",
        "firstName": null, "lastName": null, "email": "test-user@modelon.com", "license":
        "impact-pro", "roles": ["impact-editor", "offline_access", "impact-viewer",
        "uma_authorization", "default-roles-modelon", "impact-pro", "impact-executor",
        "impact-workspace-publisher"], "tenant": {"id": "org1", "groupName": "impact-tenant-org1"}}}'
    headers:
      Connection:
      - keep-alive
      Content-Type:
      - application/json; charset=utf-8
      access-control-allow-headers:
      - '*'
      access-control-allow-methods:
      - POST, PUT, GET, DELETE, OPTIONS
      access-control-allow-origin:
      - '*'
      vary:
      - Accept-Encoding
      x-powered-by:
      - Express
    status:
      code: 200
      message: OK
- request:
    body: null
    headers:
      Accept:
      - '*/*'
      Accept-Encoding:
      - gzip, deflate
      Connection:
      - keep-alive
    method: GET
    uri: /user/5c18f9f3-ef07-453a-9965-9de61f6d53f4/impact/api/workspaces
  response:
    body:
      string: '{"data": {"items": []}}'
    headers:
      Connection:
      - keep-alive
      Content-Type:
      - application/json; charset=utf-8
      access-control-allow-headers:
      - '*'
      access-control-allow-methods:
      - POST, PUT, GET, DELETE, OPTIONS
      access-control-allow-origin:
      - '*'
      vary:
      - Accept-Encoding
      x-powered-by:
      - Express
    status:
      code: 200
      message: OK
- request:
    body: '{"new": {"name": "impact-python-client-workspace1"}}'
    headers:
      Accept:
      - '*/*'
      Accept-Encoding:
      - gzip, deflate
      Connection:
      - keep-alive
      Content-Length:
      - '52'
      Content-Type:
      - application/json
    method: POST
    uri: /user/5c18f9f3-ef07-453a-9965-9de61f6d53f4/impact/api/workspaces
  response:
    body:
      string: '{"definition": {"name": "impact-python-client-workspace1", "description":
        "", "defaultProjectId": "8846294a20508e6aa118a9663cb8f0a41ccdc038", "projects":
        [{"reference": {"id": "8846294a20508e6aa118a9663cb8f0a41ccdc038"}, "disabled":
        false, "disabledContent": []}], "dependencies": [{"reference": {"id": "fec43f77925949bd7e7c0f10ac49ebc1189dc840",
        "name": "Modelica", "version": "3.2.3"}, "disabled": true, "disabledContent":
        []}, {"reference": {"id": "ac04a5da97bc2e11bffb7f41b2485da347846df6", "name":
        "Modelica", "version": "4.0.0"}, "disabled": false, "disabledContent": []}],
        "format": "1.0.0", "guid": "4bea4f4385494045ab5155dea14d4095", "createdBy":
        "5c18f9f3-ef07-453a-9965-9de61f6d53f4", "createdAt": 1723965519889}, "id":
        "impact-python-client-workspace1", "conversion": {"state": "UP_TO_DATE"}}'
    headers:
      Connection:
      - keep-alive
      Content-Type:
      - application/json; charset=utf-8
      access-control-allow-headers:
      - '*'
      access-control-allow-methods:
      - POST, PUT, GET, DELETE, OPTIONS
      access-control-allow-origin:
      - '*'
      vary:
      - Accept-Encoding
      x-powered-by:
      - Express
    status:
      code: 200
      message: OK
- request:
    body: null
    headers:
      Accept:
      - '*/*'
      Accept-Encoding:
      - gzip, deflate
      Connection:
      - keep-alive
    method: GET
    uri: /user/5c18f9f3-ef07-453a-9965-9de61f6d53f4/impact/api/workspaces/impact-python-client-workspace1/custom-functions/dynamic
  response:
    body:
      string: '{"name": "dynamic", "version": "0.0.1", "description": "Performs a
        dynamic simulation", "can_initialize_from": false, "kind": "EXECUTOR", "parameters":
        [{"name": "start_time", "type": "Number", "description": "The start time of
        the simulation", "optional": false, "defaultValue": 0}, {"name": "final_time",
        "type": "Number", "description": "The final time of the simulation", "optional":
        false, "defaultValue": 1}, {"name": "interval", "type": "Number", "description":
        "The time resolution for the result grid, default is based on solver settings",
        "optional": true, "defaultValue": 0}]}'
    headers:
      Connection:
      - keep-alive
      Content-Type:
      - application/json; charset=utf-8
      access-control-allow-headers:
      - '*'
      access-control-allow-methods:
      - POST, PUT, GET, DELETE, OPTIONS
      access-control-allow-origin:
      - '*'
      vary:
      - Accept-Encoding
      x-powered-by:
      - Express
    status:
      code: 200
      message: OK
- request:
    body: null
    headers:
      Accept:
      - '*/*'
      Accept-Encoding:
      - gzip, deflate
      Connection:
      - keep-alive
    method: GET
    uri: /user/5c18f9f3-ef07-453a-9965-9de61f6d53f4/impact/api/workspaces/impact-python-client-workspace1
  response:
    body:
      string: '{"definition": {"name": "impact-python-client-workspace1", "description":
        "", "defaultProjectId": "8846294a20508e6aa118a9663cb8f0a41ccdc038", "projects":
        [{"reference": {"id": "8846294a20508e6aa118a9663cb8f0a41ccdc038"}, "disabled":
        false, "disabledContent": []}], "dependencies": [{"reference": {"id": "fec43f77925949bd7e7c0f10ac49ebc1189dc840",
        "name": "Modelica", "version": "3.2.3"}, "disabled": true, "disabledContent":
        []}, {"reference": {"id": "ac04a5da97bc2e11bffb7f41b2485da347846df6", "name":
        "Modelica", "version": "4.0.0"}, "disabled": false, "disabledContent": []}],
        "format": "1.0.0", "guid": "4bea4f4385494045ab5155dea14d4095", "createdBy":
        "5c18f9f3-ef07-453a-9965-9de61f6d53f4", "createdAt": 1723965519889}, "id":
        "impact-python-client-workspace1", "conversion": {"state": "UP_TO_DATE"}}'
    headers:
      Connection:
      - keep-alive
      Content-Type:
      - application/json; charset=utf-8
      access-control-allow-headers:
      - '*'
      access-control-allow-methods:
      - POST, PUT, GET, DELETE, OPTIONS
      access-control-allow-origin:
      - '*'
      vary:
      - Accept-Encoding
      x-powered-by:
      - Express
    status:
      code: 200
      message: OK
- request:
    body: null
    headers:
      Accept:
      - '*/*'
      Accept-Encoding:
      - gzip, deflate
      Connection:
      - keep-alive
    method: GET
    uri: /user/5c18f9f3-ef07-453a-9965-9de61f6d53f4/impact/api/projects/8846294a20508e6aa118a9663cb8f0a41ccdc038
  response:
    body:
      string: '{"id": "8846294a20508e6aa118a9663cb8f0a41ccdc038", "definition": {"name":
        "Project", "format": "1.0.0", "dependencies": [{"name": "Modelica", "versionSpecifier":
        "4.0.0"}], "content": [{"relpath": "Resources/Views", "contentType": "VIEWS",
        "defaultDisabled": false, "id": "443a4c28749d4bbcb94589e32656ea09"}, {"relpath":
        "Resources/Favorites", "contentType": "FAVORITES", "defaultDisabled": false,
        "id": "7d09da12231c4c169159b096dd00b994"}, {"relpath": "Resources/CustomFunctions",
        "contentType": "CUSTOM_FUNCTIONS", "defaultDisabled": false, "id": "0a1a627694194361a0f8bcce8b7111a0"},
        {"relpath": "Resources/Custom", "contentType": "GENERIC", "defaultDisabled":
        false, "id": "6ee2f6bf1a0f42be82c1cdb548352d60"}, {"relpath": "ReferenceResults",
        "contentType": "REFERENCE_RESULTS", "defaultDisabled": false, "id": "90fc337c9c6a4d9084186568664d3b44"},
        {"relpath": "Resources/ExperimentDefinitions", "contentType": "EXPERIMENT_DEFINITIONS",
        "defaultDisabled": false, "id": "45b8a2cce6554d93ac07ee0bcc923d26"}], "executionOptions":
        []}, "projectType": "LOCAL", "storageLocation": "USERSPACE"}'
    headers:
      Connection:
      - keep-alive
      Content-Type:
      - application/json; charset=utf-8
      access-control-allow-headers:
      - '*'
      access-control-allow-methods:
      - POST, PUT, GET, DELETE, OPTIONS
      access-control-allow-origin:
      - '*'
      vary:
      - Accept-Encoding
      x-powered-by:
      - Express
    status:
      code: 200
      message: OK
- request:
    body: null
    headers:
      Accept:
      - '*/*'
      Accept-Encoding:
      - gzip, deflate
      Connection:
      - keep-alive
    method: GET
    uri: /user/5c18f9f3-ef07-453a-9965-9de61f6d53f4/impact/api/workspaces/impact-python-client-workspace1/custom-functions/dynamic/options
  response:
    body:
      string: '{"compiler": {"c_compiler": "gcc", "generate_html_diagnostics": false,
        "include_protected_variables": false}, "runtime": {}, "simulation": {"ncp":
        500, "dynamic_diagnostics": false}, "solver": {}}'
    headers:
      Connection:
      - keep-alive
      Content-Type:
      - application/json; charset=utf-8
      access-control-allow-headers:
      - '*'
      access-control-allow-methods:
      - POST, PUT, GET, DELETE, OPTIONS
      access-control-allow-origin:
      - '*'
      vary:
      - Accept-Encoding
      x-powered-by:
      - Express
    status:
      code: 200
      message: OK
- request:
    body: null
    headers:
      Accept:
      - '*/*'
      Accept-Encoding:
      - gzip, deflate
      Connection:
      - keep-alive
    method: GET
    uri: /user/5c18f9f3-ef07-453a-9965-9de61f6d53f4/impact/api/workspaces/impact-python-client-workspace1/custom-functions/dynamic/options
  response:
    body:
      string: '{"compiler": {"c_compiler": "gcc", "generate_html_diagnostics": false,
        "include_protected_variables": false}, "runtime": {}, "simulation": {"ncp":
        500, "dynamic_diagnostics": false}, "solver": {}}'
    headers:
      Connection:
      - keep-alive
      Content-Type:
      - application/json; charset=utf-8
      access-control-allow-headers:
      - '*'
      access-control-allow-methods:
      - POST, PUT, GET, DELETE, OPTIONS
      access-control-allow-origin:
      - '*'
      vary:
      - Accept-Encoding
      x-powered-by:
      - Express
    status:
      code: 200
      message: OK
- request:
    body: null
    headers:
      Accept:
      - '*/*'
      Accept-Encoding:
      - gzip, deflate
      Connection:
      - keep-alive
    method: GET
    uri: /user/5c18f9f3-ef07-453a-9965-9de61f6d53f4/impact/api/workspaces/impact-python-client-workspace1/custom-functions/dynamic/options
  response:
    body:
      string: '{"compiler": {"c_compiler": "gcc", "generate_html_diagnostics": false,
        "include_protected_variables": false}, "runtime": {}, "simulation": {"ncp":
        500, "dynamic_diagnostics": false}, "solver": {}}'
    headers:
      Connection:
      - keep-alive
      Content-Type:
      - application/json; charset=utf-8
      access-control-allow-headers:
      - '*'
      access-control-allow-methods:
      - POST, PUT, GET, DELETE, OPTIONS
      access-control-allow-origin:
      - '*'
      vary:
      - Accept-Encoding
      x-powered-by:
      - Express
    status:
      code: 200
      message: OK
- request:
    body: null
    headers:
      Accept:
      - '*/*'
      Accept-Encoding:
      - gzip, deflate
      Connection:
      - keep-alive
    method: GET
    uri: /user/5c18f9f3-ef07-453a-9965-9de61f6d53f4/impact/api/workspaces/impact-python-client-workspace1/custom-functions/dynamic/options
  response:
    body:
      string: '{"compiler": {"c_compiler": "gcc", "generate_html_diagnostics": false,
        "include_protected_variables": false}, "runtime": {}, "simulation": {"ncp":
        500, "dynamic_diagnostics": false}, "solver": {}}'
    headers:
      Connection:
      - keep-alive
      Content-Type:
      - application/json; charset=utf-8
      access-control-allow-headers:
      - '*'
      access-control-allow-methods:
      - POST, PUT, GET, DELETE, OPTIONS
      access-control-allow-origin:
      - '*'
      vary:
      - Accept-Encoding
      x-powered-by:
      - Express
    status:
      code: 200
      message: OK
- request:
    body: '{"experiment": {"version": 3, "base": {"model": {"modelica": {"className":
      "Modelica.Blocks.Examples.PID_Controller", "compilerOptions": {"c_compiler":
      "gcc", "generate_html_diagnostics": false, "include_protected_variables": false},
      "runtimeOptions": {}, "compilerLogLevel": "warning", "fmiTarget": "me", "fmiVersion":
      "2.0", "platform": "auto"}}, "modifiers": {"variables": [{"kind": "range", "name":
      "PI.yMax", "start": 12, "end": 13, "steps": 2}]}, "analysis": {"type": "dynamic",
      "parameters": [{"name": "start_time", "value": 0}, {"name": "final_time", "value":
      1}, {"name": "interval", "value": 0}], "simulationOptions": {"ncp": 500, "dynamic_diagnostics":
      false}, "solverOptions": {}, "simulationLogLevel": "WARNING"}, "expansion":
      {"algorithm": "FULLFACTORIAL"}}, "extensions": []}}'
    headers:
      Accept:
      - '*/*'
      Accept-Encoding:
      - gzip, deflate
      Connection:
      - keep-alive
      Content-Length:
      - '791'
      Content-Type:
      - application/json
    method: POST
    uri: /user/5c18f9f3-ef07-453a-9965-9de61f6d53f4/impact/api/workspaces/impact-python-client-workspace1/experiments
  response:
    body:
      string: '{"experiment_id": "modelica_blocks_examples_pid_controller_20240818_071842_6c905c6"}'
    headers:
      Connection:
      - keep-alive
      Content-Type:
      - application/json; charset=utf-8
      access-control-allow-headers:
      - '*'
      access-control-allow-methods:
      - POST, PUT, GET, DELETE, OPTIONS
      access-control-allow-origin:
      - '*'
      vary:
      - Accept-Encoding
      x-powered-by:
      - Express
    status:
      code: 200
      message: OK
- request:
    body: null
    headers:
      Accept:
      - '*/*'
      Accept-Encoding:
      - gzip, deflate
      Connection:
      - keep-alive
      Content-Length:
      - '0'
    method: POST
    uri: /user/5c18f9f3-ef07-453a-9965-9de61f6d53f4/impact/api/workspaces/impact-python-client-workspace1/experiments/modelica_blocks_examples_pid_controller_20240818_071842_6c905c6/execution
  response:
    body:
      string: ''
    headers:
      Connection:
      - keep-alive
      Content-Type:
      - application/json; charset=utf-8
      access-control-allow-headers:
      - '*'
      access-control-allow-methods:
      - POST, PUT, GET, DELETE, OPTIONS
      access-control-allow-origin:
      - '*'
      vary:
      - Accept-Encoding
      x-powered-by:
      - Express
    status:
      code: 200
      message: OK
- request:
    body: null
    headers:
      Accept:
      - '*/*'
      Accept-Encoding:
      - gzip, deflate
      Connection:
      - keep-alive
    method: GET
    uri: /user/5c18f9f3-ef07-453a-9965-9de61f6d53f4/impact/api/workspaces/impact-python-client-workspace1/custom-functions/dynamic
  response:
    body:
      string: '{"name": "dynamic", "version": "0.0.1", "description": "Performs a
        dynamic simulation", "can_initialize_from": false, "kind": "EXECUTOR", "parameters":
        [{"name": "start_time", "type": "Number", "description": "The start time of
        the simulation", "optional": false, "defaultValue": 0}, {"name": "final_time",
        "type": "Number", "description": "The final time of the simulation", "optional":
        false, "defaultValue": 1}, {"name": "interval", "type": "Number", "description":
        "The time resolution for the result grid, default is based on solver settings",
        "optional": true, "defaultValue": 0}]}'
    headers:
      Connection:
      - keep-alive
      Content-Type:
      - application/json; charset=utf-8
      access-control-allow-headers:
      - '*'
      access-control-allow-methods:
      - POST, PUT, GET, DELETE, OPTIONS
      access-control-allow-origin:
      - '*'
      vary:
      - Accept-Encoding
      x-powered-by:
      - Express
    status:
      code: 200
      message: OK
- request:
    body: null
    headers:
      Accept:
      - '*/*'
      Accept-Encoding:
      - gzip, deflate
      Connection:
      - keep-alive
    method: GET
    uri: /user/5c18f9f3-ef07-453a-9965-9de61f6d53f4/impact/api/workspaces/impact-python-client-workspace1
  response:
    body:
      string: '{"definition": {"name": "impact-python-client-workspace1", "description":
        "", "defaultProjectId": "8846294a20508e6aa118a9663cb8f0a41ccdc038", "projects":
        [{"reference": {"id": "8846294a20508e6aa118a9663cb8f0a41ccdc038"}, "disabled":
        false, "disabledContent": []}], "dependencies": [{"reference": {"id": "fec43f77925949bd7e7c0f10ac49ebc1189dc840",
        "name": "Modelica", "version": "3.2.3"}, "disabled": true, "disabledContent":
        []}, {"reference": {"id": "ac04a5da97bc2e11bffb7f41b2485da347846df6", "name":
        "Modelica", "version": "4.0.0"}, "disabled": false, "disabledContent": []}],
        "format": "1.0.0", "guid": "4bea4f4385494045ab5155dea14d4095", "createdBy":
        "5c18f9f3-ef07-453a-9965-9de61f6d53f4", "createdAt": 1723965519889}, "id":
        "impact-python-client-workspace1", "conversion": {"state": "UP_TO_DATE"}}'
    headers:
      Connection:
      - keep-alive
      Content-Type:
      - application/json; charset=utf-8
      access-control-allow-headers:
      - '*'
      access-control-allow-methods:
      - POST, PUT, GET, DELETE, OPTIONS
      access-control-allow-origin:
      - '*'
      vary:
      - Accept-Encoding
      x-powered-by:
      - Express
    status:
      code: 200
      message: OK
- request:
    body: null
    headers:
      Accept:
      - '*/*'
      Accept-Encoding:
      - gzip, deflate
      Connection:
      - keep-alive
    method: GET
    uri: /user/5c18f9f3-ef07-453a-9965-9de61f6d53f4/impact/api/projects/8846294a20508e6aa118a9663cb8f0a41ccdc038
  response:
    body:
      string: '{"id": "8846294a20508e6aa118a9663cb8f0a41ccdc038", "definition": {"name":
        "Project", "format": "1.0.0", "dependencies": [{"name": "Modelica", "versionSpecifier":
        "4.0.0"}], "content": [{"relpath": "Resources/Views", "contentType": "VIEWS",
        "defaultDisabled": false, "id": "443a4c28749d4bbcb94589e32656ea09"}, {"relpath":
        "Resources/Favorites", "contentType": "FAVORITES", "defaultDisabled": false,
        "id": "7d09da12231c4c169159b096dd00b994"}, {"relpath": "Resources/CustomFunctions",
        "contentType": "CUSTOM_FUNCTIONS", "defaultDisabled": false, "id": "0a1a627694194361a0f8bcce8b7111a0"},
        {"relpath": "Resources/Custom", "contentType": "GENERIC", "defaultDisabled":
        false, "id": "6ee2f6bf1a0f42be82c1cdb548352d60"}, {"relpath": "ReferenceResults",
        "contentType": "REFERENCE_RESULTS", "defaultDisabled": false, "id": "90fc337c9c6a4d9084186568664d3b44"},
        {"relpath": "Resources/ExperimentDefinitions", "contentType": "EXPERIMENT_DEFINITIONS",
        "defaultDisabled": false, "id": "45b8a2cce6554d93ac07ee0bcc923d26"}], "executionOptions":
        []}, "projectType": "LOCAL", "storageLocation": "USERSPACE"}'
    headers:
      Connection:
      - keep-alive
      Content-Type:
      - application/json; charset=utf-8
      access-control-allow-headers:
      - '*'
      access-control-allow-methods:
      - POST, PUT, GET, DELETE, OPTIONS
      access-control-allow-origin:
      - '*'
      vary:
      - Accept-Encoding
      x-powered-by:
      - Express
    status:
      code: 200
      message: OK
- request:
    body: null
    headers:
      Accept:
      - '*/*'
      Accept-Encoding:
      - gzip, deflate
      Connection:
      - keep-alive
    method: GET
    uri: /user/5c18f9f3-ef07-453a-9965-9de61f6d53f4/impact/api/workspaces/impact-python-client-workspace1/custom-functions/dynamic/options
  response:
    body:
      string: '{"compiler": {"c_compiler": "gcc", "generate_html_diagnostics": false,
        "include_protected_variables": false}, "runtime": {}, "simulation": {"ncp":
        500, "dynamic_diagnostics": false}, "solver": {}}'
    headers:
      Connection:
      - keep-alive
      Content-Type:
      - application/json; charset=utf-8
      access-control-allow-headers:
      - '*'
      access-control-allow-methods:
      - POST, PUT, GET, DELETE, OPTIONS
      access-control-allow-origin:
      - '*'
      vary:
      - Accept-Encoding
      x-powered-by:
      - Express
    status:
      code: 200
      message: OK
- request:
    body: '{"input": {"class_name": "Modelica.Blocks.Examples.PID_Controller", "compiler_options":
      {"c_compiler": "gcc", "generate_html_diagnostics": false, "include_protected_variables":
      false}, "runtime_options": {}, "compiler_log_level": "warning", "fmi_target":
      "me", "fmi_version": "2.0", "platform": "auto"}}'
    headers:
      Accept:
      - '*/*'
      Accept-Encoding:
      - gzip, deflate
      Connection:
      - keep-alive
      Content-Length:
      - '303'
      Content-Type:
      - application/json
    method: POST
    uri: /user/5c18f9f3-ef07-453a-9965-9de61f6d53f4/impact/api/workspaces/impact-python-client-workspace1/model-executables
  response:
    body:
      string: '{"id": null, "parameters": {}, "parametersResolved": [], "parametersMissing":
        []}'
    headers:
      Connection:
      - keep-alive
      Content-Type:
      - application/json; charset=utf-8
      access-control-allow-headers:
      - '*'
      access-control-allow-methods:
      - POST, PUT, GET, DELETE, OPTIONS
      access-control-allow-origin:
      - '*'
      vary:
      - Accept-Encoding
      x-powered-by:
      - Express
    status:
      code: 200
      message: OK
- request:
    body: '{"input": {"class_name": "Modelica.Blocks.Examples.PID_Controller", "compiler_options":
      {"c_compiler": "gcc", "generate_html_diagnostics": false, "include_protected_variables":
      false}, "runtime_options": {}, "compiler_log_level": "warning", "fmi_target":
      "me", "fmi_version": "2.0", "platform": "auto"}}'
    headers:
      Accept:
      - '*/*'
      Accept-Encoding:
      - gzip, deflate
      Connection:
      - keep-alive
      Content-Length:
      - '303'
      Content-Type:
      - application/json
    method: POST
    uri: /user/5c18f9f3-ef07-453a-9965-9de61f6d53f4/impact/api/workspaces/impact-python-client-workspace1/model-executables
  response:
    body:
      string: '{"id": "modelica_blocks_examples_pid_controller_20240818_071844_eeebd9e",
        "parameters": {}, "parametersResolved": [], "parametersMissing": []}'
    headers:
      Connection:
      - keep-alive
      Content-Type:
      - application/json; charset=utf-8
      access-control-allow-headers:
      - '*'
      access-control-allow-methods:
      - POST, PUT, GET, DELETE, OPTIONS
      access-control-allow-origin:
      - '*'
      vary:
      - Accept-Encoding
      x-powered-by:
      - Express
    status:
      code: 200
      message: OK
- request:
    body: null
    headers:
      Accept:
      - '*/*'
      Accept-Encoding:
      - gzip, deflate
      Connection:
      - keep-alive
      Content-Length:
      - '0'
    method: POST
    uri: /user/5c18f9f3-ef07-453a-9965-9de61f6d53f4/impact/api/workspaces/impact-python-client-workspace1/model-executables/modelica_blocks_examples_pid_controller_20240818_071844_eeebd9e/compilation
  response:
    body:
      string: ''
    headers:
      Connection:
      - keep-alive
      Content-Type:
      - application/json; charset=utf-8
      access-control-allow-headers:
      - '*'
      access-control-allow-methods:
      - POST, PUT, GET, DELETE, OPTIONS
      access-control-allow-origin:
      - '*'
      vary:
      - Accept-Encoding
      x-powered-by:
      - Express
    status:
      code: 200
      message: OK
- request:
    body: null
    headers:
      Accept:
      - '*/*'
      Accept-Encoding:
      - gzip, deflate
      Connection:
      - keep-alive
    method: GET
    uri: /user/5c18f9f3-ef07-453a-9965-9de61f6d53f4/impact/api/executions
  response:
    body:
      string: '{"data": {"items": [{"status": "running", "workspace": {"id": "impact-python-client-workspace1"},
        "kind": "EXPERIMENT", "experiment": {"id": "modelica_blocks_examples_pid_controller_20240818_071842_6c905c6"}},
        {"status": "running", "workspace": {"id": "impact-python-client-workspace1"},
        "kind": "COMPILATION", "fmu": {"id": "modelica_blocks_examples_pid_controller_20240818_071844_eeebd9e"}}]}}'
    headers:
      Connection:
      - keep-alive
      Content-Type:
      - application/json; charset=utf-8
      access-control-allow-headers:
      - '*'
      access-control-allow-methods:
      - POST, PUT, GET, DELETE, OPTIONS
      access-control-allow-origin:
      - '*'
      vary:
      - Accept-Encoding
      x-powered-by:
      - Express
    status:
      code: 200
      message: OK
- request:
    body: null
    headers:
      Accept:
      - '*/*'
      Accept-Encoding:
      - gzip, deflate
      Connection:
      - keep-alive
    method: GET
    uri: /user/5c18f9f3-ef07-453a-9965-9de61f6d53f4/impact/api/workspaces/impact-python-client-workspace1/experiments/modelica_blocks_examples_pid_controller_20240818_071842_6c905c6/execution
  response:
    body:
      string: '{"finished_executions": 0, "total_executions": 1, "status": "running",
        "progresses": [{"message": "Simulating", "percentage": 0.0, "done": false,
        "stage": "compilation"}]}'
    headers:
      Connection:
      - keep-alive
      Content-Type:
      - application/json; charset=utf-8
      access-control-allow-headers:
      - '*'
      access-control-allow-methods:
      - POST, PUT, GET, DELETE, OPTIONS
      access-control-allow-origin:
      - '*'
      vary:
      - Accept-Encoding
      x-powered-by:
      - Express
    status:
      code: 200
      message: OK
- request:
    body: null
    headers:
      Accept:
      - '*/*'
      Accept-Encoding:
      - gzip, deflate
      Connection:
      - keep-alive
    method: GET
    uri: /user/5c18f9f3-ef07-453a-9965-9de61f6d53f4/impact/api/workspaces/impact-python-client-workspace1/experiments/modelica_blocks_examples_pid_controller_20240818_071842_6c905c6/execution
  response:
    body:
      string: '{"finished_executions": 0, "total_executions": 1, "status": "running",
        "progresses": [{"message": "Simulating", "percentage": 0.0, "done": false,
        "stage": "compilation"}]}'
    headers:
      Connection:
      - keep-alive
      Content-Type:
      - application/json; charset=utf-8
      access-control-allow-headers:
      - '*'
      access-control-allow-methods:
      - POST, PUT, GET, DELETE, OPTIONS
      access-control-allow-origin:
      - '*'
      vary:
      - Accept-Encoding
      x-powered-by:
      - Express
    status:
      code: 200
      message: OK
- request:
    body: null
    headers:
      Accept:
      - '*/*'
      Accept-Encoding:
      - gzip, deflate
      Connection:
      - keep-alive
    method: GET
    uri: /user/5c18f9f3-ef07-453a-9965-9de61f6d53f4/impact/api/workspaces/impact-python-client-workspace1/experiments/modelica_blocks_examples_pid_controller_20240818_071842_6c905c6/execution
  response:
    body:
      string: '{"finished_executions": 0, "total_executions": 1, "status": "running",
        "progresses": [{"message": "Simulating", "percentage": 0.0, "done": false,
        "stage": "compilation"}]}'
    headers:
      Connection:
      - keep-alive
      Content-Type:
      - application/json; charset=utf-8
      access-control-allow-headers:
      - '*'
      access-control-allow-methods:
      - POST, PUT, GET, DELETE, OPTIONS
      access-control-allow-origin:
      - '*'
      vary:
      - Accept-Encoding
      x-powered-by:
      - Express
    status:
      code: 200
      message: OK
- request:
    body: null
    headers:
      Accept:
      - '*/*'
      Accept-Encoding:
      - gzip, deflate
      Connection:
      - keep-alive
    method: GET
    uri: /user/5c18f9f3-ef07-453a-9965-9de61f6d53f4/impact/api/workspaces/impact-python-client-workspace1/experiments/modelica_blocks_examples_pid_controller_20240818_071842_6c905c6/execution
  response:
    body:
      string: '{"finished_executions": 0, "total_executions": 1, "status": "running",
        "progresses": [{"message": "Simulating", "percentage": 0.0, "done": false,
        "stage": "compilation"}]}'
    headers:
      Connection:
      - keep-alive
      Content-Type:
      - application/json; charset=utf-8
      access-control-allow-headers:
      - '*'
      access-control-allow-methods:
      - POST, PUT, GET, DELETE, OPTIONS
      access-control-allow-origin:
      - '*'
      vary:
      - Accept-Encoding
      x-powered-by:
      - Express
    status:
      code: 200
      message: OK
- request:
    body: null
    headers:
      Accept:
      - '*/*'
      Accept-Encoding:
      - gzip, deflate
      Connection:
      - keep-alive
    method: GET
    uri: /user/5c18f9f3-ef07-453a-9965-9de61f6d53f4/impact/api/workspaces/impact-python-client-workspace1/experiments/modelica_blocks_examples_pid_controller_20240818_071842_6c905c6/execution
  response:
    body:
      string: '{"finished_executions": 0, "total_executions": 1, "status": "running",
        "progresses": [{"message": "Simulating", "percentage": 0.0, "done": false,
        "stage": "compilation"}]}'
    headers:
      Connection:
      - keep-alive
      Content-Type:
      - application/json; charset=utf-8
      access-control-allow-headers:
      - '*'
      access-control-allow-methods:
      - POST, PUT, GET, DELETE, OPTIONS
      access-control-allow-origin:
      - '*'
      vary:
      - Accept-Encoding
      x-powered-by:
      - Express
    status:
      code: 200
      message: OK
- request:
    body: null
    headers:
      Accept:
      - '*/*'
      Accept-Encoding:
      - gzip, deflate
      Connection:
      - keep-alive
    method: GET
    uri: /user/5c18f9f3-ef07-453a-9965-9de61f6d53f4/impact/api/workspaces/impact-python-client-workspace1/experiments/modelica_blocks_examples_pid_controller_20240818_071842_6c905c6/execution
  response:
    body:
      string: '{"finished_executions": 2, "total_executions": 3, "status": "running",
        "progresses": [{"message": "Simulating", "percentage": 0.0, "done": true,
        "stage": "compilation"}, {"message": "Simulation at time 1", "percentage":
        1.0, "done": true, "stage": "simulation"}, {"message": "Simulating", "percentage":
        0.0, "done": false, "stage": "compilation"}]}'
    headers:
      Connection:
      - keep-alive
      Content-Type:
      - application/json; charset=utf-8
      access-control-allow-headers:
      - '*'
      access-control-allow-methods:
      - POST, PUT, GET, DELETE, OPTIONS
      access-control-allow-origin:
      - '*'
      vary:
      - Accept-Encoding
      x-powered-by:
      - Express
    status:
      code: 200
      message: OK
- request:
    body: null
    headers:
      Accept:
      - '*/*'
      Accept-Encoding:
      - gzip, deflate
      Connection:
      - keep-alive
    method: GET
    uri: /user/5c18f9f3-ef07-453a-9965-9de61f6d53f4/impact/api/workspaces/impact-python-client-workspace1/experiments/modelica_blocks_examples_pid_controller_20240818_071842_6c905c6/execution
  response:
    body:
      string: '{"finished_executions": 2, "total_executions": 3, "status": "running",
        "progresses": [{"message": "Simulating", "percentage": 0.0, "done": true,
        "stage": "compilation"}, {"message": "Simulation at time 1", "percentage":
        1.0, "done": true, "stage": "simulation"}, {"message": "Simulating", "percentage":
        0.0, "done": false, "stage": "compilation"}]}'
    headers:
      Connection:
      - keep-alive
      Content-Type:
      - application/json; charset=utf-8
      access-control-allow-headers:
      - '*'
      access-control-allow-methods:
      - POST, PUT, GET, DELETE, OPTIONS
      access-control-allow-origin:
      - '*'
      vary:
      - Accept-Encoding
      x-powered-by:
      - Express
    status:
      code: 200
      message: OK
- request:
    body: null
    headers:
      Accept:
      - '*/*'
      Accept-Encoding:
      - gzip, deflate
      Connection:
      - keep-alive
    method: GET
    uri: /user/5c18f9f3-ef07-453a-9965-9de61f6d53f4/impact/api/workspaces/impact-python-client-workspace1/experiments/modelica_blocks_examples_pid_controller_20240818_071842_6c905c6/execution
  response:
    body:
      string: '{"finished_executions": 2, "total_executions": 3, "status": "running",
        "progresses": [{"message": "Simulating", "percentage": 0.0, "done": true,
        "stage": "compilation"}, {"message": "Simulation at time 1", "percentage":
        1.0, "done": true, "stage": "simulation"}, {"message": "Simulating", "percentage":
        0.0, "done": false, "stage": "compilation"}]}'
    headers:
      Connection:
      - keep-alive
      Content-Type:
      - application/json; charset=utf-8
      access-control-allow-headers:
      - '*'
      access-control-allow-methods:
      - POST, PUT, GET, DELETE, OPTIONS
      access-control-allow-origin:
      - '*'
      vary:
      - Accept-Encoding
      x-powered-by:
      - Express
    status:
      code: 200
      message: OK
- request:
    body: null
    headers:
      Accept:
      - '*/*'
      Accept-Encoding:
      - gzip, deflate
      Connection:
      - keep-alive
    method: GET
    uri: /user/5c18f9f3-ef07-453a-9965-9de61f6d53f4/impact/api/workspaces/impact-python-client-workspace1/experiments/modelica_blocks_examples_pid_controller_20240818_071842_6c905c6/execution
  response:
    body:
      string: '{"finished_executions": 2, "total_executions": 3, "status": "running",
        "progresses": [{"message": "Simulating", "percentage": 0.0, "done": true,
        "stage": "compilation"}, {"message": "Simulation at time 1", "percentage":
        1.0, "done": true, "stage": "simulation"}, {"message": "Simulating", "percentage":
        0.0, "done": false, "stage": "compilation"}]}'
    headers:
      Connection:
      - keep-alive
      Content-Type:
      - application/json; charset=utf-8
      access-control-allow-headers:
      - '*'
      access-control-allow-methods:
      - POST, PUT, GET, DELETE, OPTIONS
      access-control-allow-origin:
      - '*'
      vary:
      - Accept-Encoding
      x-powered-by:
      - Express
    status:
      code: 200
      message: OK
- request:
    body: null
    headers:
      Accept:
      - '*/*'
      Accept-Encoding:
      - gzip, deflate
      Connection:
      - keep-alive
    method: GET
    uri: /user/5c18f9f3-ef07-453a-9965-9de61f6d53f4/impact/api/workspaces/impact-python-client-workspace1/experiments/modelica_blocks_examples_pid_controller_20240818_071842_6c905c6/execution
  response:
    body:
      string: '{"finished_executions": 2, "total_executions": 3, "status": "running",
        "progresses": [{"message": "Simulating", "percentage": 0.0, "done": true,
        "stage": "compilation"}, {"message": "Simulation at time 1", "percentage":
        1.0, "done": true, "stage": "simulation"}, {"message": "Simulating", "percentage":
        0.0, "done": false, "stage": "compilation"}]}'
    headers:
      Connection:
      - keep-alive
      Content-Type:
      - application/json; charset=utf-8
      access-control-allow-headers:
      - '*'
      access-control-allow-methods:
      - POST, PUT, GET, DELETE, OPTIONS
      access-control-allow-origin:
      - '*'
      vary:
      - Accept-Encoding
      x-powered-by:
      - Express
    status:
      code: 200
      message: OK
- request:
    body: null
    headers:
      Accept:
      - '*/*'
      Accept-Encoding:
      - gzip, deflate
      Connection:
      - keep-alive
    method: GET
    uri: /user/5c18f9f3-ef07-453a-9965-9de61f6d53f4/impact/api/workspaces/impact-python-client-workspace1/experiments/modelica_blocks_examples_pid_controller_20240818_071842_6c905c6/execution
  response:
    body:
      string: '{"finished_executions": 4, "total_executions": 4, "status": "done",
        "progresses": [{"message": "Simulating", "percentage": 0.0, "done": true,
        "stage": "compilation"}, {"message": "Simulation at time 1", "percentage":
        1.0, "done": true, "stage": "simulation"}, {"message": "Simulating", "percentage":
        0.0, "done": true, "stage": "compilation"}, {"message": "Simulation at time
        1", "percentage": 1.0, "done": true, "stage": "simulation"}]}'
    headers:
      Connection:
      - keep-alive
      Content-Type:
      - application/json; charset=utf-8
      access-control-allow-headers:
      - '*'
      access-control-allow-methods:
      - POST, PUT, GET, DELETE, OPTIONS
      access-control-allow-origin:
      - '*'
      vary:
      - Accept-Encoding
      x-powered-by:
      - Express
    status:
      code: 200
      message: OK
- request:
    body: null
    headers:
      Accept:
      - '*/*'
      Accept-Encoding:
      - gzip, deflate
      Connection:
      - keep-alive
    method: GET
    uri: /user/5c18f9f3-ef07-453a-9965-9de61f6d53f4/impact/api/workspaces/impact-python-client-workspace1/experiments/modelica_blocks_examples_pid_controller_20240818_071842_6c905c6/execution
  response:
    body:
      string: '{"finished_executions": 4, "total_executions": 4, "status": "done",
        "progresses": [{"message": "Simulating", "percentage": 0.0, "done": true,
        "stage": "compilation"}, {"message": "Simulation at time 1", "percentage":
        1.0, "done": true, "stage": "simulation"}, {"message": "Simulating", "percentage":
        0.0, "done": true, "stage": "compilation"}, {"message": "Simulation at time
        1", "percentage": 1.0, "done": true, "stage": "simulation"}]}'
    headers:
      Connection:
      - keep-alive
      Content-Type:
      - application/json; charset=utf-8
      access-control-allow-headers:
      - '*'
      access-control-allow-methods:
      - POST, PUT, GET, DELETE, OPTIONS
      access-control-allow-origin:
      - '*'
      vary:
      - Accept-Encoding
      x-powered-by:
      - Express
    status:
      code: 200
      message: OK
- request:
    body: null
    headers:
      Accept:
      - '*/*'
      Accept-Encoding:
      - gzip, deflate
      Connection:
      - keep-alive
    method: GET
    uri: /user/5c18f9f3-ef07-453a-9965-9de61f6d53f4/impact/api/workspaces/impact-python-client-workspace1/experiments/modelica_blocks_examples_pid_controller_20240818_071842_6c905c6/execution
  response:
    body:
      string: '{"finished_executions": 4, "total_executions": 4, "status": "done",
        "progresses": [{"message": "Simulating", "percentage": 0.0, "done": true,
        "stage": "compilation"}, {"message": "Simulation at time 1", "percentage":
        1.0, "done": true, "stage": "simulation"}, {"message": "Simulating", "percentage":
        0.0, "done": true, "stage": "compilation"}, {"message": "Simulation at time
        1", "percentage": 1.0, "done": true, "stage": "simulation"}]}'
    headers:
      Connection:
      - keep-alive
      Content-Type:
      - application/json; charset=utf-8
      access-control-allow-headers:
      - '*'
      access-control-allow-methods:
      - POST, PUT, GET, DELETE, OPTIONS
      access-control-allow-origin:
      - '*'
      vary:
      - Accept-Encoding
      x-powered-by:
      - Express
    status:
      code: 200
      message: OK
- request:
    body: null
    headers:
      Accept:
      - '*/*'
      Accept-Encoding:
      - gzip, deflate
      Connection:
      - keep-alive
    method: GET
    uri: /user/5c18f9f3-ef07-453a-9965-9de61f6d53f4/impact/api/workspaces/impact-python-client-workspace1/model-executables/modelica_blocks_examples_pid_controller_20240818_071844_eeebd9e/compilation
  response:
    body:
      string: '{"finished_executions": 1, "total_executions": 1, "status": "done",
        "progresses": [{"message": "Simulating", "percentage": 0.0, "done": true,
        "stage": "compilation"}]}'
    headers:
      Connection:
      - keep-alive
      Content-Type:
      - application/json; charset=utf-8
      access-control-allow-headers:
      - '*'
      access-control-allow-methods:
      - POST, PUT, GET, DELETE, OPTIONS
      access-control-allow-origin:
      - '*'
      vary:
      - Accept-Encoding
      x-powered-by:
      - Express
    status:
      code: 200
      message: OK
- request:
    body: null
    headers:
      Accept:
      - '*/*'
      Accept-Encoding:
      - gzip, deflate
      Connection:
      - keep-alive
    method: GET
    uri: /user/5c18f9f3-ef07-453a-9965-9de61f6d53f4/impact/api/workspaces/impact-python-client-workspace1/model-executables/modelica_blocks_examples_pid_controller_20240818_071844_eeebd9e/compilation
  response:
    body:
      string: '{"finished_executions": 1, "total_executions": 1, "status": "done",
        "progresses": [{"message": "Simulating", "percentage": 0.0, "done": true,
        "stage": "compilation"}]}'
    headers:
      Connection:
      - keep-alive
      Content-Type:
      - application/json; charset=utf-8
      access-control-allow-headers:
      - '*'
      access-control-allow-methods:
      - POST, PUT, GET, DELETE, OPTIONS
      access-control-allow-origin:
      - '*'
      vary:
      - Accept-Encoding
      x-powered-by:
      - Express
    status:
      code: 200
      message: OK
- request:
    body: null
    headers:
      Accept:
      - '*/*'
      Accept-Encoding:
      - gzip, deflate
      Connection:
      - keep-alive
    method: GET
    uri: /user/5c18f9f3-ef07-453a-9965-9de61f6d53f4/impact/api/workspaces/impact-python-client-workspace1/model-executables/modelica_blocks_examples_pid_controller_20240818_071844_eeebd9e/compilation
  response:
    body:
      string: '{"finished_executions": 1, "total_executions": 1, "status": "done",
        "progresses": [{"message": "Simulating", "percentage": 0.0, "done": true,
        "stage": "compilation"}]}'
    headers:
      Connection:
      - keep-alive
      Content-Type:
      - application/json; charset=utf-8
      access-control-allow-headers:
      - '*'
      access-control-allow-methods:
      - POST, PUT, GET, DELETE, OPTIONS
      access-control-allow-origin:
      - '*'
      vary:
      - Accept-Encoding
      x-powered-by:
      - Express
    status:
      code: 200
      message: OK
- request:
    body: null
    headers:
      Accept:
      - '*/*'
      Accept-Encoding:
      - gzip, deflate
      Connection:
      - keep-alive
    method: GET
    uri: /user/5c18f9f3-ef07-453a-9965-9de61f6d53f4/impact/api/workspaces
  response:
    body:
      string: '{"data": {"items": [{"definition": {"name": "impact-python-client-workspace1",
        "description": "", "defaultProjectId": "8846294a20508e6aa118a9663cb8f0a41ccdc038",
        "projects": [{"reference": {"id": "8846294a20508e6aa118a9663cb8f0a41ccdc038"},
        "disabled": false, "disabledContent": []}], "dependencies": [{"reference":
        {"id": "fec43f77925949bd7e7c0f10ac49ebc1189dc840", "name": "Modelica", "version":
        "3.2.3"}, "disabled": true, "disabledContent": []}, {"reference": {"id": "ac04a5da97bc2e11bffb7f41b2485da347846df6",
        "name": "Modelica", "version": "4.0.0"}, "disabled": false, "disabledContent":
        []}], "format": "1.0.0", "guid": "4bea4f4385494045ab5155dea14d4095", "createdBy":
        "5c18f9f3-ef07-453a-9965-9de61f6d53f4", "createdAt": 1723965519889}, "id":
        "impact-python-client-workspace1", "conversion": {"state": "UP_TO_DATE"}}]}}'
    headers:
      Connection:
      - keep-alive
      Content-Type:
      - application/json; charset=utf-8
      access-control-allow-headers:
      - '*'
      access-control-allow-methods:
      - POST, PUT, GET, DELETE, OPTIONS
      access-control-allow-origin:
      - '*'
      vary:
      - Accept-Encoding
      x-powered-by:
      - Express
    status:
      code: 200
      message: OK
- request:
    body: null
    headers:
      Accept:
      - '*/*'
      Accept-Encoding:
      - gzip, deflate
      Connection:
      - keep-alive
    method: GET
    uri: /user/5c18f9f3-ef07-453a-9965-9de61f6d53f4/impact/api/workspaces/impact-python-client-workspace1
  response:
    body:
      string: '{"definition": {"name": "impact-python-client-workspace1", "description":
        "", "defaultProjectId": "8846294a20508e6aa118a9663cb8f0a41ccdc038", "projects":
        [{"reference": {"id": "8846294a20508e6aa118a9663cb8f0a41ccdc038"}, "disabled":
        false, "disabledContent": []}], "dependencies": [{"reference": {"id": "fec43f77925949bd7e7c0f10ac49ebc1189dc840",
        "name": "Modelica", "version": "3.2.3"}, "disabled": true, "disabledContent":
        []}, {"reference": {"id": "ac04a5da97bc2e11bffb7f41b2485da347846df6", "name":
        "Modelica", "version": "4.0.0"}, "disabled": false, "disabledContent": []}],
        "format": "1.0.0", "guid": "4bea4f4385494045ab5155dea14d4095", "createdBy":
        "5c18f9f3-ef07-453a-9965-9de61f6d53f4", "createdAt": 1723965519889}, "id":
        "impact-python-client-workspace1", "conversion": {"state": "UP_TO_DATE"}}'
    headers:
      Connection:
      - keep-alive
      Content-Type:
      - application/json; charset=utf-8
      access-control-allow-headers:
      - '*'
      access-control-allow-methods:
      - POST, PUT, GET, DELETE, OPTIONS
      access-control-allow-origin:
      - '*'
      vary:
      - Accept-Encoding
      x-powered-by:
      - Express
    status:
      code: 200
      message: OK
- request:
    body: null
    headers:
      Accept:
      - '*/*'
      Accept-Encoding:
      - gzip, deflate
      Connection:
      - keep-alive
    method: GET
    uri: /user/5c18f9f3-ef07-453a-9965-9de61f6d53f4/impact/api/workspaces/impact-python-client-workspace1/projects
  response:
    body:
      string: '{"data": {"items": [{"id": "8846294a20508e6aa118a9663cb8f0a41ccdc038",
        "definition": {"name": "Project", "format": "1.0.0", "dependencies": [{"name":
        "Modelica", "versionSpecifier": "4.0.0"}], "content": [{"relpath": "Resources/Views",
        "contentType": "VIEWS", "defaultDisabled": false, "id": "443a4c28749d4bbcb94589e32656ea09"},
        {"relpath": "Resources/Favorites", "contentType": "FAVORITES", "defaultDisabled":
        false, "id": "7d09da12231c4c169159b096dd00b994"}, {"relpath": "Resources/CustomFunctions",
        "contentType": "CUSTOM_FUNCTIONS", "defaultDisabled": false, "id": "0a1a627694194361a0f8bcce8b7111a0"},
        {"relpath": "Resources/Custom", "contentType": "GENERIC", "defaultDisabled":
        false, "id": "6ee2f6bf1a0f42be82c1cdb548352d60"}, {"relpath": "ReferenceResults",
        "contentType": "REFERENCE_RESULTS", "defaultDisabled": false, "id": "90fc337c9c6a4d9084186568664d3b44"},
        {"relpath": "Resources/ExperimentDefinitions", "contentType": "EXPERIMENT_DEFINITIONS",
        "defaultDisabled": false, "id": "45b8a2cce6554d93ac07ee0bcc923d26"}], "executionOptions":
        []}, "projectType": "LOCAL", "storageLocation": "USERSPACE"}]}}'
    headers:
      Connection:
      - keep-alive
      Content-Type:
      - application/json; charset=utf-8
      access-control-allow-headers:
      - '*'
      access-control-allow-methods:
      - POST, PUT, GET, DELETE, OPTIONS
      access-control-allow-origin:
      - '*'
      content-length:
      - '1043'
      vary:
      - Accept-Encoding
      x-powered-by:
      - Express
    status:
      code: 200
      message: OK
- request:
    body: null
    headers:
      Accept:
      - '*/*'
      Accept-Encoding:
      - gzip, deflate
      Connection:
      - keep-alive
      Content-Length:
      - '0'
    method: DELETE
    uri: /user/5c18f9f3-ef07-453a-9965-9de61f6d53f4/impact/api/projects/8846294a20508e6aa118a9663cb8f0a41ccdc038
  response:
    body:
      string: '{"id": "8846294a20508e6aa118a9663cb8f0a41ccdc038", "definition": {"name":
        "Project", "format": "1.0.0", "dependencies": [{"name": "Modelica", "versionSpecifier":
        "4.0.0"}], "content": [{"relpath": "Resources/Views", "contentType": "VIEWS",
        "defaultDisabled": false, "id": "443a4c28749d4bbcb94589e32656ea09"}, {"relpath":
        "Resources/Favorites", "contentType": "FAVORITES", "defaultDisabled": false,
        "id": "7d09da12231c4c169159b096dd00b994"}, {"relpath": "Resources/CustomFunctions",
        "contentType": "CUSTOM_FUNCTIONS", "defaultDisabled": false, "id": "0a1a627694194361a0f8bcce8b7111a0"},
        {"relpath": "Resources/Custom", "contentType": "GENERIC", "defaultDisabled":
        false, "id": "6ee2f6bf1a0f42be82c1cdb548352d60"}, {"relpath": "ReferenceResults",
        "contentType": "REFERENCE_RESULTS", "defaultDisabled": false, "id": "90fc337c9c6a4d9084186568664d3b44"},
        {"relpath": "Resources/ExperimentDefinitions", "contentType": "EXPERIMENT_DEFINITIONS",
        "defaultDisabled": false, "id": "45b8a2cce6554d93ac07ee0bcc923d26"}], "executionOptions":
        []}, "projectType": "LOCAL", "storageLocation": "USERSPACE"}'
    headers:
      Connection:
      - keep-alive
      Content-Type:
      - application/json; charset=utf-8
      access-control-allow-headers:
      - '*'
      access-control-allow-methods:
      - POST, PUT, GET, DELETE, OPTIONS
      access-control-allow-origin:
      - '*'
      vary:
      - Accept-Encoding
      x-powered-by:
      - Express
    status:
      code: 200
      message: OK
- request:
    body: null
    headers:
      Accept:
      - '*/*'
      Accept-Encoding:
      - gzip, deflate
      Connection:
      - keep-alive
      Content-Length:
      - '0'
    method: DELETE
    uri: /user/5c18f9f3-ef07-453a-9965-9de61f6d53f4/impact/api/workspaces/impact-python-client-workspace1
  response:
    body:
      string: ''
    headers:
      Connection:
      - keep-alive
      Content-Type:
      - application/json; charset=utf-8
      access-control-allow-headers:
      - '*'
      access-control-allow-methods:
      - POST, PUT, GET, DELETE, OPTIONS
      access-control-allow-origin:
      - '*'
      vary:
      - Accept-Encoding
      x-powered-by:
      - Express
    status:
      code: 200
      message: OK
version: 1
